Archive member included to satisfy reference by file (symbol)

c:/Users/pc/Documents/GitHub/ATC_BLE_OEPL_CH573/ATC_BLE_OEPL_CH573F_MounRiverProject/StdPeriphDriver\libISP573.a(ISP573.o)
                              ./src/MCU.o (FLASH_EEPROM_CMD)
c:/Users/pc/Documents/GitHub/ATC_BLE_OEPL_CH573/ATC_BLE_OEPL_CH573F_MounRiverProject/StdPeriphDriver\libCH57xBLE.a(message.o)
                              ./src/MCU.o (tmos_msg_deallocate)
c:/Users/pc/Documents/GitHub/ATC_BLE_OEPL_CH573/ATC_BLE_OEPL_CH573F_MounRiverProject/StdPeriphDriver\libCH57xBLE.a(tmos.o)
                              ./src/gattprofile.o (tmos_memcpy)
c:/Users/pc/Documents/GitHub/ATC_BLE_OEPL_CH573/ATC_BLE_OEPL_CH573F_MounRiverProject/StdPeriphDriver\libCH57xBLE.a(tmos_hw.o)
                              c:/Users/pc/Documents/GitHub/ATC_BLE_OEPL_CH573/ATC_BLE_OEPL_CH573F_MounRiverProject/StdPeriphDriver\libCH57xBLE.a(tmos.o) (RTC_Get32KClock)
c:/Users/pc/Documents/GitHub/ATC_BLE_OEPL_CH573/ATC_BLE_OEPL_CH573F_MounRiverProject/StdPeriphDriver\libCH57xBLE.a(tmos_snv.o)
                              c:/Users/pc/Documents/GitHub/ATC_BLE_OEPL_CH573/ATC_BLE_OEPL_CH573F_MounRiverProject/StdPeriphDriver\libCH57xBLE.a(tmos.o) (tmos_snv_init)
c:/Users/pc/Documents/GitHub/ATC_BLE_OEPL_CH573/ATC_BLE_OEPL_CH573F_MounRiverProject/StdPeriphDriver\libCH57xBLE.a(gap.o)
                              ./src/peripheral.o (GAP_SetParamValue)
c:/Users/pc/Documents/GitHub/ATC_BLE_OEPL_CH573/ATC_BLE_OEPL_CH573F_MounRiverProject/StdPeriphDriver\libCH57xBLE.a(gap_central.o)
                              c:/Users/pc/Documents/GitHub/ATC_BLE_OEPL_CH573/ATC_BLE_OEPL_CH573F_MounRiverProject/StdPeriphDriver\libCH57xBLE.a(gap.o) (GAP_CentralParamInit)
c:/Users/pc/Documents/GitHub/ATC_BLE_OEPL_CH573/ATC_BLE_OEPL_CH573F_MounRiverProject/StdPeriphDriver\libCH57xBLE.a(gap_peripheral.o)
                              c:/Users/pc/Documents/GitHub/ATC_BLE_OEPL_CH573/ATC_BLE_OEPL_CH573F_MounRiverProject/StdPeriphDriver\libCH57xBLE.a(gap.o) (GAP_PeripheralParamInit)
c:/Users/pc/Documents/GitHub/ATC_BLE_OEPL_CH573/ATC_BLE_OEPL_CH573F_MounRiverProject/StdPeriphDriver\libCH57xBLE.a(gapgattserver.o)
                              ./src/peripheral.o (GGS_SetParameter)
c:/Users/pc/Documents/GitHub/ATC_BLE_OEPL_CH573/ATC_BLE_OEPL_CH573F_MounRiverProject/StdPeriphDriver\libCH57xBLE.a(gatt.o)
                              ./src/peripheral.o (GATT_bm_alloc)
c:/Users/pc/Documents/GitHub/ATC_BLE_OEPL_CH573/ATC_BLE_OEPL_CH573F_MounRiverProject/StdPeriphDriver\libCH57xBLE.a(gatt_uuid.o)
                              c:/Users/pc/Documents/GitHub/ATC_BLE_OEPL_CH573/ATC_BLE_OEPL_CH573F_MounRiverProject/StdPeriphDriver\libCH57xBLE.a(gatt.o) (serviceChangedUUID)
c:/Users/pc/Documents/GitHub/ATC_BLE_OEPL_CH573/ATC_BLE_OEPL_CH573F_MounRiverProject/StdPeriphDriver\libCH57xBLE.a(gattclientapp.o)
                              c:/Users/pc/Documents/GitHub/ATC_BLE_OEPL_CH573/ATC_BLE_OEPL_CH573F_MounRiverProject/StdPeriphDriver\libCH57xBLE.a(gatt.o) (gattGetClientStatus)
c:/Users/pc/Documents/GitHub/ATC_BLE_OEPL_CH573/ATC_BLE_OEPL_CH573F_MounRiverProject/StdPeriphDriver\libCH57xBLE.a(gattservapp.o)
                              ./src/gattprofile.o (GATTServApp_ReadCharCfg)
c:/Users/pc/Documents/GitHub/ATC_BLE_OEPL_CH573/ATC_BLE_OEPL_CH573F_MounRiverProject/StdPeriphDriver\libCH57xBLE.a(l2cap.o)
                              c:/Users/pc/Documents/GitHub/ATC_BLE_OEPL_CH573/ATC_BLE_OEPL_CH573F_MounRiverProject/StdPeriphDriver\libCH57xBLE.a(gatt.o) (L2CAP_GetMTU)
c:/Users/pc/Documents/GitHub/ATC_BLE_OEPL_CH573/ATC_BLE_OEPL_CH573F_MounRiverProject/StdPeriphDriver\libCH57xBLE.a(l2cap_input.o)
                              c:/Users/pc/Documents/GitHub/ATC_BLE_OEPL_CH573/ATC_BLE_OEPL_CH573F_MounRiverProject/StdPeriphDriver\libCH57xBLE.a(l2cap.o) (l2capProcessRxData)
c:/Users/pc/Documents/GitHub/ATC_BLE_OEPL_CH573/ATC_BLE_OEPL_CH573F_MounRiverProject/StdPeriphDriver\libCH57xBLE.a(l2cap_output.o)
                              c:/Users/pc/Documents/GitHub/ATC_BLE_OEPL_CH573/ATC_BLE_OEPL_CH573F_MounRiverProject/StdPeriphDriver\libCH57xBLE.a(l2cap_input.o) (l2capNotifyData)
c:/Users/pc/Documents/GitHub/ATC_BLE_OEPL_CH573/ATC_BLE_OEPL_CH573F_MounRiverProject/StdPeriphDriver\libCH57xBLE.a(l2cap_sdu.o)
                              c:/Users/pc/Documents/GitHub/ATC_BLE_OEPL_CH573/ATC_BLE_OEPL_CH573F_MounRiverProject/StdPeriphDriver\libCH57xBLE.a(l2cap_input.o) (l2capBuildDisconnectRsp)
c:/Users/pc/Documents/GitHub/ATC_BLE_OEPL_CH573/ATC_BLE_OEPL_CH573F_MounRiverProject/StdPeriphDriver\libCH57xBLE.a(linkdb.o)
                              c:/Users/pc/Documents/GitHub/ATC_BLE_OEPL_CH573/ATC_BLE_OEPL_CH573F_MounRiverProject/StdPeriphDriver\libCH57xBLE.a(l2cap.o) (linkDB_Init)
c:/Users/pc/Documents/GitHub/ATC_BLE_OEPL_CH573/ATC_BLE_OEPL_CH573F_MounRiverProject/StdPeriphDriver\libCH57xBLE.a(sm.o)
[...]
Memory Configuration

Name             Origin             Length             Attributes
FLASH            0x0000000000000000 0x0000000000070000 xr
RAM              0x0000000020003800 0x0000000000004800 xrw
*default*        0x0000000000000000 0xffffffffffffffff

Linker script and memory map

LOAD ./src/MCU.o
LOAD ./src/RTC.o
LOAD ./src/SLEEP.o
LOAD ./src/app_bleCmdHandle.o
LOAD ./src/drawing.o
LOAD ./src/eeprom.o
LOAD ./src/epd.o
LOAD ./src/epd_ssd.o
LOAD ./src/epd_uc.o
LOAD ./src/gattprofile.o
LOAD ./src/main.o
LOAD ./src/nfc.o
LOAD ./src/peripheral.o
LOAD ./src/settings.o
LOAD ./StdPeriphDriver/CH57x_adc.o
LOAD ./StdPeriphDriver/CH57x_clk.o
LOAD ./StdPeriphDriver/CH57x_flash.o
LOAD ./StdPeriphDriver/CH57x_gpio.o
LOAD ./StdPeriphDriver/CH57x_pwr.o
LOAD ./StdPeriphDriver/CH57x_sys.o
LOAD ./StdPeriphDriver/CH57x_uart0.o
LOAD ./StdPeriphDriver/CH57x_uart1.o
LOAD ./Startup/startup_CH573.o
LOAD ./RVMSIS/core_riscv.o
LOAD c:/Users/pc/Documents/GitHub/ATC_BLE_OEPL_CH573/ATC_BLE_OEPL_CH573F_MounRiverProject/StdPeriphDriver\libISP573.a
LOAD c:/Users/pc/Documents/GitHub/ATC_BLE_OEPL_CH573/ATC_BLE_OEPL_CH573F_MounRiverProject/StdPeriphDriver\libCH57xBLE.a
LOAD c:/mounriver/mounriver_studio2/resources/app/resources/win32/components/wch/toolchain/risc-v embedded gcc/bin/../lib/gcc/riscv-none-embed/8.2.0/rv32imac/ilp32\libgcc.a
LOAD c:/mounriver/mounriver_studio2/resources/app/resources/win32/components/wch/toolchain/risc-v embedded gcc/bin/../lib/gcc/riscv-none-embed/8.2.0/../../../../riscv-none-embed/lib/rv32imac/ilp32\libg_nano.a
LOAD c:/mounriver/mounriver_studio2/resources/app/resources/win32/components/wch/toolchain/risc-v embedded gcc/bin/../lib/gcc/riscv-none-embed/8.2.0/../../../../riscv-none-embed/lib/rv32imac/ilp32\libc_nano.a
LOAD c:/mounriver/mounriver_studio2/resources/app/resources/win32/components/wch/toolchain/risc-v embedded gcc/bin/../lib/gcc/riscv-none-embed/8.2.0/rv32imac/ilp32\libgcc.a
START GROUP
LOAD c:/mounriver/mounriver_studio2/resources/app/resources/win32/components/wch/toolchain/risc-v embedded gcc/bin/../lib/gcc/riscv-none-embed/8.2.0/rv32imac/ilp32\libgcc.a
LOAD c:/mounriver/mounriver_studio2/resources/app/resources/win32/components/wch/toolchain/risc-v embedded gcc/bin/../lib/gcc/riscv-none-embed/8.2.0/../../../../riscv-none-embed/lib/rv32imac/ilp32\libc_nano.a
LOAD c:/mounriver/mounriver_studio2/resources/app/resources/win32/components/wch/toolchain/risc-v embedded gcc/bin/../lib/gcc/riscv-none-embed/8.2.0/../../../../riscv-none-embed/lib/rv32imac/ilp32\libnosys.a
END GROUP
START GROUP
LOAD c:/mounriver/mounriver_studio2/resources/app/resources/win32/components/wch/toolchain/risc-v embedded gcc/bin/../lib/gcc/riscv-none-embed/8.2.0/rv32imac/ilp32\libgcc.a
LOAD c:/mounriver/mounriver_studio2/resources/app/resources/win32/components/wch/toolchain/risc-v embedded gcc/bin/../lib/gcc/riscv-none-embed/8.2.0/../../../../riscv-none-embed/lib/rv32imac/ilp32\libc_nano.a
LOAD c:/mounriver/mounriver_studio2/resources/app/resources/win32/components/wch/toolchain/risc-v embedded gcc/bin/../lib/gcc/riscv-none-embed/8.2.0/../../../../riscv-none-embed/lib/rv32imac/ilp32\libnosys.a
END GROUP
                0x0000000000000200                __stack_size = 0x200
                [!provide]                        PROVIDE (_stack_size = __stack_size)

.init           0x0000000000000000        0x4
                0x0000000000000000                _sinit = .
                0x0000000000000000                . = ALIGN (0x4)
 *(SORT_NONE(.init))
 .init          0x0000000000000000        0x4 ./Startup/startup_CH573.o
                0x0000000000000000                _start
                0x0000000000000004                . = ALIGN (0x4)
                0x0000000000000004                _einit = .

.highcodelalign
                0x0000000000000004        0x0
                0x0000000000000004                . = ALIGN (0x4)
                0x0000000000000004                PROVIDE (_highcode_lma = .)

.highcode       0x0000000020003800     0x147c load address 0x0000000000000004
                0x0000000020003800                . = ALIGN (0x4)
                0x0000000020003800                PROVIDE (_highcode_vma_start = .)
 *(.vector)
 .vector        0x0000000020003800       0x90 ./Startup/startup_CH573.o
 *(SORT_NONE(.vector_handler))
 .vector_handler
                0x0000000020003890       0x2c ./Startup/startup_CH573.o
                0x0000000020003890                NMI_Handler
                0x0000000020003894                SysTick_Handler
                0x0000000020003896                SW_Handler
                0x0000000020003898                TMR0_IRQHandler
                0x000000002000389a                GPIOA_IRQHandler
                0x000000002000389c                GPIOB_IRQHandler
                0x000000002000389e                SPI0_IRQHandler
                0x00000000200038a0                BB_IRQHandler
                0x00000000200038a2                LLE_IRQHandler
                0x00000000200038a4                USB_IRQHandler
                0x00000000200038a6                TMR1_IRQHandler
                0x00000000200038a8                TMR2_IRQHandler
                0x00000000200038aa                UART0_IRQHandler
                0x00000000200038ac                UART1_IRQHandler
                0x00000000200038b0                ADC_IRQHandler
                0x00000000200038b2                PWMX_IRQHandler
                0x00000000200038b4                TMR3_IRQHandler
                0x00000000200038b6                UART2_IRQHandler
                0x00000000200038b8                UART3_IRQHandler
                0x00000000200038ba                WDOG_BAT_IRQHandler
 *(.highcode)
 .highcode      0x00000000200038bc       0x16 ./src/RTC.o
                0x00000000200038bc                RTC_IRQHandler
 .highcode      0x00000000200038d2       0x34 ./src/main.o
                0x00000000200038d2                Main_Circulation
 .highcode      0x0000000020003906       0x4a ./StdPeriphDriver/CH57x_clk.o
                0x0000000020003906                Get_Calibration_Cnt_RAM
 .highcode      0x0000000020003950      0x2b8 ./StdPeriphDriver/CH57x_pwr.o
                0x0000000020003950                LowPower_Idle
                0x000000002000398e                LowPower_Halt
                0x0000000020003a4a                LowPower_Sleep
                0x0000000020003b3a                LowPower_Shutdown
 .highcode      0x0000000020003c08      0x1a8 ./StdPeriphDriver/CH57x_sys.o
                0x0000000020003c08                SetSysClock
                0x0000000020003d04                SYS_ResetExecute
                0x0000000020003d3c                HardFault_Handler
                0x0000000020003d7a                mDelayuS
                0x0000000020003d88                mDelaymS
 .highcode      0x0000000020003db0      0x3ee c:/Users/pc/Documents/GitHub/ATC_BLE_OEPL_CH573/ATC_BLE_OEPL_CH573F_MounRiverProject/StdPeriphDriver\libISP573.a(ISP573.o)
                0x0000000020003db0                FLASH_ROM_BEG
                0x0000000020003dc2                FLASH_ROM_END
                0x0000000020003dd0                FLASH_ROM_IN
                0x0000000020003dde                FLASH_ROM_OUT
                0x0000000020003dec                FLASH_ROM_ADDR
                0x0000000020003e34                FLASH_ROM_WAIT
                0x0000000020003e6c                FLASH_EEPROM_CMD
 .highcode      0x000000002000419e      0x230 c:/Users/pc/Documents/GitHub/ATC_BLE_OEPL_CH573/ATC_BLE_OEPL_CH573F_MounRiverProject/StdPeriphDriver\libCH57xBLE.a(tmos.o)
                0x00000000200041ba                tmos_memcpy
                0x00000000200041da                tmos_memcpy_word
                0x00000000200041f6                TMOS_SystemProcess
 .highcode      0x00000000200043ce       0xc2 c:/Users/pc/Documents/GitHub/ATC_BLE_OEPL_CH573/ATC_BLE_OEPL_CH573F_MounRiverProject/StdPeriphDriver\libCH57xBLE.a(tmos_hw.o)
                0x00000000200043ce                BLE_GetHSEClock
                0x000000002000440c                RTC_Get32KClock
                0x0000000020004424                SYS_GetTickCount
 .highcode      0x0000000020004490      0x138 c:/Users/pc/Documents/GitHub/ATC_BLE_OEPL_CH573/ATC_BLE_OEPL_CH573F_MounRiverProject/StdPeriphDriver\libCH57xBLE.a(ll_connect.o)
                0x0000000020004490                ll_connect_process_data
                0x00000000200044de                ll_connect_event_continue
 .highcode      0x00000000200045c8      0x1b8 c:/Users/pc/Documents/GitHub/ATC_BLE_OEPL_CH573/ATC_BLE_OEPL_CH573F_MounRiverProject/StdPeriphDriver\libCH57xBLE.a(bb.o)
                0x00000000200045c8                BB_RAM_IRQHandler
 .highcode      0x0000000020004780      0x198 c:/Users/pc/Documents/GitHub/ATC_BLE_OEPL_CH573/ATC_BLE_OEPL_CH573F_MounRiverProject/StdPeriphDriver\libCH57xBLE.a(ip.o)
                0x0000000020004780                ll_tx_wait_finish
                0x00000000200047ac                ll_tx_wait_tx_dma
                0x000000002000480a                ll_rx_wait_finish
                0x0000000020004840                ll_rx_wait_tx_dma
                0x000000002000488e                ble_ll_chkcrc
 .highcode      0x0000000020004918      0x17c c:/Users/pc/Documents/GitHub/ATC_BLE_OEPL_CH573/ATC_BLE_OEPL_CH573F_MounRiverProject/StdPeriphDriver\libCH57xBLE.a(lle.o)
                0x0000000020004918                LLE_RAM_IRQHandler
 .highcode      0x0000000020004a94       0x82 c:/Users/pc/Documents/GitHub/ATC_BLE_OEPL_CH573/ATC_BLE_OEPL_CH573F_MounRiverProject/StdPeriphDriver\libCH57xBLE.a(rf_fh.o)
                0x0000000020004a94                RF_HopGetChannel
 .highcode      0x0000000020004b16       0x2c c:/Users/pc/Documents/GitHub/ATC_BLE_OEPL_CH573/ATC_BLE_OEPL_CH573F_MounRiverProject/StdPeriphDriver\libCH57xBLE.a(rfend.o)
                0x0000000020004b16                RFEND_WaitTune
 .highcode      0x0000000020004b42      0x13a c:/Users/pc/Documents/GitHub/ATC_BLE_OEPL_CH573/ATC_BLE_OEPL_CH573F_MounRiverProject/StdPeriphDriver\libCH57xBLE.a(memory.o)
                0x0000000020004b42                tmos_memory_allocate
                0x0000000020004bdc                tmos_memory_free
 *(.highcode.*)
                0x0000000020004c7c                . = ALIGN (0x4)
                0x0000000020004c7c                PROVIDE (_highcode_vma_end = .)

.text           0x0000000000001480    0x1df48
                0x0000000000001480                . = ALIGN (0x4)
 *(SORT_NONE(.handle_reset))
 .handle_reset  0x0000000000001480       0xa2 ./Startup/startup_CH573.o
                0x0000000000001480                handle_reset
 *(.text)
 .text          0x0000000000001522       0xa8 c:/mounriver/mounriver_studio2/resources/app/resources/win32/components/wch/toolchain/risc-v embedded gcc/bin/../lib/gcc/riscv-none-embed/8.2.0/../../../../riscv-none-embed/lib/rv32imac/ilp32\libg_nano.a(lib_a-memset.o)
                0x0000000000001522                memset
 *(.text.*)
 .text.Lib_Calibration_LSI
                0x00000000000015ca       0x30 ./src/MCU.o
                0x00000000000015ca                Lib_Calibration_LSI
 .text.Lib_Read_Flash
                0x00000000000015fa       0x1c ./src/MCU.o
                0x00000000000015fa                Lib_Read_Flash
 .text.Lib_Write_Flash
                0x0000000000001616       0x40 ./src/MCU.o
                0x0000000000001616                Lib_Write_Flash
 .text.HAL_GetInterTempValue
                0x0000000000001656       0x72 ./src/MCU.o
                0x0000000000001656                HAL_GetInterTempValue
 .text.HAL_ProcessEvent
                0x00000000000016c8       0x7e ./src/MCU.o
                0x00000000000016c8                HAL_ProcessEvent
 .text.CH57X_BLEInit
                0x0000000000001746      0x130 ./src/MCU.o
                0x0000000000001746                CH57X_BLEInit
 .text.HAL_Init
                0x0000000000001876       0x36 ./src/MCU.o
                0x0000000000001876                HAL_Init
 .text.RTC_SetTignTime
                0x00000000000018ac       0x1c ./src/RTC.o
                0x00000000000018ac                RTC_SetTignTime
 .text.HAL_TimeInit
                0x00000000000018c8       0x4e ./src/RTC.o
                0x00000000000018c8                HAL_TimeInit
 .text.CH57X_LowPower
                0x0000000000001916       0x98 ./src/SLEEP.o
                0x0000000000001916                CH57X_LowPower
 .text.HAL_SleepInit
                0x00000000000019ae       0x3e ./src/SLEEP.o
                0x00000000000019ae                HAL_SleepInit
 .text.drawImageFromEeprom
                0x00000000000019ec       0x46 ./src/app_bleCmdHandle.o
                0x00000000000019ec                drawImageFromEeprom
 .text.saveImgBlockData
                0x0000000000001a32       0x70 ./src/app_bleCmdHandle.o
                0x0000000000001a32                saveImgBlockData
 .text.findSlot
                0x0000000000001aa2       0xcc ./src/app_bleCmdHandle.o
                0x0000000000001aa2                findSlot
 .text.checkCRC
                0x0000000000001b6e       0x2a ./src/app_bleCmdHandle.o
                0x0000000000001b6e                checkCRC
 .text.validateBlockData
                0x0000000000001b98       0x8a ./src/app_bleCmdHandle.o
                0x0000000000001b98                validateBlockData
 .text.processAvailDataInfoBLE
                0x0000000000001c22      0x2e4 ./src/app_bleCmdHandle.o
                0x0000000000001c22                processAvailDataInfoBLE
 .text.zb_ble_hci_cmd_handler
                0x0000000000001f06      0x4ac ./src/app_bleCmdHandle.o
                0x0000000000001f06                zb_ble_hci_cmd_handler
 .text.drawOnOffline
                0x00000000000023b2        0x2 ./src/drawing.o
                0x00000000000023b2                drawOnOffline
 .text.drawImageAtAddress
                0x00000000000023b4      0x298 ./src/drawing.o
                0x00000000000023b4                drawImageAtAddress
 .text.SPI_Flash_CS_set.part.0
                0x000000000000264c       0x12 ./src/eeprom.o
 .text.SPI_Flash_CS_set
                0x000000000000265e       0x16 ./src/eeprom.o
                0x000000000000265e                SPI_Flash_CS_set
 .text.SPI_Flash_CLK_set
                0x0000000000002674       0x22 ./src/eeprom.o
                0x0000000000002674                SPI_Flash_CLK_set
 .text.SPI_Flash_MOSI_set
                0x0000000000002696       0x24 ./src/eeprom.o
                0x0000000000002696                SPI_Flash_MOSI_set
 .text.SPI_Flash_MISO_get
                0x00000000000026ba        0xe ./src/eeprom.o
                0x00000000000026ba                SPI_Flash_MISO_get
 .text.SPI_Flash_enable_GPIO
                0x00000000000026c8       0x36 ./src/eeprom.o
                0x00000000000026c8                SPI_Flash_enable_GPIO
 .text.SPI_Flash_CS_select
                0x00000000000026fe        0x4 ./src/eeprom.o
                0x00000000000026fe                SPI_Flash_CS_select
 .text.SPI_Flash_transceive
                0x0000000000002702       0x70 ./src/eeprom.o
                0x0000000000002702                SPI_Flash_transceive
 .text.FLASH_Init
                0x0000000000002772       0x72 ./src/eeprom.o
                0x0000000000002772                FLASH_Init
 .text.Flash_wait_busy
                0x00000000000027e4       0x34 ./src/eeprom.o
                0x00000000000027e4                Flash_wait_busy
 .text.Flash_CMD_WriteEN
                0x0000000000002818       0x10 ./src/eeprom.o
                0x0000000000002818                Flash_CMD_WriteEN
 .text.EPD_read_buffer
                0x0000000000002828       0x50 ./src/eeprom.o
                0x0000000000002828                EPD_read_buffer
 .text.Flash_BlkErase_4k
                0x0000000000002878       0x36 ./src/eeprom.o
                0x0000000000002878                Flash_BlkErase_4k
 .text.Flash_write_buffer
                0x00000000000028ae       0x50 ./src/eeprom.o
                0x00000000000028ae                Flash_write_buffer
 .text.eepromRead
                0x00000000000028fe       0x30 ./src/eeprom.o
                0x00000000000028fe                eepromRead
 .text.eepromWrite
                0x000000000000292e       0x60 ./src/eeprom.o
                0x000000000000292e                eepromWrite
 .text.eepromErase
                0x000000000000298e       0x64 ./src/eeprom.o
                0x000000000000298e                eepromErase
 .text.EPD_Display_start
                0x00000000000029f2       0xa6 ./src/epd.o
                0x00000000000029f2                EPD_Display_start
 .text.EPD_Display_byte
                0x0000000000002a98       0x32 ./src/epd.o
                0x0000000000002a98                EPD_Display_byte
 .text.EPD_Display_color_change
                0x0000000000002aca       0x54 ./src/epd.o
                0x0000000000002aca                EPD_Display_color_change
 .text.EPD_Display_end
                0x0000000000002b1e       0x4a ./src/epd.o
                0x0000000000002b1e                EPD_Display_end
 .text.EPD_Init
                0x0000000000002b68      0x104 ./src/epd.o
                0x0000000000002b68                EPD_Init
 .text.epd_set_sleep
                0x0000000000002c6c       0x46 ./src/epd.o
                0x0000000000002c6c                epd_set_sleep
 .text.epd_state_handler
                0x0000000000002cb2       0x50 ./src/epd.o
                0x0000000000002cb2                epd_state_handler
 .text.EPD_CheckStatus
                0x0000000000002d02       0x24 ./src/epd.o
                0x0000000000002d02                EPD_CheckStatus
 .text.EPD_CheckStatus_inverted
                0x0000000000002d26       0x24 ./src/epd.o
                0x0000000000002d26                EPD_CheckStatus_inverted
 .text.EPD_SPI_Write
                0x0000000000002d4a       0x58 ./src/epd.o
                0x0000000000002d4a                EPD_SPI_Write
 .text.EPD_WriteCmd
                0x0000000000002da2       0x3a ./src/epd.o
                0x0000000000002da2                EPD_WriteCmd
 .text.EPD_WriteData
                0x0000000000002ddc       0x3a ./src/epd.o
                0x0000000000002ddc                EPD_WriteData
 .text.EPD_SSD_Display_color_change.part.0
                0x0000000000002e16       0xa8 ./src/epd_ssd.o
 .text.EPD_SSD_Display_start
                0x0000000000002ebe      0x214 ./src/epd_ssd.o
                0x0000000000002ebe                EPD_SSD_Display_start
 .text.EPD_SSD_Display_byte
                0x00000000000030d2        0x2 ./src/epd_ssd.o
                0x00000000000030d2                EPD_SSD_Display_byte
 .text.EPD_SSD_Display_color_change
                0x00000000000030d4        0xa ./src/epd_ssd.o
                0x00000000000030d4                EPD_SSD_Display_color_change
 .text.EPD_SSD_Display_end
                0x00000000000030de       0x24 ./src/epd_ssd.o
                0x00000000000030de                EPD_SSD_Display_end
 .text.EPD_SSD_busy_check
                0x0000000000003102       0x12 ./src/epd_ssd.o
                0x0000000000003102                EPD_SSD_busy_check
 .text.EPD_SSD_set_sleep
                0x0000000000003114       0x1e ./src/epd_ssd.o
                0x0000000000003114                EPD_SSD_set_sleep
 .text.EPD_UC_Display_byte
                0x0000000000003132        0x4 ./src/epd_uc.o
                0x0000000000003132                EPD_UC_Display_byte
 .text.EPD_UC_Display_color_change
                0x0000000000003136       0x28 ./src/epd_uc.o
                0x0000000000003136                EPD_UC_Display_color_change
 .text.EPD_UC_Display_start
                0x000000000000315e       0x3e ./src/epd_uc.o
                0x000000000000315e                EPD_UC_Display_start
 .text.EPD_UC_Display_end
                0x000000000000319c        0x6 ./src/epd_uc.o
                0x000000000000319c                EPD_UC_Display_end
 .text.EPD_UC_busy_check
                0x00000000000031a2        0xe ./src/epd_uc.o
                0x00000000000031a2                EPD_UC_busy_check
 .text.EPD_UC_set_sleep
                0x00000000000031b0       0x28 ./src/epd_uc.o
                0x00000000000031b0                EPD_UC_set_sleep
 .text.simpleProfile_ReadAttrCB
                0x00000000000031d8       0x6c ./src/gattprofile.o
 .text.simpleProfile_WriteAttrCB
                0x0000000000003244       0xa2 ./src/gattprofile.o
 .text.simpleProfile_HandleConnStatusCB
                0x00000000000032e6       0x3e ./src/gattprofile.o
 .text.SimpleProfile_AddService
                0x0000000000003324       0x4c ./src/gattprofile.o
                0x0000000000003324                SimpleProfile_AddService
 .text.SimpleProfile_RegisterAppCBs
                0x0000000000003370        0xe ./src/gattprofile.o
                0x0000000000003370                SimpleProfile_RegisterAppCBs
 .text.SimpleProfile_SetParameter
                0x000000000000337e       0x34 ./src/gattprofile.o
                0x000000000000337e                SimpleProfile_SetParameter
 .text.simpleProfile_Notify
                0x00000000000033b2       0x46 ./src/gattprofile.o
                0x00000000000033b2                simpleProfile_Notify
 .text.startup.main
                0x00000000000033f8       0x66 ./src/main.o
                0x00000000000033f8                main
 .text.NFC_Init
                0x000000000000345e       0x2e ./src/nfc.o
                0x000000000000345e                NFC_Init
 .text.simpleProfileChangeCB
                0x000000000000348c       0x48 ./src/peripheral.o
 .text.peripheralParamUpdateCB
                0x00000000000034d4       0x30 ./src/peripheral.o
 .text.Peripheral_ProcessEvent
                0x0000000000003504       0xa8 ./src/peripheral.o
                0x0000000000003504                Peripheral_ProcessEvent
 .text.Peripheral_LinkTerminated
                0x00000000000035ac       0x4e ./src/peripheral.o
 .text.Peripheral_Init
                0x00000000000035fa      0x200 ./src/peripheral.o
                0x00000000000035fa                Peripheral_Init
 .text.ble_send_notify
                0x00000000000037fa       0xa8 ./src/peripheral.o
                0x00000000000037fa                ble_send_notify
 .text.ble_set_connection_speed
                0x00000000000038a2        0xe ./src/peripheral.o
                0x00000000000038a2                ble_set_connection_speed
 .text.set_adv_data
                0x00000000000038b0       0x58 ./src/peripheral.o
                0x00000000000038b0                set_adv_data
 .text.peripheralStateNotificationCB
                0x0000000000003908      0x150 ./src/peripheral.o
 .text.get_crc_default
                0x0000000000003a58       0x20 ./src/settings.o
                0x0000000000003a58                get_crc_default
 .text.settings_set_screen_data
                0x0000000000003a78      0x16a ./src/settings.o
                0x0000000000003a78                settings_set_screen_data
 .text.reset_settings_to_default
                0x0000000000003be2       0x52 ./src/settings.o
                0x0000000000003be2                reset_settings_to_default
 .text.ADC_InterTSSampInit
                0x0000000000003c34       0x28 ./StdPeriphDriver/CH57x_adc.o
                0x0000000000003c34                ADC_InterTSSampInit
 .text.HSECFG_Current
                0x0000000000003c5c       0x2a ./StdPeriphDriver/CH57x_clk.o
                0x0000000000003c5c                HSECFG_Current
 .text.Calibration_LSI_FLASH
                0x0000000000003c86      0x284 ./StdPeriphDriver/CH57x_clk.o
                0x0000000000003c86                Calibration_LSI_FLASH
 .text.Calibration_LSI_RAM
                0x0000000000003f0a      0x23e ./StdPeriphDriver/CH57x_clk.o
                0x0000000000003f0a                Calibration_LSI_RAM
 .text.RTC_InitTime
                0x0000000000004148      0x134 ./StdPeriphDriver/CH57x_clk.o
                0x0000000000004148                RTC_InitTime
 .text.RTC_GetCycle32k
                0x000000000000427c       0x18 ./StdPeriphDriver/CH57x_clk.o
                0x000000000000427c                RTC_GetCycle32k
 .text.GPIOA_ModeCfg
                0x0000000000004294       0xa6 ./StdPeriphDriver/CH57x_gpio.o
                0x0000000000004294                GPIOA_ModeCfg
 .text.GPIOB_ModeCfg
                0x000000000000433a       0xa6 ./StdPeriphDriver/CH57x_gpio.o
                0x000000000000433a                GPIOB_ModeCfg
 .text.PWR_DCDCCfg
                0x00000000000043e0       0x7c ./StdPeriphDriver/CH57x_pwr.o
                0x00000000000043e0                PWR_DCDCCfg
 .text.GetSysClock
                0x000000000000445c       0x42 ./StdPeriphDriver/CH57x_sys.o
                0x000000000000445c                GetSysClock
 .text.SYS_DisableAllIrq
                0x000000000000449e       0x1c ./StdPeriphDriver/CH57x_sys.o
                0x000000000000449e                SYS_DisableAllIrq
 .text.SYS_RecoverIrq
                0x00000000000044ba       0x14 ./StdPeriphDriver/CH57x_sys.o
                0x00000000000044ba                SYS_RecoverIrq
 .text.SYS_GetSysTickCnt
                0x00000000000044ce        0xa ./StdPeriphDriver/CH57x_sys.o
                0x00000000000044ce                SYS_GetSysTickCnt
 .text._write   0x00000000000044d8       0x28 ./StdPeriphDriver/CH57x_sys.o
                0x00000000000044d8                _write
 .text._sbrk    0x0000000000004500       0x2c ./StdPeriphDriver/CH57x_sys.o
                0x0000000000004500                _sbrk
 .text.UART1_BaudRateCfg
                0x000000000000452c       0x30 ./StdPeriphDriver/CH57x_uart1.o
                0x000000000000452c                UART1_BaudRateCfg
 .text.UART1_DefInit
                0x000000000000455c       0x32 ./StdPeriphDriver/CH57x_uart1.o
                0x000000000000455c                UART1_DefInit
 .text.tmos_msg_enqueue
                0x000000000000458e       0x1e c:/Users/pc/Documents/GitHub/ATC_BLE_OEPL_CH573/ATC_BLE_OEPL_CH573F_MounRiverProject/StdPeriphDriver\libCH57xBLE.a(message.o)
                0x000000000000458e                tmos_msg_enqueue
 .text.tmos_msg_deallocate
                0x00000000000045ac       0x2c c:/Users/pc/Documents/GitHub/ATC_BLE_OEPL_CH573/ATC_BLE_OEPL_CH573F_MounRiverProject/StdPeriphDriver\libCH57xBLE.a(message.o)
                0x00000000000045ac                tmos_msg_deallocate
 .text.tmos_msg_allocate
                0x00000000000045d8       0x3e c:/Users/pc/Documents/GitHub/ATC_BLE_OEPL_CH573/ATC_BLE_OEPL_CH573F_MounRiverProject/StdPeriphDriver\libCH57xBLE.a(message.o)
                0x00000000000045d8                tmos_msg_allocate
 .text.tmos_msg_receive
                0x0000000000004616       0x68 c:/Users/pc/Documents/GitHub/ATC_BLE_OEPL_CH573/ATC_BLE_OEPL_CH573F_MounRiverProject/StdPeriphDriver\libCH57xBLE.a(message.o)
                0x0000000000004616                tmos_msg_receive
 .text.tmos_msg_send
                0x000000000000467e       0x56 c:/Users/pc/Documents/GitHub/ATC_BLE_OEPL_CH573/ATC_BLE_OEPL_CH573F_MounRiverProject/StdPeriphDriver\libCH57xBLE.a(message.o)
                0x000000000000467e                tmos_msg_send
 .text.tmos_msg_init
                0x00000000000046d4        0x6 c:/Users/pc/Documents/GitHub/ATC_BLE_OEPL_CH573/ATC_BLE_OEPL_CH573F_MounRiverProject/StdPeriphDriver\libCH57xBLE.a(message.o)
                0x00000000000046d4                tmos_msg_init
 .text.tmosFindTask
                0x00000000000046da       0x20 c:/Users/pc/Documents/GitHub/ATC_BLE_OEPL_CH573/ATC_BLE_OEPL_CH573F_MounRiverProject/StdPeriphDriver\libCH57xBLE.a(tmos.o)
 .text.TMOS_CbTimerProcessEvent
                0x00000000000046fa       0x7e c:/Users/pc/Documents/GitHub/ATC_BLE_OEPL_CH573/ATC_BLE_OEPL_CH573F_MounRiverProject/StdPeriphDriver\libCH57xBLE.a(tmos.o)
                0x00000000000046fa                TMOS_CbTimerProcessEvent
 .text.tmos_rand
                0x0000000000004778       0x54 c:/Users/pc/Documents/GitHub/ATC_BLE_OEPL_CH573/ATC_BLE_OEPL_CH573F_MounRiverProject/StdPeriphDriver\libCH57xBLE.a(tmos.o)
                0x0000000000004778                tmos_rand
 .text.tmos_query_sleep_time
                0x00000000000047cc      0x178 c:/Users/pc/Documents/GitHub/ATC_BLE_OEPL_CH573/ATC_BLE_OEPL_CH573F_MounRiverProject/StdPeriphDriver\libCH57xBLE.a(tmos.o)
                0x00000000000047cc                tmos_query_sleep_time
 .text.tmos_memset
                0x0000000000004944       0x12 c:/Users/pc/Documents/GitHub/ATC_BLE_OEPL_CH573/ATC_BLE_OEPL_CH573F_MounRiverProject/StdPeriphDriver\libCH57xBLE.a(tmos.o)
                0x0000000000004944                tmos_memset
 .text.tmos_strlen
                0x0000000000004956       0x14 c:/Users/pc/Documents/GitHub/ATC_BLE_OEPL_CH573/ATC_BLE_OEPL_CH573F_MounRiverProject/StdPeriphDriver\libCH57xBLE.a(tmos.o)
                0x0000000000004956                tmos_strlen
 .text.tmos_memdup
                0x000000000000496a       0x3c c:/Users/pc/Documents/GitHub/ATC_BLE_OEPL_CH573/ATC_BLE_OEPL_CH573F_MounRiverProject/StdPeriphDriver\libCH57xBLE.a(tmos.o)
                0x000000000000496a                tmos_memdup
 .text.tmos_memcmp
                0x00000000000049a6       0x24 c:/Users/pc/Documents/GitHub/ATC_BLE_OEPL_CH573/ATC_BLE_OEPL_CH573F_MounRiverProject/StdPeriphDriver\libCH57xBLE.a(tmos.o)
                0x00000000000049a6                tmos_memcmp
 .text.tmos_revmemcpy
                0x00000000000049ca       0x1c c:/Users/pc/Documents/GitHub/ATC_BLE_OEPL_CH573/ATC_BLE_OEPL_CH573F_MounRiverProject/StdPeriphDriver\libCH57xBLE.a(tmos.o)
                0x00000000000049ca                tmos_revmemcpy
 .text.tmos_isbufset
                0x00000000000049e6       0x1e c:/Users/pc/Documents/GitHub/ATC_BLE_OEPL_CH573/ATC_BLE_OEPL_CH573F_MounRiverProject/StdPeriphDriver\libCH57xBLE.a(tmos.o)
                0x00000000000049e6                tmos_isbufset
 .text.tmos_set_event
                0x0000000000004a04       0x2a c:/Users/pc/Documents/GitHub/ATC_BLE_OEPL_CH573/ATC_BLE_OEPL_CH573F_MounRiverProject/StdPeriphDriver\libCH57xBLE.a(tmos.o)
                0x0000000000004a04                tmos_set_event
 .text.tmos_query_system_time
                0x0000000000004a2e       0xd0 c:/Users/pc/Documents/GitHub/ATC_BLE_OEPL_CH573/ATC_BLE_OEPL_CH573F_MounRiverProject/StdPeriphDriver\libCH57xBLE.a(tmos.o)
                0x0000000000004a2e                tmos_query_system_time
 .text.tmos_clear_event
                0x0000000000004afe       0x2e c:/Users/pc/Documents/GitHub/ATC_BLE_OEPL_CH573/ATC_BLE_OEPL_CH573F_MounRiverProject/StdPeriphDriver\libCH57xBLE.a(tmos.o)
                0x0000000000004afe                tmos_clear_event
 .text.tmos_start_task
                0x0000000000004b2c       0x90 c:/Users/pc/Documents/GitHub/ATC_BLE_OEPL_CH573/ATC_BLE_OEPL_CH573F_MounRiverProject/StdPeriphDriver\libCH57xBLE.a(tmos.o)
                0x0000000000004b2c                tmos_start_task
 .text.tmos_start_callback_task
                0x0000000000004bbc       0xac c:/Users/pc/Documents/GitHub/ATC_BLE_OEPL_CH573/ATC_BLE_OEPL_CH573F_MounRiverProject/StdPeriphDriver\libCH57xBLE.a(tmos.o)
                0x0000000000004bbc                tmos_start_callback_task
 .text.tmos_start_reload_task
                0x0000000000004c68       0x32 c:/Users/pc/Documents/GitHub/ATC_BLE_OEPL_CH573/ATC_BLE_OEPL_CH573F_MounRiverProject/StdPeriphDriver\libCH57xBLE.a(tmos.o)
                0x0000000000004c68                tmos_start_reload_task
 .text.tmos_stop_task
                0x0000000000004c9a       0x44 c:/Users/pc/Documents/GitHub/ATC_BLE_OEPL_CH573/ATC_BLE_OEPL_CH573F_MounRiverProject/StdPeriphDriver\libCH57xBLE.a(tmos.o)
                0x0000000000004c9a                tmos_stop_task
 .text.tmos_stop_callback_task
                0x0000000000004cde       0x5c c:/Users/pc/Documents/GitHub/ATC_BLE_OEPL_CH573/ATC_BLE_OEPL_CH573F_MounRiverProject/StdPeriphDriver\libCH57xBLE.a(tmos.o)
                0x0000000000004cde                tmos_stop_callback_task
 .text.tmos_get_task_timer
                0x0000000000004d3a       0x16 c:/Users/pc/Documents/GitHub/ATC_BLE_OEPL_CH573/ATC_BLE_OEPL_CH573F_MounRiverProject/StdPeriphDriver\libCH57xBLE.a(tmos.o)
                0x0000000000004d3a                tmos_get_task_timer
 .text.tmos_update_callback_timer
                0x0000000000004d50       0x64 c:/Users/pc/Documents/GitHub/ATC_BLE_OEPL_CH573/ATC_BLE_OEPL_CH573F_MounRiverProject/StdPeriphDriver\libCH57xBLE.a(tmos.o)
                0x0000000000004d50                tmos_update_callback_timer
 .text.TMOS_Set32KTuneValue
                0x0000000000004db4        0xa c:/Users/pc/Documents/GitHub/ATC_BLE_OEPL_CH573/ATC_BLE_OEPL_CH573F_MounRiverProject/StdPeriphDriver\libCH57xBLE.a(tmos.o)
                0x0000000000004db4                TMOS_Set32KTuneValue
 .text.TMOS_TimerRegister
                0x0000000000004dbe       0x1a c:/Users/pc/Documents/GitHub/ATC_BLE_OEPL_CH573/ATC_BLE_OEPL_CH573F_MounRiverProject/StdPeriphDriver\libCH57xBLE.a(tmos.o)
                0x0000000000004dbe                TMOS_TimerRegister
 .text.TMOS_ProcessRegister
                0x0000000000004dd8       0x16 c:/Users/pc/Documents/GitHub/ATC_BLE_OEPL_CH573/ATC_BLE_OEPL_CH573F_MounRiverProject/StdPeriphDriver\libCH57xBLE.a(tmos.o)
                0x0000000000004dd8                TMOS_ProcessRegister
 .text.TMOS_Init
                0x0000000000004dee       0xc2 c:/Users/pc/Documents/GitHub/ATC_BLE_OEPL_CH573/ATC_BLE_OEPL_CH573F_MounRiverProject/StdPeriphDriver\libCH57xBLE.a(tmos.o)
                0x0000000000004dee                TMOS_Init
 .text.TMOS_ProcessEventRegister
                0x0000000000004eb0       0x38 c:/Users/pc/Documents/GitHub/ATC_BLE_OEPL_CH573/ATC_BLE_OEPL_CH573F_MounRiverProject/StdPeriphDriver\libCH57xBLE.a(tmos.o)
                0x0000000000004eb0                TMOS_ProcessEventRegister
 .text.BLE_LibInit
                0x0000000000004ee8      0x1aa c:/Users/pc/Documents/GitHub/ATC_BLE_OEPL_CH573/ATC_BLE_OEPL_CH573F_MounRiverProject/StdPeriphDriver\libCH57xBLE.a(tmos.o)
                0x0000000000004ee8                BLE_LibInit
 .text.ble_ll_common_rand8
                0x0000000000005092       0x24 c:/Users/pc/Documents/GitHub/ATC_BLE_OEPL_CH573/ATC_BLE_OEPL_CH573F_MounRiverProject/StdPeriphDriver\libCH57xBLE.a(tmos_hw.o)
                0x0000000000005092                ble_ll_common_rand8
 .text.ble_ll_common_rand16
                0x00000000000050b6       0x24 c:/Users/pc/Documents/GitHub/ATC_BLE_OEPL_CH573/ATC_BLE_OEPL_CH573F_MounRiverProject/StdPeriphDriver\libCH57xBLE.a(tmos_hw.o)
                0x00000000000050b6                ble_ll_common_rand16
 .text.ble_ll_common_rand32
                0x00000000000050da       0x20 c:/Users/pc/Documents/GitHub/ATC_BLE_OEPL_CH573/ATC_BLE_OEPL_CH573F_MounRiverProject/StdPeriphDriver\libCH57xBLE.a(tmos_hw.o)
                0x00000000000050da                ble_ll_common_rand32
 .text.ll_hw_temp_sample
                0x00000000000050fa       0xc0 c:/Users/pc/Documents/GitHub/ATC_BLE_OEPL_CH573/ATC_BLE_OEPL_CH573F_MounRiverProject/StdPeriphDriver\libCH57xBLE.a(tmos_hw.o)
                0x00000000000050fa                ll_hw_temp_sample
 .text.TMOS_TimerInit
                0x00000000000051ba       0x5e c:/Users/pc/Documents/GitHub/ATC_BLE_OEPL_CH573/ATC_BLE_OEPL_CH573F_MounRiverProject/StdPeriphDriver\libCH57xBLE.a(tmos_hw.o)
                0x00000000000051ba                TMOS_TimerInit
 .text.tmos_snv_init
                0x0000000000005218       0xbc c:/Users/pc/Documents/GitHub/ATC_BLE_OEPL_CH573/ATC_BLE_OEPL_CH573F_MounRiverProject/StdPeriphDriver\libCH57xBLE.a(tmos_snv.o)
                0x0000000000005218                tmos_snv_init
 .text.tmos_snv_clear
                0x00000000000052d4       0xae c:/Users/pc/Documents/GitHub/ATC_BLE_OEPL_CH573/ATC_BLE_OEPL_CH573F_MounRiverProject/StdPeriphDriver\libCH57xBLE.a(tmos_snv.o)
                0x00000000000052d4                tmos_snv_clear
 .text.tmos_snv_read
                0x0000000000005382      0x292 c:/Users/pc/Documents/GitHub/ATC_BLE_OEPL_CH573/ATC_BLE_OEPL_CH573F_MounRiverProject/StdPeriphDriver\libCH57xBLE.a(tmos_snv.o)
                0x0000000000005382                tmos_snv_read
 .text.tmos_snv_notify
                0x0000000000005614       0x5a c:/Users/pc/Documents/GitHub/ATC_BLE_OEPL_CH573/ATC_BLE_OEPL_CH573F_MounRiverProject/StdPeriphDriver\libCH57xBLE.a(tmos_snv.o)
                0x0000000000005614                tmos_snv_notify
 .text.tmos_snv_write
                0x000000000000566e      0x2ce c:/Users/pc/Documents/GitHub/ATC_BLE_OEPL_CH573/ATC_BLE_OEPL_CH573F_MounRiverProject/StdPeriphDriver\libCH57xBLE.a(tmos_snv.o)
                0x000000000000566e                tmos_snv_write
 .text.tmos_snv_compact
                0x000000000000593c        0x4 c:/Users/pc/Documents/GitHub/ATC_BLE_OEPL_CH573/ATC_BLE_OEPL_CH573F_MounRiverProject/StdPeriphDriver\libCH57xBLE.a(tmos_snv.o)
                0x000000000000593c                tmos_snv_compact
 .text.disconnectNext
                0x0000000000005940       0x22 c:/Users/pc/Documents/GitHub/ATC_BLE_OEPL_CH573/ATC_BLE_OEPL_CH573F_MounRiverProject/StdPeriphDriver\libCH57xBLE.a(gap.o)
 .text.GAP_ParamInit
                0x0000000000005962       0x80 c:/Users/pc/Documents/GitHub/ATC_BLE_OEPL_CH573/ATC_BLE_OEPL_CH573F_MounRiverProject/StdPeriphDriver\libCH57xBLE.a(gap.o)
                0x0000000000005962                GAP_ParamInit
 .text.sendTerminateEvent
                0x00000000000059e2       0x58 c:/Users/pc/Documents/GitHub/ATC_BLE_OEPL_CH573/ATC_BLE_OEPL_CH573F_MounRiverProject/StdPeriphDriver\libCH57xBLE.a(gap.o)
                0x00000000000059e2                sendTerminateEvent
 .text.gapRegisterCentral
                0x0000000000005a3a        0x6 c:/Users/pc/Documents/GitHub/ATC_BLE_OEPL_CH573/ATC_BLE_OEPL_CH573F_MounRiverProject/StdPeriphDriver\libCH57xBLE.a(gap.o)
                0x0000000000005a3a                gapRegisterCentral
 .text.gapRegisterCentralConn
                0x0000000000005a40        0x6 c:/Users/pc/Documents/GitHub/ATC_BLE_OEPL_CH573/ATC_BLE_OEPL_CH573F_MounRiverProject/StdPeriphDriver\libCH57xBLE.a(gap.o)
                0x0000000000005a40                gapRegisterCentralConn
 .text.gapRegisterPeripheral
                0x0000000000005a46        0x6 c:/Users/pc/Documents/GitHub/ATC_BLE_OEPL_CH573/ATC_BLE_OEPL_CH573F_MounRiverProject/StdPeriphDriver\libCH57xBLE.a(gap.o)
                0x0000000000005a46                gapRegisterPeripheral
 .text.gapRegisterPeripheralConn
                0x0000000000005a4c        0x6 c:/Users/pc/Documents/GitHub/ATC_BLE_OEPL_CH573/ATC_BLE_OEPL_CH573F_MounRiverProject/StdPeriphDriver\libCH57xBLE.a(gap.o)
                0x0000000000005a4c                gapRegisterPeripheralConn
 .text.smGenerateRandBuf
                0x0000000000005a52       0x56 c:/Users/pc/Documents/GitHub/ATC_BLE_OEPL_CH573/ATC_BLE_OEPL_CH573F_MounRiverProject/StdPeriphDriver\libCH57xBLE.a(gap.o)
                0x0000000000005a52                smGenerateRandBuf
 .text.gapL2capConnParamUpdateReq
                0x0000000000005aa8       0x32 c:/Users/pc/Documents/GitHub/ATC_BLE_OEPL_CH573/ATC_BLE_OEPL_CH573F_MounRiverProject/StdPeriphDriver\libCH57xBLE.a(gap.o)
                0x0000000000005aa8                gapL2capConnParamUpdateReq
 .text.gapValidADType
                0x0000000000005ada       0x16 c:/Users/pc/Documents/GitHub/ATC_BLE_OEPL_CH573/ATC_BLE_OEPL_CH573F_MounRiverProject/StdPeriphDriver\libCH57xBLE.a(gap.o)
                0x0000000000005ada                gapValidADType
 .text.gapFindADType
                0x0000000000005af0       0x8e c:/Users/pc/Documents/GitHub/ATC_BLE_OEPL_CH573/ATC_BLE_OEPL_CH573F_MounRiverProject/StdPeriphDriver\libCH57xBLE.a(gap.o)
                0x0000000000005af0                gapFindADType
 .text.GAP_SecParamsInit
                0x0000000000005b7e       0x9e c:/Users/pc/Documents/GitHub/ATC_BLE_OEPL_CH573/ATC_BLE_OEPL_CH573F_MounRiverProject/StdPeriphDriver\libCH57xBLE.a(gap.o)
                0x0000000000005b7e                GAP_SecParamsInit
 .text.GAP_ParamsInit
                0x0000000000005c1c       0x48 c:/Users/pc/Documents/GitHub/ATC_BLE_OEPL_CH573/ATC_BLE_OEPL_CH573F_MounRiverProject/StdPeriphDriver\libCH57xBLE.a(gap.o)
                0x0000000000005c1c                GAP_ParamsInit
 .text.gapAddAddrAdj
                0x0000000000005c64       0x48 c:/Users/pc/Documents/GitHub/ATC_BLE_OEPL_CH573/ATC_BLE_OEPL_CH573F_MounRiverProject/StdPeriphDriver\libCH57xBLE.a(gap.o)
                0x0000000000005c64                gapAddAddrAdj
 .text.gapDetermineAddrType
                0x0000000000005cac       0x28 c:/Users/pc/Documents/GitHub/ATC_BLE_OEPL_CH573/ATC_BLE_OEPL_CH573F_MounRiverProject/StdPeriphDriver\libCH57xBLE.a(gap.o)
                0x0000000000005cac                gapDetermineAddrType
 .text.gapFreeAuthLink
                0x0000000000005cd4       0x4a c:/Users/pc/Documents/GitHub/ATC_BLE_OEPL_CH573/ATC_BLE_OEPL_CH573F_MounRiverProject/StdPeriphDriver\libCH57xBLE.a(gap.o)
                0x0000000000005cd4                gapFreeAuthLink
 .text.gapGetDevAddress
                0x0000000000005d1e       0x24 c:/Users/pc/Documents/GitHub/ATC_BLE_OEPL_CH573/ATC_BLE_OEPL_CH573F_MounRiverProject/StdPeriphDriver\libCH57xBLE.a(gap.o)
                0x0000000000005d1e                gapGetDevAddress
 .text.gapGetDevAddressMode
                0x0000000000005d42        0xa c:/Users/pc/Documents/GitHub/ATC_BLE_OEPL_CH573/ATC_BLE_OEPL_CH573F_MounRiverProject/StdPeriphDriver\libCH57xBLE.a(gap.o)
                0x0000000000005d42                gapGetDevAddressMode
 .text.gapGetIRK
                0x0000000000005d4c        0xc c:/Users/pc/Documents/GitHub/ATC_BLE_OEPL_CH573/ATC_BLE_OEPL_CH573F_MounRiverProject/StdPeriphDriver\libCH57xBLE.a(gap.o)
                0x0000000000005d4c                gapGetIRK
 .text.gapGetSRK
                0x0000000000005d58        0xc c:/Users/pc/Documents/GitHub/ATC_BLE_OEPL_CH573/ATC_BLE_OEPL_CH573F_MounRiverProject/StdPeriphDriver\libCH57xBLE.a(gap.o)
                0x0000000000005d58                gapGetSRK
 .text.gapGetSignCounter
                0x0000000000005d64        0xe c:/Users/pc/Documents/GitHub/ATC_BLE_OEPL_CH573/ATC_BLE_OEPL_CH573F_MounRiverProject/StdPeriphDriver\libCH57xBLE.a(gap.o)
                0x0000000000005d64                gapGetSignCounter
 .text.gapIncSignCounter
                0x0000000000005d72       0x28 c:/Users/pc/Documents/GitHub/ATC_BLE_OEPL_CH573/ATC_BLE_OEPL_CH573F_MounRiverProject/StdPeriphDriver\libCH57xBLE.a(gap.o)
                0x0000000000005d72                gapIncSignCounter
 .text.gapProcessConnEvt
                0x0000000000005d9a       0x48 c:/Users/pc/Documents/GitHub/ATC_BLE_OEPL_CH573/ATC_BLE_OEPL_CH573F_MounRiverProject/StdPeriphDriver\libCH57xBLE.a(gap.o)
                0x0000000000005d9a                gapProcessConnEvt
 .text.gapProcessDisconnectCompleteEvt
                0x0000000000005de2       0xaa c:/Users/pc/Documents/GitHub/ATC_BLE_OEPL_CH573/ATC_BLE_OEPL_CH573F_MounRiverProject/StdPeriphDriver\libCH57xBLE.a(gap.o)
                0x0000000000005de2                gapProcessDisconnectCompleteEvt
 .text.sendAuthEvent
                0x0000000000005e8c      0x11c c:/Users/pc/Documents/GitHub/ATC_BLE_OEPL_CH573/ATC_BLE_OEPL_CH573F_MounRiverProject/StdPeriphDriver\libCH57xBLE.a(gap.o)
                0x0000000000005e8c                sendAuthEvent
 .text.gapSendBondCompleteEvent
                0x0000000000005fa8       0x70 c:/Users/pc/Documents/GitHub/ATC_BLE_OEPL_CH573/ATC_BLE_OEPL_CH573F_MounRiverProject/StdPeriphDriver\libCH57xBLE.a(gap.o)
                0x0000000000005fa8                gapSendBondCompleteEvent
 .text.gapSendPairingReqEvent
                0x0000000000006018       0x92 c:/Users/pc/Documents/GitHub/ATC_BLE_OEPL_CH573/ATC_BLE_OEPL_CH573F_MounRiverProject/StdPeriphDriver\libCH57xBLE.a(gap.o)
                0x0000000000006018                gapSendPairingReqEvent
 .text.gapSendSlaveSecurityReqEvent
                0x00000000000060aa       0x68 c:/Users/pc/Documents/GitHub/ATC_BLE_OEPL_CH573/ATC_BLE_OEPL_CH573F_MounRiverProject/StdPeriphDriver\libCH57xBLE.a(gap.o)
                0x00000000000060aa                gapSendSlaveSecurityReqEvent
 .text.gapSendDeviceInitDoneEvent
                0x0000000000006112       0x88 c:/Users/pc/Documents/GitHub/ATC_BLE_OEPL_CH573/ATC_BLE_OEPL_CH573F_MounRiverProject/StdPeriphDriver\libCH57xBLE.a(gap.o)
                0x0000000000006112                gapSendDeviceInitDoneEvent
 .text.gapSendLinkUpdateEvent
                0x000000000000619a       0x84 c:/Users/pc/Documents/GitHub/ATC_BLE_OEPL_CH573/ATC_BLE_OEPL_CH573F_MounRiverProject/StdPeriphDriver\libCH57xBLE.a(gap.o)
                0x000000000000619a                gapSendLinkUpdateEvent
 .text.gapSendEstLinkEvent
                0x000000000000621e       0xb8 c:/Users/pc/Documents/GitHub/ATC_BLE_OEPL_CH573/ATC_BLE_OEPL_CH573F_MounRiverProject/StdPeriphDriver\libCH57xBLE.a(gap.o)
                0x000000000000621e                gapSendEstLinkEvent
 .text.gapProcessNewAddr
                0x00000000000062d6       0x3e c:/Users/pc/Documents/GitHub/ATC_BLE_OEPL_CH573/ATC_BLE_OEPL_CH573F_MounRiverProject/StdPeriphDriver\libCH57xBLE.a(gap.o)
                0x00000000000062d6                gapProcessNewAddr
 .text.gapProcessRandomAddrComplete
                0x0000000000006314       0xb6 c:/Users/pc/Documents/GitHub/ATC_BLE_OEPL_CH573/ATC_BLE_OEPL_CH573F_MounRiverProject/StdPeriphDriver\libCH57xBLE.a(gap.o)
                0x0000000000006314                gapProcessRandomAddrComplete
 .text.GAP_Authenticate
                0x00000000000063ca       0xd2 c:/Users/pc/Documents/GitHub/ATC_BLE_OEPL_CH573/ATC_BLE_OEPL_CH573F_MounRiverProject/StdPeriphDriver\libCH57xBLE.a(gap.o)
                0x00000000000063ca                GAP_Authenticate
 .text.GAP_Bond
                0x000000000000649c       0xa2 c:/Users/pc/Documents/GitHub/ATC_BLE_OEPL_CH573/ATC_BLE_OEPL_CH573F_MounRiverProject/StdPeriphDriver\libCH57xBLE.a(gap.o)
                0x000000000000649c                GAP_Bond
 .text.GAP_GetParamValue
                0x000000000000653e       0x1e c:/Users/pc/Documents/GitHub/ATC_BLE_OEPL_CH573/ATC_BLE_OEPL_CH573F_MounRiverProject/StdPeriphDriver\libCH57xBLE.a(gap.o)
                0x000000000000653e                GAP_GetParamValue
 .text.GAP_PasscodeUpdate
                0x000000000000655c       0x50 c:/Users/pc/Documents/GitHub/ATC_BLE_OEPL_CH573/ATC_BLE_OEPL_CH573F_MounRiverProject/StdPeriphDriver\libCH57xBLE.a(gap.o)
                0x000000000000655c                GAP_PasscodeUpdate
 .text.GAP_RegisterForMsgs
                0x00000000000065ac        0x6 c:/Users/pc/Documents/GitHub/ATC_BLE_OEPL_CH573/ATC_BLE_OEPL_CH573F_MounRiverProject/StdPeriphDriver\libCH57xBLE.a(gap.o)
                0x00000000000065ac                GAP_RegisterForMsgs
 .text.GAP_ResolvePrivateAddr
                0x00000000000065b2        0x4 c:/Users/pc/Documents/GitHub/ATC_BLE_OEPL_CH573/ATC_BLE_OEPL_CH573F_MounRiverProject/StdPeriphDriver\libCH57xBLE.a(gap.o)
                0x00000000000065b2                GAP_ResolvePrivateAddr
 .text.gapPairingCompleteCB
                0x00000000000065b6      0x188 c:/Users/pc/Documents/GitHub/ATC_BLE_OEPL_CH573/ATC_BLE_OEPL_CH573F_MounRiverProject/StdPeriphDriver\libCH57xBLE.a(gap.o)
                0x00000000000065b6                gapPairingCompleteCB
 .text.gapPasskeyNeededCB
                0x000000000000673e       0x8e c:/Users/pc/Documents/GitHub/ATC_BLE_OEPL_CH573/ATC_BLE_OEPL_CH573F_MounRiverProject/StdPeriphDriver\libCH57xBLE.a(gap.o)
                0x000000000000673e                gapPasskeyNeededCB
 .text.gapFreeEstLink
                0x00000000000067cc       0x20 c:/Users/pc/Documents/GitHub/ATC_BLE_OEPL_CH573/ATC_BLE_OEPL_CH573F_MounRiverProject/StdPeriphDriver\libCH57xBLE.a(gap.o)
                0x00000000000067cc                gapFreeEstLink
 .text.gapUpdateConnSignCounter
                0x00000000000067ec       0x7a c:/Users/pc/Documents/GitHub/ATC_BLE_OEPL_CH573/ATC_BLE_OEPL_CH573F_MounRiverProject/StdPeriphDriver\libCH57xBLE.a(gap.o)
                0x00000000000067ec                gapUpdateConnSignCounter
 .text.GAP_SendSlaveSecurityRequest
                0x0000000000006866       0x4c c:/Users/pc/Documents/GitHub/ATC_BLE_OEPL_CH573/ATC_BLE_OEPL_CH573F_MounRiverProject/StdPeriphDriver\libCH57xBLE.a(gap.o)
                0x0000000000006866                GAP_SendSlaveSecurityRequest
 .text.GAP_Signable
                0x00000000000068b2       0x66 c:/Users/pc/Documents/GitHub/ATC_BLE_OEPL_CH573/ATC_BLE_OEPL_CH573F_MounRiverProject/StdPeriphDriver\libCH57xBLE.a(gap.o)
                0x00000000000068b2                GAP_Signable
 .text.GAP_TerminateAuth
                0x0000000000006918       0x2a c:/Users/pc/Documents/GitHub/ATC_BLE_OEPL_CH573/ATC_BLE_OEPL_CH573F_MounRiverProject/StdPeriphDriver\libCH57xBLE.a(gap.o)
                0x0000000000006918                GAP_TerminateAuth
 .text.GAP_NumActiveConnections
                0x0000000000006942        0x4 c:/Users/pc/Documents/GitHub/ATC_BLE_OEPL_CH573/ATC_BLE_OEPL_CH573F_MounRiverProject/StdPeriphDriver\libCH57xBLE.a(gap.o)
                0x0000000000006942                GAP_NumActiveConnections
 .text.GAP_TerminateLinkReq
                0x0000000000006946       0x8e c:/Users/pc/Documents/GitHub/ATC_BLE_OEPL_CH573/ATC_BLE_OEPL_CH573F_MounRiverProject/StdPeriphDriver\libCH57xBLE.a(gap.o)
                0x0000000000006946                GAP_TerminateLinkReq
 .text.GAP_SetParamValue
                0x00000000000069d4       0x4a c:/Users/pc/Documents/GitHub/ATC_BLE_OEPL_CH573/ATC_BLE_OEPL_CH573F_MounRiverProject/StdPeriphDriver\libCH57xBLE.a(gap.o)
                0x00000000000069d4                GAP_SetParamValue
 .text.GAP_Init
                0x0000000000006a1e       0x44 c:/Users/pc/Documents/GitHub/ATC_BLE_OEPL_CH573/ATC_BLE_OEPL_CH573F_MounRiverProject/StdPeriphDriver\libCH57xBLE.a(gap.o)
                0x0000000000006a1e                GAP_Init
 .text.GAP_ProcessEvent
                0x0000000000006a62      0x578 c:/Users/pc/Documents/GitHub/ATC_BLE_OEPL_CH573/ATC_BLE_OEPL_CH573F_MounRiverProject/StdPeriphDriver\libCH57xBLE.a(gap.o)
                0x0000000000006a62                GAP_ProcessEvent
 .text.gapSendScanEnable
                0x0000000000006fda       0x1e c:/Users/pc/Documents/GitHub/ATC_BLE_OEPL_CH573/ATC_BLE_OEPL_CH573F_MounRiverProject/StdPeriphDriver\libCH57xBLE.a(gap_central.o)
 .text.gapCentProcessConnEvt
                0x0000000000006ff8      0x148 c:/Users/pc/Documents/GitHub/ATC_BLE_OEPL_CH573/ATC_BLE_OEPL_CH573F_MounRiverProject/StdPeriphDriver\libCH57xBLE.a(gap_central.o)
                0x0000000000006ff8                gapCentProcessConnEvt
 .text.gapCancelLinkReq
                0x0000000000007140       0x38 c:/Users/pc/Documents/GitHub/ATC_BLE_OEPL_CH573/ATC_BLE_OEPL_CH573F_MounRiverProject/StdPeriphDriver\libCH57xBLE.a(gap_central.o)
                0x0000000000007140                gapCancelLinkReq
 .text.GAP_CentralParamInit
                0x0000000000007178       0x4c c:/Users/pc/Documents/GitHub/ATC_BLE_OEPL_CH573/ATC_BLE_OEPL_CH573F_MounRiverProject/StdPeriphDriver\libCH57xBLE.a(gap_central.o)
                0x0000000000007178                GAP_CentralParamInit
 .text.gapProcessAdvertDevInfo
                0x00000000000071c4      0x240 c:/Users/pc/Documents/GitHub/ATC_BLE_OEPL_CH573/ATC_BLE_OEPL_CH573F_MounRiverProject/StdPeriphDriver\libCH57xBLE.a(gap_central.o)
                0x00000000000071c4                gapProcessAdvertDevInfo
 .text.gapFreeScanRecs
                0x0000000000007404       0xa2 c:/Users/pc/Documents/GitHub/ATC_BLE_OEPL_CH573/ATC_BLE_OEPL_CH573F_MounRiverProject/StdPeriphDriver\libCH57xBLE.a(gap_central.o)
                0x0000000000007404                gapFreeScanRecs
 .text.gapSendDevDiscEvent
                0x00000000000074a6      0x126 c:/Users/pc/Documents/GitHub/ATC_BLE_OEPL_CH573/ATC_BLE_OEPL_CH573F_MounRiverProject/StdPeriphDriver\libCH57xBLE.a(gap_central.o)
                0x00000000000074a6                gapSendDevDiscEvent
 .text.gapSetScanParamStatus.part.2
                0x00000000000075cc       0x42 c:/Users/pc/Documents/GitHub/ATC_BLE_OEPL_CH573/ATC_BLE_OEPL_CH573F_MounRiverProject/StdPeriphDriver\libCH57xBLE.a(gap_central.o)
 .text.gapCentProcessHCICmdEvt
                0x000000000000760e       0x3e c:/Users/pc/Documents/GitHub/ATC_BLE_OEPL_CH573/ATC_BLE_OEPL_CH573F_MounRiverProject/StdPeriphDriver\libCH57xBLE.a(gap_central.o)
                0x000000000000760e                gapCentProcessHCICmdEvt
 .text.gapProcessScanningEvt
                0x000000000000764c      0x110 c:/Users/pc/Documents/GitHub/ATC_BLE_OEPL_CH573/ATC_BLE_OEPL_CH573F_MounRiverProject/StdPeriphDriver\libCH57xBLE.a(gap_central.o)
                0x000000000000764c                gapProcessScanningEvt
 .text.gapProcessScanningDirectEvt
                0x000000000000775c       0xfe c:/Users/pc/Documents/GitHub/ATC_BLE_OEPL_CH573/ATC_BLE_OEPL_CH573F_MounRiverProject/StdPeriphDriver\libCH57xBLE.a(gap_central.o)
                0x000000000000775c                gapProcessScanningDirectEvt
 .text.GAP_CentConnRegister
                0x000000000000785a       0x12 c:/Users/pc/Documents/GitHub/ATC_BLE_OEPL_CH573/ATC_BLE_OEPL_CH573F_MounRiverProject/StdPeriphDriver\libCH57xBLE.a(gap_central.o)
                0x000000000000785a                GAP_CentConnRegister
 .text.GAP_CentDevMgrInit
                0x000000000000786c       0x94 c:/Users/pc/Documents/GitHub/ATC_BLE_OEPL_CH573/ATC_BLE_OEPL_CH573F_MounRiverProject/StdPeriphDriver\libCH57xBLE.a(gap_central.o)
                0x000000000000786c                GAP_CentDevMgrInit
 .text.gapFreeAdvertState
                0x0000000000007900       0x20 c:/Users/pc/Documents/GitHub/ATC_BLE_OEPL_CH573/ATC_BLE_OEPL_CH573F_MounRiverProject/StdPeriphDriver\libCH57xBLE.a(gap_peripheral.o)
 .text.gapPeriProcessConnEvt
                0x0000000000007920       0xbc c:/Users/pc/Documents/GitHub/ATC_BLE_OEPL_CH573/ATC_BLE_OEPL_CH573F_MounRiverProject/StdPeriphDriver\libCH57xBLE.a(gap_peripheral.o)
 .text.gapSetAdvParams
                0x00000000000079dc       0x7e c:/Users/pc/Documents/GitHub/ATC_BLE_OEPL_CH573/ATC_BLE_OEPL_CH573F_MounRiverProject/StdPeriphDriver\libCH57xBLE.a(gap_peripheral.o)
 .text.GAP_PeripheralParamInit
                0x0000000000007a5a       0x4a c:/Users/pc/Documents/GitHub/ATC_BLE_OEPL_CH573/ATC_BLE_OEPL_CH573F_MounRiverProject/StdPeriphDriver\libCH57xBLE.a(gap_peripheral.o)
                0x0000000000007a5a                GAP_PeripheralParamInit
 .text.gapSendMakeDiscEvent
                0x0000000000007aa4       0x50 c:/Users/pc/Documents/GitHub/ATC_BLE_OEPL_CH573/ATC_BLE_OEPL_CH573F_MounRiverProject/StdPeriphDriver\libCH57xBLE.a(gap_peripheral.o)
                0x0000000000007aa4                gapSendMakeDiscEvent
 .text.gapPeriProcessHCICmdCompleteEvt
                0x0000000000007af4      0x194 c:/Users/pc/Documents/GitHub/ATC_BLE_OEPL_CH573/ATC_BLE_OEPL_CH573F_MounRiverProject/StdPeriphDriver\libCH57xBLE.a(gap_peripheral.o)
 .text.GAP_MakeDiscoverable
                0x0000000000007c88       0xf0 c:/Users/pc/Documents/GitHub/ATC_BLE_OEPL_CH573/ATC_BLE_OEPL_CH573F_MounRiverProject/StdPeriphDriver\libCH57xBLE.a(gap_peripheral.o)
                0x0000000000007c88                GAP_MakeDiscoverable
 .text.GAP_EndDiscoverable
                0x0000000000007d78       0x5c c:/Users/pc/Documents/GitHub/ATC_BLE_OEPL_CH573/ATC_BLE_OEPL_CH573F_MounRiverProject/StdPeriphDriver\libCH57xBLE.a(gap_peripheral.o)
                0x0000000000007d78                GAP_EndDiscoverable
 .text.gapProcessAdvertisingEvt
                0x0000000000007dd4       0x90 c:/Users/pc/Documents/GitHub/ATC_BLE_OEPL_CH573/ATC_BLE_OEPL_CH573F_MounRiverProject/StdPeriphDriver\libCH57xBLE.a(gap_peripheral.o)
 .text.GAP_UpdateAdvertisingData
                0x0000000000007e64       0xb8 c:/Users/pc/Documents/GitHub/ATC_BLE_OEPL_CH573/ATC_BLE_OEPL_CH573F_MounRiverProject/StdPeriphDriver\libCH57xBLE.a(gap_peripheral.o)
                0x0000000000007e64                GAP_UpdateAdvertisingData
 .text.GAP_PeriConnRegister
                0x0000000000007f1c       0x2a c:/Users/pc/Documents/GitHub/ATC_BLE_OEPL_CH573/ATC_BLE_OEPL_CH573F_MounRiverProject/StdPeriphDriver\libCH57xBLE.a(gap_peripheral.o)
                0x0000000000007f1c                GAP_PeriConnRegister
 .text.GAP_PeriDevMgrInit
                0x0000000000007f46       0xbc c:/Users/pc/Documents/GitHub/ATC_BLE_OEPL_CH573/ATC_BLE_OEPL_CH573F_MounRiverProject/StdPeriphDriver\libCH57xBLE.a(gap_peripheral.o)
                0x0000000000007f46                GAP_PeriDevMgrInit
 .text.ggs_SetAttrWPermit
                0x0000000000008002       0x68 c:/Users/pc/Documents/GitHub/ATC_BLE_OEPL_CH573/ATC_BLE_OEPL_CH573F_MounRiverProject/StdPeriphDriver\libCH57xBLE.a(gapgattserver.o)
 .text.ggs_ReadAttrCB
                0x000000000000806a      0x152 c:/Users/pc/Documents/GitHub/ATC_BLE_OEPL_CH573/ATC_BLE_OEPL_CH573F_MounRiverProject/StdPeriphDriver\libCH57xBLE.a(gapgattserver.o)
 .text.ggs_WriteAttrCB
                0x00000000000081bc      0x154 c:/Users/pc/Documents/GitHub/ATC_BLE_OEPL_CH573/ATC_BLE_OEPL_CH573F_MounRiverProject/StdPeriphDriver\libCH57xBLE.a(gapgattserver.o)
 .text.GGS_ParamInit
                0x0000000000008310      0x23a c:/Users/pc/Documents/GitHub/ATC_BLE_OEPL_CH573/ATC_BLE_OEPL_CH573F_MounRiverProject/StdPeriphDriver\libCH57xBLE.a(gapgattserver.o)
                0x0000000000008310                GGS_ParamInit
 .text.GGS_SetParameter
                0x000000000000854a       0xde c:/Users/pc/Documents/GitHub/ATC_BLE_OEPL_CH573/ATC_BLE_OEPL_CH573F_MounRiverProject/StdPeriphDriver\libCH57xBLE.a(gapgattserver.o)
                0x000000000000854a                GGS_SetParameter
 .text.GGS_AddService
                0x0000000000008628       0x2c c:/Users/pc/Documents/GitHub/ATC_BLE_OEPL_CH573/ATC_BLE_OEPL_CH573F_MounRiverProject/StdPeriphDriver\libCH57xBLE.a(gapgattserver.o)
                0x0000000000008628                GGS_AddService
 .text.GAP_DeviceInit
                0x0000000000008654       0xd8 c:/Users/pc/Documents/GitHub/ATC_BLE_OEPL_CH573/ATC_BLE_OEPL_CH573F_MounRiverProject/StdPeriphDriver\libCH57xBLE.a(gapgattserver.o)
                0x0000000000008654                GAP_DeviceInit
 .text.gattGetPayload
                0x000000000000872c       0x7e c:/Users/pc/Documents/GitHub/ATC_BLE_OEPL_CH573/ATC_BLE_OEPL_CH573F_MounRiverProject/StdPeriphDriver\libCH57xBLE.a(gatt.o)
                0x000000000000872c                gattGetPayload
 .text.gattNotifyEvent
                0x00000000000087aa       0x80 c:/Users/pc/Documents/GitHub/ATC_BLE_OEPL_CH573/ATC_BLE_OEPL_CH573F_MounRiverProject/StdPeriphDriver\libCH57xBLE.a(gatt.o)
                0x00000000000087aa                gattNotifyEvent
 .text.gattSendFlowCtrlEvt
                0x000000000000882a       0x4a c:/Users/pc/Documents/GitHub/ATC_BLE_OEPL_CH573/ATC_BLE_OEPL_CH573F_MounRiverProject/StdPeriphDriver\libCH57xBLE.a(gatt.o)
                0x000000000000882a                gattSendFlowCtrlEvt
 .text.gattStartTimer
                0x0000000000008874        0xc c:/Users/pc/Documents/GitHub/ATC_BLE_OEPL_CH573/ATC_BLE_OEPL_CH573F_MounRiverProject/StdPeriphDriver\libCH57xBLE.a(gatt.o)
                0x0000000000008874                gattStartTimer
 .text.gattStopTimer
                0x0000000000008880       0x32 c:/Users/pc/Documents/GitHub/ATC_BLE_OEPL_CH573/ATC_BLE_OEPL_CH573F_MounRiverProject/StdPeriphDriver\libCH57xBLE.a(gatt.o)
                0x0000000000008880                gattStopTimer
 .text.GATT_AppCompletedMsg
                0x00000000000088b2       0x30 c:/Users/pc/Documents/GitHub/ATC_BLE_OEPL_CH573/ATC_BLE_OEPL_CH573F_MounRiverProject/StdPeriphDriver\libCH57xBLE.a(gatt.o)
                0x00000000000088b2                GATT_AppCompletedMsg
 .text.GATT_NotifyEvent
                0x00000000000088e2       0x4e c:/Users/pc/Documents/GitHub/ATC_BLE_OEPL_CH573/ATC_BLE_OEPL_CH573F_MounRiverProject/StdPeriphDriver\libCH57xBLE.a(gatt.o)
                0x00000000000088e2                GATT_NotifyEvent
 .text.gattRegisterServer
                0x0000000000008930        0x6 c:/Users/pc/Documents/GitHub/ATC_BLE_OEPL_CH573/ATC_BLE_OEPL_CH573F_MounRiverProject/StdPeriphDriver\libCH57xBLE.a(gatt.o)
                0x0000000000008930                gattRegisterServer
 .text.GATT_UpdateMTU
                0x0000000000008936       0x5c c:/Users/pc/Documents/GitHub/ATC_BLE_OEPL_CH573/ATC_BLE_OEPL_CH573F_MounRiverProject/StdPeriphDriver\libCH57xBLE.a(gatt.o)
                0x0000000000008936                GATT_UpdateMTU
 .text.GATT_bm_alloc
                0x0000000000008992       0xe8 c:/Users/pc/Documents/GitHub/ATC_BLE_OEPL_CH573/ATC_BLE_OEPL_CH573F_MounRiverProject/StdPeriphDriver\libCH57xBLE.a(gatt.o)
                0x0000000000008992                GATT_bm_alloc
 .text.GATT_ServiceChangedInd
                0x0000000000008a7a       0x94 c:/Users/pc/Documents/GitHub/ATC_BLE_OEPL_CH573/ATC_BLE_OEPL_CH573F_MounRiverProject/StdPeriphDriver\libCH57xBLE.a(gatt.o)
                0x0000000000008a7a                GATT_ServiceChangedInd
 .text.GATT_bm_free
                0x0000000000008b0e       0x1c c:/Users/pc/Documents/GitHub/ATC_BLE_OEPL_CH573/ATC_BLE_OEPL_CH573F_MounRiverProject/StdPeriphDriver\libCH57xBLE.a(gatt.o)
                0x0000000000008b0e                GATT_bm_free
 .text.GATT_RegisterForPeriMsgs
                0x0000000000008b2a        0x6 c:/Users/pc/Documents/GitHub/ATC_BLE_OEPL_CH573/ATC_BLE_OEPL_CH573F_MounRiverProject/StdPeriphDriver\libCH57xBLE.a(gatt.o)
                0x0000000000008b2a                GATT_RegisterForPeriMsgs
 .text.GATT_Init
                0x0000000000008b30       0x30 c:/Users/pc/Documents/GitHub/ATC_BLE_OEPL_CH573/ATC_BLE_OEPL_CH573F_MounRiverProject/StdPeriphDriver\libCH57xBLE.a(gatt.o)
                0x0000000000008b30                GATT_Init
 .text.GATT_ProcessEvent
                0x0000000000008b60      0x136 c:/Users/pc/Documents/GitHub/ATC_BLE_OEPL_CH573/ATC_BLE_OEPL_CH573F_MounRiverProject/StdPeriphDriver\libCH57xBLE.a(gatt.o)
                0x0000000000008b60                GATT_ProcessEvent
 .text.gattProcessExchangeMTUReq
                0x0000000000008c96        0x4 c:/Users/pc/Documents/GitHub/ATC_BLE_OEPL_CH573/ATC_BLE_OEPL_CH573F_MounRiverProject/StdPeriphDriver\libCH57xBLE.a(gattservapp.o)
 .text.gattServApp_FindCharCfgItem
                0x0000000000008c9a       0x24 c:/Users/pc/Documents/GitHub/ATC_BLE_OEPL_CH573/ATC_BLE_OEPL_CH573F_MounRiverProject/StdPeriphDriver\libCH57xBLE.a(gattservapp.o)
 .text.gattServerHandleTimerCB
                0x0000000000008cbe       0x3c c:/Users/pc/Documents/GitHub/ATC_BLE_OEPL_CH573/ATC_BLE_OEPL_CH573F_MounRiverProject/StdPeriphDriver\libCH57xBLE.a(gattservapp.o)
 .text.gattProcessExecuteWriteReq
                0x0000000000008cfa        0x4 c:/Users/pc/Documents/GitHub/ATC_BLE_OEPL_CH573/ATC_BLE_OEPL_CH573F_MounRiverProject/StdPeriphDriver\libCH57xBLE.a(gattservapp.o)
 .text.GATTServApp_ParamInit
                0x0000000000008cfe       0xd8 c:/Users/pc/Documents/GitHub/ATC_BLE_OEPL_CH573/ATC_BLE_OEPL_CH573F_MounRiverProject/StdPeriphDriver\libCH57xBLE.a(gattservapp.o)
                0x0000000000008cfe                GATTServApp_ParamInit
 .text.GATTServApp_ReadCharCfg
                0x0000000000008dd6       0x18 c:/Users/pc/Documents/GitHub/ATC_BLE_OEPL_CH573/ATC_BLE_OEPL_CH573F_MounRiverProject/StdPeriphDriver\libCH57xBLE.a(gattservapp.o)
                0x0000000000008dd6                GATTServApp_ReadCharCfg
 .text.GATTServApp_WriteCharCfg
                0x0000000000008dee       0x3c c:/Users/pc/Documents/GitHub/ATC_BLE_OEPL_CH573/ATC_BLE_OEPL_CH573F_MounRiverProject/StdPeriphDriver\libCH57xBLE.a(gattservapp.o)
                0x0000000000008dee                GATTServApp_WriteCharCfg
 .text.GATTServApp_ProcessCCCWriteReq
                0x0000000000008e2a       0x60 c:/Users/pc/Documents/GitHub/ATC_BLE_OEPL_CH573/ATC_BLE_OEPL_CH573F_MounRiverProject/StdPeriphDriver\libCH57xBLE.a(gattservapp.o)
                0x0000000000008e2a                GATTServApp_ProcessCCCWriteReq
 .text.gattServApp_WriteAttrCB
                0x0000000000008e8a       0x34 c:/Users/pc/Documents/GitHub/ATC_BLE_OEPL_CH573/ATC_BLE_OEPL_CH573F_MounRiverProject/StdPeriphDriver\libCH57xBLE.a(gattservapp.o)
                0x0000000000008e8a                gattServApp_WriteAttrCB
 .text.GATTServApp_SendCCCUpdatedEvent
                0x0000000000008ebe       0x5e c:/Users/pc/Documents/GitHub/ATC_BLE_OEPL_CH573/ATC_BLE_OEPL_CH573F_MounRiverProject/StdPeriphDriver\libCH57xBLE.a(gattservapp.o)
                0x0000000000008ebe                GATTServApp_SendCCCUpdatedEvent
 .text.GATTServApp_SendServiceChangedInd
                0x0000000000008f1c       0x38 c:/Users/pc/Documents/GitHub/ATC_BLE_OEPL_CH573/ATC_BLE_OEPL_CH573F_MounRiverProject/StdPeriphDriver\libCH57xBLE.a(gattservapp.o)
                0x0000000000008f1c                GATTServApp_SendServiceChangedInd
 .text.gattServApp_ClearPrepareWriteQ
                0x0000000000008f54       0x4c c:/Users/pc/Documents/GitHub/ATC_BLE_OEPL_CH573/ATC_BLE_OEPL_CH573F_MounRiverProject/StdPeriphDriver\libCH57xBLE.a(gattservapp.o)
                0x0000000000008f54                gattServApp_ClearPrepareWriteQ
 .text.gattServApp_FindPrepareWriteQ
                0x0000000000008fa0       0x32 c:/Users/pc/Documents/GitHub/ATC_BLE_OEPL_CH573/ATC_BLE_OEPL_CH573F_MounRiverProject/StdPeriphDriver\libCH57xBLE.a(gattservapp.o)
                0x0000000000008fa0                gattServApp_FindPrepareWriteQ
 .text.gattServApp_FindServiceCBs
                0x0000000000008fd2       0x18 c:/Users/pc/Documents/GitHub/ATC_BLE_OEPL_CH573/ATC_BLE_OEPL_CH573F_MounRiverProject/StdPeriphDriver\libCH57xBLE.a(gattservapp.o)
                0x0000000000008fd2                gattServApp_FindServiceCBs
 .text.gattServApp_FindAuthorizeAttrCB
                0x0000000000008fea       0x16 c:/Users/pc/Documents/GitHub/ATC_BLE_OEPL_CH573/ATC_BLE_OEPL_CH573F_MounRiverProject/StdPeriphDriver\libCH57xBLE.a(gattservapp.o)
                0x0000000000008fea                gattServApp_FindAuthorizeAttrCB
 .text.gattServApp_IsWriteLong
                0x0000000000009000       0xe6 c:/Users/pc/Documents/GitHub/ATC_BLE_OEPL_CH573/ATC_BLE_OEPL_CH573F_MounRiverProject/StdPeriphDriver\libCH57xBLE.a(gattservapp.o)
                0x0000000000009000                gattServApp_IsWriteLong
 .text.gattFindService
                0x00000000000090e6       0x1c c:/Users/pc/Documents/GitHub/ATC_BLE_OEPL_CH573/ATC_BLE_OEPL_CH573F_MounRiverProject/StdPeriphDriver\libCH57xBLE.a(gattservapp.o)
                0x00000000000090e6                gattFindService
 .text.GATT_ServiceNumAttrs
                0x0000000000009102       0x18 c:/Users/pc/Documents/GitHub/ATC_BLE_OEPL_CH573/ATC_BLE_OEPL_CH573F_MounRiverProject/StdPeriphDriver\libCH57xBLE.a(gattservapp.o)
                0x0000000000009102                GATT_ServiceNumAttrs
 .text.GATT_ServiceEncKeySize
                0x000000000000911a       0x18 c:/Users/pc/Documents/GitHub/ATC_BLE_OEPL_CH573/ATC_BLE_OEPL_CH573F_MounRiverProject/StdPeriphDriver\libCH57xBLE.a(gattservapp.o)
                0x000000000000911a                GATT_ServiceEncKeySize
 .text.GATT_VerifyWritePermissions.part.7
                0x0000000000009132       0x2e c:/Users/pc/Documents/GitHub/ATC_BLE_OEPL_CH573/ATC_BLE_OEPL_CH573F_MounRiverProject/StdPeriphDriver\libCH57xBLE.a(gattservapp.o)
 .text.gattResetServerInfo
                0x0000000000009160       0x1c c:/Users/pc/Documents/GitHub/ATC_BLE_OEPL_CH573/ATC_BLE_OEPL_CH573F_MounRiverProject/StdPeriphDriver\libCH57xBLE.a(gattservapp.o)
                0x0000000000009160                gattResetServerInfo
 .text.gattFindServerInfo
                0x000000000000917c       0x32 c:/Users/pc/Documents/GitHub/ATC_BLE_OEPL_CH573/ATC_BLE_OEPL_CH573F_MounRiverProject/StdPeriphDriver\libCH57xBLE.a(gattservapp.o)
                0x000000000000917c                gattFindServerInfo
 .text.gattServerHandleConnStatusCB
                0x00000000000091ae       0x98 c:/Users/pc/Documents/GitHub/ATC_BLE_OEPL_CH573/ATC_BLE_OEPL_CH573F_MounRiverProject/StdPeriphDriver\libCH57xBLE.a(gattservapp.o)
                0x00000000000091ae                gattServerHandleConnStatusCB
 .text.gattServerProcessMsgCB
                0x0000000000009246      0x1c0 c:/Users/pc/Documents/GitHub/ATC_BLE_OEPL_CH573/ATC_BLE_OEPL_CH573F_MounRiverProject/StdPeriphDriver\libCH57xBLE.a(gattservapp.o)
                0x0000000000009246                gattServerProcessMsgCB
 .text.gattServerNotifyTxCB
                0x0000000000009406       0x28 c:/Users/pc/Documents/GitHub/ATC_BLE_OEPL_CH573/ATC_BLE_OEPL_CH573F_MounRiverProject/StdPeriphDriver\libCH57xBLE.a(gattservapp.o)
 .text.GATT_FindHandle
                0x000000000000942e       0x4a c:/Users/pc/Documents/GitHub/ATC_BLE_OEPL_CH573/ATC_BLE_OEPL_CH573F_MounRiverProject/StdPeriphDriver\libCH57xBLE.a(gattservapp.o)
                0x000000000000942e                GATT_FindHandle
 .text.GATTServApp_WriteAttr
                0x0000000000009478       0xa8 c:/Users/pc/Documents/GitHub/ATC_BLE_OEPL_CH573/ATC_BLE_OEPL_CH573F_MounRiverProject/StdPeriphDriver\libCH57xBLE.a(gattservapp.o)
                0x0000000000009478                GATTServApp_WriteAttr
 .text.gattServApp_ProcessExecuteWriteReq
                0x0000000000009520      0x100 c:/Users/pc/Documents/GitHub/ATC_BLE_OEPL_CH573/ATC_BLE_OEPL_CH573F_MounRiverProject/StdPeriphDriver\libCH57xBLE.a(gattservapp.o)
                0x0000000000009520                gattServApp_ProcessExecuteWriteReq
 .text.GATTServApp_UpdateCharCfg
                0x0000000000009620       0x1e c:/Users/pc/Documents/GitHub/ATC_BLE_OEPL_CH573/ATC_BLE_OEPL_CH573F_MounRiverProject/StdPeriphDriver\libCH57xBLE.a(gattservapp.o)
                0x0000000000009620                GATTServApp_UpdateCharCfg
 .text.gattServApp_ProcessPrepareWriteReq
                0x000000000000963e      0x10e c:/Users/pc/Documents/GitHub/ATC_BLE_OEPL_CH573/ATC_BLE_OEPL_CH573F_MounRiverProject/StdPeriphDriver\libCH57xBLE.a(gattservapp.o)
                0x000000000000963e                gattServApp_ProcessPrepareWriteReq
 .text.gattServApp_ProcessWriteReq
                0x000000000000974c       0xb0 c:/Users/pc/Documents/GitHub/ATC_BLE_OEPL_CH573/ATC_BLE_OEPL_CH573F_MounRiverProject/StdPeriphDriver\libCH57xBLE.a(gattservapp.o)
                0x000000000000974c                gattServApp_ProcessWriteReq
 .text.GATT_Indication
                0x00000000000097fc       0xa4 c:/Users/pc/Documents/GitHub/ATC_BLE_OEPL_CH573/ATC_BLE_OEPL_CH573F_MounRiverProject/StdPeriphDriver\libCH57xBLE.a(gattservapp.o)
                0x00000000000097fc                GATT_Indication
 .text.GATT_FindHandleUUID
                0x00000000000098a0       0x94 c:/Users/pc/Documents/GitHub/ATC_BLE_OEPL_CH573/ATC_BLE_OEPL_CH573F_MounRiverProject/StdPeriphDriver\libCH57xBLE.a(gattservapp.o)
                0x00000000000098a0                GATT_FindHandleUUID
 .text.gattProcessReadByGrpTypeReq
                0x0000000000009934       0x60 c:/Users/pc/Documents/GitHub/ATC_BLE_OEPL_CH573/ATC_BLE_OEPL_CH573F_MounRiverProject/StdPeriphDriver\libCH57xBLE.a(gattservapp.o)
 .text.gattProcessReadByTypeReq
                0x0000000000009994       0x34 c:/Users/pc/Documents/GitHub/ATC_BLE_OEPL_CH573/ATC_BLE_OEPL_CH573F_MounRiverProject/StdPeriphDriver\libCH57xBLE.a(gattservapp.o)
 .text.gattProcessFindByTypeValueReq
                0x00000000000099c8       0x34 c:/Users/pc/Documents/GitHub/ATC_BLE_OEPL_CH573/ATC_BLE_OEPL_CH573F_MounRiverProject/StdPeriphDriver\libCH57xBLE.a(gattservapp.o)
 .text.gattProcessFindInfoReq
                0x00000000000099fc      0x1aa c:/Users/pc/Documents/GitHub/ATC_BLE_OEPL_CH573/ATC_BLE_OEPL_CH573F_MounRiverProject/StdPeriphDriver\libCH57xBLE.a(gattservapp.o)
 .text.GATT_Notification
                0x0000000000009ba6       0x70 c:/Users/pc/Documents/GitHub/ATC_BLE_OEPL_CH573/ATC_BLE_OEPL_CH573F_MounRiverProject/StdPeriphDriver\libCH57xBLE.a(gattservapp.o)
                0x0000000000009ba6                GATT_Notification
 .text.GATT_VerifyWritePermissions
                0x0000000000009c16       0x6a c:/Users/pc/Documents/GitHub/ATC_BLE_OEPL_CH573/ATC_BLE_OEPL_CH573F_MounRiverProject/StdPeriphDriver\libCH57xBLE.a(gattservapp.o)
                0x0000000000009c16                GATT_VerifyWritePermissions
 .text.gattProcessWriteReq
                0x0000000000009c80       0x36 c:/Users/pc/Documents/GitHub/ATC_BLE_OEPL_CH573/ATC_BLE_OEPL_CH573F_MounRiverProject/StdPeriphDriver\libCH57xBLE.a(gattservapp.o)
 .text.GATT_VerifyPrepareWritePermissions
                0x0000000000009cb6       0x56 c:/Users/pc/Documents/GitHub/ATC_BLE_OEPL_CH573/ATC_BLE_OEPL_CH573F_MounRiverProject/StdPeriphDriver\libCH57xBLE.a(gattservapp.o)
                0x0000000000009cb6                GATT_VerifyPrepareWritePermissions
 .text.gattProcessPrepareWriteReq
                0x0000000000009d0c       0x36 c:/Users/pc/Documents/GitHub/ATC_BLE_OEPL_CH573/ATC_BLE_OEPL_CH573F_MounRiverProject/StdPeriphDriver\libCH57xBLE.a(gattservapp.o)
 .text.GATT_FindNextAttr
                0x0000000000009d42       0xc2 c:/Users/pc/Documents/GitHub/ATC_BLE_OEPL_CH573/ATC_BLE_OEPL_CH573F_MounRiverProject/StdPeriphDriver\libCH57xBLE.a(gattservapp.o)
                0x0000000000009d42                GATT_FindNextAttr
 .text.GATTServApp_ReadAttr
                0x0000000000009e04      0x2e2 c:/Users/pc/Documents/GitHub/ATC_BLE_OEPL_CH573/ATC_BLE_OEPL_CH573F_MounRiverProject/StdPeriphDriver\libCH57xBLE.a(gattservapp.o)
                0x0000000000009e04                GATTServApp_ReadAttr
 .text.gattServApp_ProcessReadMultiReq
                0x000000000000a0e6      0x16e c:/Users/pc/Documents/GitHub/ATC_BLE_OEPL_CH573/ATC_BLE_OEPL_CH573F_MounRiverProject/StdPeriphDriver\libCH57xBLE.a(gattservapp.o)
                0x000000000000a0e6                gattServApp_ProcessReadMultiReq
 .text.gattServApp_ProcessFindByTypeValueReq
                0x000000000000a254      0x19c c:/Users/pc/Documents/GitHub/ATC_BLE_OEPL_CH573/ATC_BLE_OEPL_CH573F_MounRiverProject/StdPeriphDriver\libCH57xBLE.a(gattservapp.o)
                0x000000000000a254                gattServApp_ProcessFindByTypeValueReq
 .text.GATT_VerifyReadPermissions
                0x000000000000a3f0       0x68 c:/Users/pc/Documents/GitHub/ATC_BLE_OEPL_CH573/ATC_BLE_OEPL_CH573F_MounRiverProject/StdPeriphDriver\libCH57xBLE.a(gattservapp.o)
                0x000000000000a3f0                GATT_VerifyReadPermissions
 .text.gattProcessReadMultiReq
                0x000000000000a458       0xae c:/Users/pc/Documents/GitHub/ATC_BLE_OEPL_CH573/ATC_BLE_OEPL_CH573F_MounRiverProject/StdPeriphDriver\libCH57xBLE.a(gattservapp.o)
 .text.gattProcessReadReq
                0x000000000000a506       0x30 c:/Users/pc/Documents/GitHub/ATC_BLE_OEPL_CH573/ATC_BLE_OEPL_CH573F_MounRiverProject/StdPeriphDriver\libCH57xBLE.a(gattservapp.o)
 .text.gattServApp_ProcessReadByGrpTypeReq
                0x000000000000a536      0x21c c:/Users/pc/Documents/GitHub/ATC_BLE_OEPL_CH573/ATC_BLE_OEPL_CH573F_MounRiverProject/StdPeriphDriver\libCH57xBLE.a(gattservapp.o)
                0x000000000000a536                gattServApp_ProcessReadByGrpTypeReq
 .text.gattServApp_ProcessReadByTypeReq
                0x000000000000a752      0x1ae c:/Users/pc/Documents/GitHub/ATC_BLE_OEPL_CH573/ATC_BLE_OEPL_CH573F_MounRiverProject/StdPeriphDriver\libCH57xBLE.a(gattservapp.o)
                0x000000000000a752                gattServApp_ProcessReadByTypeReq
 .text.GATT_RegisterService
                0x000000000000a900       0xee c:/Users/pc/Documents/GitHub/ATC_BLE_OEPL_CH573/ATC_BLE_OEPL_CH573F_MounRiverProject/StdPeriphDriver\libCH57xBLE.a(gattservapp.o)
                0x000000000000a900                GATT_RegisterService
 .text.GATTServApp_RegisterService
                0x000000000000a9ee       0x7c c:/Users/pc/Documents/GitHub/ATC_BLE_OEPL_CH573/ATC_BLE_OEPL_CH573F_MounRiverProject/StdPeriphDriver\libCH57xBLE.a(gattservapp.o)
                0x000000000000a9ee                GATTServApp_RegisterService
 .text.GATTServApp_AddService
                0x000000000000aa6a       0x2c c:/Users/pc/Documents/GitHub/ATC_BLE_OEPL_CH573/ATC_BLE_OEPL_CH573F_MounRiverProject/StdPeriphDriver\libCH57xBLE.a(gattservapp.o)
                0x000000000000aa6a                GATTServApp_AddService
 .text.GATTServApp_RegisterForMsg
                0x000000000000aa96        0x6 c:/Users/pc/Documents/GitHub/ATC_BLE_OEPL_CH573/ATC_BLE_OEPL_CH573F_MounRiverProject/StdPeriphDriver\libCH57xBLE.a(gattservapp.o)
                0x000000000000aa96                GATTServApp_RegisterForMsg
 .text.GATTServApp_InitCharCfg
                0x000000000000aa9c       0x3e c:/Users/pc/Documents/GitHub/ATC_BLE_OEPL_CH573/ATC_BLE_OEPL_CH573F_MounRiverProject/StdPeriphDriver\libCH57xBLE.a(gattservapp.o)
                0x000000000000aa9c                GATTServApp_InitCharCfg
 .text.gattServApp_HandleConnStatusCB
                0x000000000000aada       0x74 c:/Users/pc/Documents/GitHub/ATC_BLE_OEPL_CH573/ATC_BLE_OEPL_CH573F_MounRiverProject/StdPeriphDriver\libCH57xBLE.a(gattservapp.o)
                0x000000000000aada                gattServApp_HandleConnStatusCB
 .text.GATT_InitServer
                0x000000000000ab4e       0xac c:/Users/pc/Documents/GitHub/ATC_BLE_OEPL_CH573/ATC_BLE_OEPL_CH573F_MounRiverProject/StdPeriphDriver\libCH57xBLE.a(gattservapp.o)
                0x000000000000ab4e                GATT_InitServer
 .text.GATTServApp_Init
                0x000000000000abfa       0x4a c:/Users/pc/Documents/GitHub/ATC_BLE_OEPL_CH573/ATC_BLE_OEPL_CH573F_MounRiverProject/StdPeriphDriver\libCH57xBLE.a(gattservapp.o)
                0x000000000000abfa                GATTServApp_Init
 .text.GATTServApp_ProcessEvent
                0x000000000000ac44      0x366 c:/Users/pc/Documents/GitHub/ATC_BLE_OEPL_CH573/ATC_BLE_OEPL_CH573F_MounRiverProject/StdPeriphDriver\libCH57xBLE.a(gattservapp.o)
                0x000000000000ac44                GATTServApp_ProcessEvent
 .text.l2capAllocConnChannel
                0x000000000000afaa       0xd8 c:/Users/pc/Documents/GitHub/ATC_BLE_OEPL_CH573/ATC_BLE_OEPL_CH573F_MounRiverProject/StdPeriphDriver\libCH57xBLE.a(l2cap.o)
                0x000000000000afaa                l2capAllocConnChannel
 .text.l2capFindLocalCID
                0x000000000000b082       0x2c c:/Users/pc/Documents/GitHub/ATC_BLE_OEPL_CH573/ATC_BLE_OEPL_CH573F_MounRiverProject/StdPeriphDriver\libCH57xBLE.a(l2cap.o)
                0x000000000000b082                l2capFindLocalCID
 .text.l2capFindLocalId
                0x000000000000b0ae       0x30 c:/Users/pc/Documents/GitHub/ATC_BLE_OEPL_CH573/ATC_BLE_OEPL_CH573F_MounRiverProject/StdPeriphDriver\libCH57xBLE.a(l2cap.o)
                0x000000000000b0ae                l2capFindLocalId
 .text.l2capFindPsm
                0x000000000000b0de       0x2c c:/Users/pc/Documents/GitHub/ATC_BLE_OEPL_CH573/ATC_BLE_OEPL_CH573F_MounRiverProject/StdPeriphDriver\libCH57xBLE.a(l2cap.o)
                0x000000000000b0de                l2capFindPsm
 .text.l2capFindRemoteCID
                0x000000000000b10a       0x3c c:/Users/pc/Documents/GitHub/ATC_BLE_OEPL_CH573/ATC_BLE_OEPL_CH573F_MounRiverProject/StdPeriphDriver\libCH57xBLE.a(l2cap.o)
                0x000000000000b10a                l2capFindRemoteCID
 .text.l2capFreeChannel
                0x000000000000b146       0x4a c:/Users/pc/Documents/GitHub/ATC_BLE_OEPL_CH573/ATC_BLE_OEPL_CH573F_MounRiverProject/StdPeriphDriver\libCH57xBLE.a(l2cap.o)
                0x000000000000b146                l2capFreeChannel
 .text.l2capDisconnectChannel
                0x000000000000b190       0x28 c:/Users/pc/Documents/GitHub/ATC_BLE_OEPL_CH573/ATC_BLE_OEPL_CH573F_MounRiverProject/StdPeriphDriver\libCH57xBLE.a(l2cap.o)
                0x000000000000b190                l2capDisconnectChannel
 .text.l2capHandleTimerCB
                0x000000000000b1b8       0x2c c:/Users/pc/Documents/GitHub/ATC_BLE_OEPL_CH573/ATC_BLE_OEPL_CH573F_MounRiverProject/StdPeriphDriver\libCH57xBLE.a(l2cap.o)
                0x000000000000b1b8                l2capHandleTimerCB
 .text.l2capFreePendingPkt
                0x000000000000b1e4       0x58 c:/Users/pc/Documents/GitHub/ATC_BLE_OEPL_CH573/ATC_BLE_OEPL_CH573F_MounRiverProject/StdPeriphDriver\libCH57xBLE.a(l2cap.o)
                0x000000000000b1e4                l2capFreePendingPkt
 .text.l2capGetCoChannelInfo
                0x000000000000b23c       0x7e c:/Users/pc/Documents/GitHub/ATC_BLE_OEPL_CH573/ATC_BLE_OEPL_CH573F_MounRiverProject/StdPeriphDriver\libCH57xBLE.a(l2cap.o)
                0x000000000000b23c                l2capGetCoChannelInfo
 .text.l2capNumActiveChannnels
                0x000000000000b2ba       0x44 c:/Users/pc/Documents/GitHub/ATC_BLE_OEPL_CH573/ATC_BLE_OEPL_CH573F_MounRiverProject/StdPeriphDriver\libCH57xBLE.a(l2cap.o)
                0x000000000000b2ba                l2capNumActiveChannnels
 .text.l2capStartTimer
                0x000000000000b2fe       0x1a c:/Users/pc/Documents/GitHub/ATC_BLE_OEPL_CH573/ATC_BLE_OEPL_CH573F_MounRiverProject/StdPeriphDriver\libCH57xBLE.a(l2cap.o)
                0x000000000000b2fe                l2capStartTimer
 .text.l2capStopTimer
                0x000000000000b318       0x1e c:/Users/pc/Documents/GitHub/ATC_BLE_OEPL_CH573/ATC_BLE_OEPL_CH573F_MounRiverProject/StdPeriphDriver\libCH57xBLE.a(l2cap.o)
                0x000000000000b318                l2capStopTimer
 .text.l2capDisconnectAllChannels
                0x000000000000b336       0xdc c:/Users/pc/Documents/GitHub/ATC_BLE_OEPL_CH573/ATC_BLE_OEPL_CH573F_MounRiverProject/StdPeriphDriver\libCH57xBLE.a(l2cap.o)
                0x000000000000b336                l2capDisconnectAllChannels
 .text.l2capHandleConnStatusCB
                0x000000000000b412       0x3c c:/Users/pc/Documents/GitHub/ATC_BLE_OEPL_CH573/ATC_BLE_OEPL_CH573F_MounRiverProject/StdPeriphDriver\libCH57xBLE.a(l2cap.o)
                0x000000000000b412                l2capHandleConnStatusCB
 .text.l2capHandleRxError
                0x000000000000b44e        0x6 c:/Users/pc/Documents/GitHub/ATC_BLE_OEPL_CH573/ATC_BLE_OEPL_CH573F_MounRiverProject/StdPeriphDriver\libCH57xBLE.a(l2cap.o)
                0x000000000000b44e                l2capHandleRxError
 .text.L2CAP_GetMTU
                0x000000000000b454        0x6 c:/Users/pc/Documents/GitHub/ATC_BLE_OEPL_CH573/ATC_BLE_OEPL_CH573F_MounRiverProject/StdPeriphDriver\libCH57xBLE.a(l2cap.o)
                0x000000000000b454                L2CAP_GetMTU
 .text.L2CAP_HostNumCompletedPkts
                0x000000000000b45a       0x28 c:/Users/pc/Documents/GitHub/ATC_BLE_OEPL_CH573/ATC_BLE_OEPL_CH573F_MounRiverProject/StdPeriphDriver\libCH57xBLE.a(l2cap.o)
                0x000000000000b45a                L2CAP_HostNumCompletedPkts
 .text.L2CAP_ParseConnectReq
                0x000000000000b482       0x5e c:/Users/pc/Documents/GitHub/ATC_BLE_OEPL_CH573/ATC_BLE_OEPL_CH573F_MounRiverProject/StdPeriphDriver\libCH57xBLE.a(l2cap.o)
                0x000000000000b482                L2CAP_ParseConnectReq
 .text.L2CAP_ParseFlowCtrlCredit
                0x000000000000b4e0       0x2e c:/Users/pc/Documents/GitHub/ATC_BLE_OEPL_CH573/ATC_BLE_OEPL_CH573F_MounRiverProject/StdPeriphDriver\libCH57xBLE.a(l2cap.o)
                0x000000000000b4e0                L2CAP_ParseFlowCtrlCredit
 .text.L2CAP_RegisterApp
                0x000000000000b50e       0x30 c:/Users/pc/Documents/GitHub/ATC_BLE_OEPL_CH573/ATC_BLE_OEPL_CH573F_MounRiverProject/StdPeriphDriver\libCH57xBLE.a(l2cap.o)
                0x000000000000b50e                L2CAP_RegisterApp
 .text.L2CAP_SetBufSize
                0x000000000000b53e       0x1e c:/Users/pc/Documents/GitHub/ATC_BLE_OEPL_CH573/ATC_BLE_OEPL_CH573F_MounRiverProject/StdPeriphDriver\libCH57xBLE.a(l2cap.o)
                0x000000000000b53e                L2CAP_SetBufSize
 .text.L2CAP_bm_alloc
                0x000000000000b55c       0x2a c:/Users/pc/Documents/GitHub/ATC_BLE_OEPL_CH573/ATC_BLE_OEPL_CH573F_MounRiverProject/StdPeriphDriver\libCH57xBLE.a(l2cap.o)
                0x000000000000b55c                L2CAP_bm_alloc
 .text.L2CAP_Init
                0x000000000000b586       0xee c:/Users/pc/Documents/GitHub/ATC_BLE_OEPL_CH573/ATC_BLE_OEPL_CH573F_MounRiverProject/StdPeriphDriver\libCH57xBLE.a(l2cap.o)
                0x000000000000b586                L2CAP_Init
 .text.L2CAP_ProcessEvent
                0x000000000000b674       0xc8 c:/Users/pc/Documents/GitHub/ATC_BLE_OEPL_CH573/ATC_BLE_OEPL_CH573F_MounRiverProject/StdPeriphDriver\libCH57xBLE.a(l2cap.o)
                0x000000000000b674                L2CAP_ProcessEvent
 .text.l2capParseCmdReject
                0x000000000000b73c       0x5e c:/Users/pc/Documents/GitHub/ATC_BLE_OEPL_CH573/ATC_BLE_OEPL_CH573F_MounRiverProject/StdPeriphDriver\libCH57xBLE.a(l2cap_input.o)
                0x000000000000b73c                l2capParseCmdReject
 .text.l2capParseDisconnectReq
                0x000000000000b79a       0x2e c:/Users/pc/Documents/GitHub/ATC_BLE_OEPL_CH573/ATC_BLE_OEPL_CH573F_MounRiverProject/StdPeriphDriver\libCH57xBLE.a(l2cap_input.o)
                0x000000000000b79a                l2capParseDisconnectReq
 .text.l2capParseDisconnectRsp
                0x000000000000b7c8       0x2e c:/Users/pc/Documents/GitHub/ATC_BLE_OEPL_CH573/ATC_BLE_OEPL_CH573F_MounRiverProject/StdPeriphDriver\libCH57xBLE.a(l2cap_input.o)
                0x000000000000b7c8                l2capParseDisconnectRsp
 .text.L2CAP_ParseParamUpdateReq
                0x000000000000b7f6       0x4e c:/Users/pc/Documents/GitHub/ATC_BLE_OEPL_CH573/ATC_BLE_OEPL_CH573F_MounRiverProject/StdPeriphDriver\libCH57xBLE.a(l2cap_input.o)
                0x000000000000b7f6                L2CAP_ParseParamUpdateReq
 .text.l2capParseParamUpdateRsp
                0x000000000000b844       0x1e c:/Users/pc/Documents/GitHub/ATC_BLE_OEPL_CH573/ATC_BLE_OEPL_CH573F_MounRiverProject/StdPeriphDriver\libCH57xBLE.a(l2cap_input.o)
                0x000000000000b844                l2capParseParamUpdateRsp
 .text.l2capProcessConnectReq
                0x000000000000b862       0xfc c:/Users/pc/Documents/GitHub/ATC_BLE_OEPL_CH573/ATC_BLE_OEPL_CH573F_MounRiverProject/StdPeriphDriver\libCH57xBLE.a(l2cap_input.o)
                0x000000000000b862                l2capProcessConnectReq
 .text.l2capParseConnectRsp
                0x000000000000b95e       0x5e c:/Users/pc/Documents/GitHub/ATC_BLE_OEPL_CH573/ATC_BLE_OEPL_CH573F_MounRiverProject/StdPeriphDriver\libCH57xBLE.a(l2cap_input.o)
                0x000000000000b95e                l2capParseConnectRsp
 .text.l2capParseSignalHdr
                0x000000000000b9bc       0x22 c:/Users/pc/Documents/GitHub/ATC_BLE_OEPL_CH573/ATC_BLE_OEPL_CH573F_MounRiverProject/StdPeriphDriver\libCH57xBLE.a(l2cap_input.o)
                0x000000000000b9bc                l2capParseSignalHdr
 .text.l2capParsePacket
                0x000000000000b9de       0x8c c:/Users/pc/Documents/GitHub/ATC_BLE_OEPL_CH573/ATC_BLE_OEPL_CH573F_MounRiverProject/StdPeriphDriver\libCH57xBLE.a(l2cap_input.o)
                0x000000000000b9de                l2capParsePacket
 .text.l2capProcessReq
                0x000000000000ba6a      0x15a c:/Users/pc/Documents/GitHub/ATC_BLE_OEPL_CH573/ATC_BLE_OEPL_CH573F_MounRiverProject/StdPeriphDriver\libCH57xBLE.a(l2cap_input.o)
                0x000000000000ba6a                l2capProcessReq
 .text.l2capProcessRsp
                0x000000000000bbc4      0x150 c:/Users/pc/Documents/GitHub/ATC_BLE_OEPL_CH573/ATC_BLE_OEPL_CH573F_MounRiverProject/StdPeriphDriver\libCH57xBLE.a(l2cap_input.o)
                0x000000000000bbc4                l2capProcessRsp
 .text.l2capProcessRxData
                0x000000000000bd14       0xf8 c:/Users/pc/Documents/GitHub/ATC_BLE_OEPL_CH573/ATC_BLE_OEPL_CH573F_MounRiverProject/StdPeriphDriver\libCH57xBLE.a(l2cap_input.o)
                0x000000000000bd14                l2capProcessRxData
 .text.l2capNotifyData
                0x000000000000be0c       0x5a c:/Users/pc/Documents/GitHub/ATC_BLE_OEPL_CH573/ATC_BLE_OEPL_CH573F_MounRiverProject/StdPeriphDriver\libCH57xBLE.a(l2cap_output.o)
                0x000000000000be0c                l2capNotifyData
 .text.l2capNotifySignal
                0x000000000000be66       0x76 c:/Users/pc/Documents/GitHub/ATC_BLE_OEPL_CH573/ATC_BLE_OEPL_CH573F_MounRiverProject/StdPeriphDriver\libCH57xBLE.a(l2cap_output.o)
                0x000000000000be66                l2capNotifySignal
 .text.l2capNotifyCreditEvt
                0x000000000000bedc       0x9c c:/Users/pc/Documents/GitHub/ATC_BLE_OEPL_CH573/ATC_BLE_OEPL_CH573F_MounRiverProject/StdPeriphDriver\libCH57xBLE.a(l2cap_output.o)
                0x000000000000bedc                l2capNotifyCreditEvt
 .text.l2capNotifyChannelEstEvt
                0x000000000000bf78       0x58 c:/Users/pc/Documents/GitHub/ATC_BLE_OEPL_CH573/ATC_BLE_OEPL_CH573F_MounRiverProject/StdPeriphDriver\libCH57xBLE.a(l2cap_output.o)
                0x000000000000bf78                l2capNotifyChannelEstEvt
 .text.l2capNotifyChannelTermEvt
                0x000000000000bfd0       0x3e c:/Users/pc/Documents/GitHub/ATC_BLE_OEPL_CH573/ATC_BLE_OEPL_CH573F_MounRiverProject/StdPeriphDriver\libCH57xBLE.a(l2cap_output.o)
                0x000000000000bfd0                l2capNotifyChannelTermEvt
 .text.l2capNotifyEvent
                0x000000000000c00e       0x66 c:/Users/pc/Documents/GitHub/ATC_BLE_OEPL_CH573/ATC_BLE_OEPL_CH573F_MounRiverProject/StdPeriphDriver\libCH57xBLE.a(l2cap_output.o)
                0x000000000000c00e                l2capNotifyEvent
 .text.l2capStoreFCPkt
                0x000000000000c074       0x32 c:/Users/pc/Documents/GitHub/ATC_BLE_OEPL_CH573/ATC_BLE_OEPL_CH573F_MounRiverProject/StdPeriphDriver\libCH57xBLE.a(l2cap_output.o)
                0x000000000000c074                l2capStoreFCPkt
 .text.l2capFreeTxSDU
                0x000000000000c0a6       0x9a c:/Users/pc/Documents/GitHub/ATC_BLE_OEPL_CH573/ATC_BLE_OEPL_CH573F_MounRiverProject/StdPeriphDriver\libCH57xBLE.a(l2cap_output.o)
                0x000000000000c0a6                l2capFreeTxSDU
 .text.l2capReassembleSegment
                0x000000000000c140      0x174 c:/Users/pc/Documents/GitHub/ATC_BLE_OEPL_CH573/ATC_BLE_OEPL_CH573F_MounRiverProject/StdPeriphDriver\libCH57xBLE.a(l2cap_output.o)
                0x000000000000c140                l2capReassembleSegment
 .text.l2capEncapSendData
                0x000000000000c2b4       0xec c:/Users/pc/Documents/GitHub/ATC_BLE_OEPL_CH573/ATC_BLE_OEPL_CH573F_MounRiverProject/StdPeriphDriver\libCH57xBLE.a(l2cap_output.o)
                0x000000000000c2b4                l2capEncapSendData
 .text.l2capSendFCPkt.part.3
                0x000000000000c3a0       0x70 c:/Users/pc/Documents/GitHub/ATC_BLE_OEPL_CH573/ATC_BLE_OEPL_CH573F_MounRiverProject/StdPeriphDriver\libCH57xBLE.a(l2cap_output.o)
 .text.l2capSendSegment
                0x000000000000c410      0x108 c:/Users/pc/Documents/GitHub/ATC_BLE_OEPL_CH573/ATC_BLE_OEPL_CH573F_MounRiverProject/StdPeriphDriver\libCH57xBLE.a(l2cap_output.o)
                0x000000000000c410                l2capSendSegment
 .text.l2capSendNextSegment
                0x000000000000c518       0xb4 c:/Users/pc/Documents/GitHub/ATC_BLE_OEPL_CH573/ATC_BLE_OEPL_CH573F_MounRiverProject/StdPeriphDriver\libCH57xBLE.a(l2cap_output.o)
                0x000000000000c518                l2capSendNextSegment
 .text.l2capSendPkt
                0x000000000000c5cc       0x3a c:/Users/pc/Documents/GitHub/ATC_BLE_OEPL_CH573/ATC_BLE_OEPL_CH573F_MounRiverProject/StdPeriphDriver\libCH57xBLE.a(l2cap_output.o)
                0x000000000000c5cc                l2capSendPkt
 .text.L2CAP_SendData
                0x000000000000c606       0x82 c:/Users/pc/Documents/GitHub/ATC_BLE_OEPL_CH573/ATC_BLE_OEPL_CH573F_MounRiverProject/StdPeriphDriver\libCH57xBLE.a(l2cap_output.o)
                0x000000000000c606                L2CAP_SendData
 .text.l2capSendCmd
                0x000000000000c688       0x8a c:/Users/pc/Documents/GitHub/ATC_BLE_OEPL_CH573/ATC_BLE_OEPL_CH573F_MounRiverProject/StdPeriphDriver\libCH57xBLE.a(l2cap_output.o)
                0x000000000000c688                l2capSendCmd
 .text.l2capSendReq
                0x000000000000c712       0xae c:/Users/pc/Documents/GitHub/ATC_BLE_OEPL_CH573/ATC_BLE_OEPL_CH573F_MounRiverProject/StdPeriphDriver\libCH57xBLE.a(l2cap_output.o)
                0x000000000000c712                l2capSendReq
 .text.l2capBuildDisconnectReq
                0x000000000000c7c0       0x28 c:/Users/pc/Documents/GitHub/ATC_BLE_OEPL_CH573/ATC_BLE_OEPL_CH573F_MounRiverProject/StdPeriphDriver\libCH57xBLE.a(l2cap_sdu.o)
 .text.l2capBuildParamUpdateReq
                0x000000000000c7e8       0x4c c:/Users/pc/Documents/GitHub/ATC_BLE_OEPL_CH573/ATC_BLE_OEPL_CH573F_MounRiverProject/StdPeriphDriver\libCH57xBLE.a(l2cap_sdu.o)
 .text.l2capBuildParamUpdateRsp
                0x000000000000c834       0x16 c:/Users/pc/Documents/GitHub/ATC_BLE_OEPL_CH573/ATC_BLE_OEPL_CH573F_MounRiverProject/StdPeriphDriver\libCH57xBLE.a(l2cap_sdu.o)
 .text.l2capBuildConnectRsp
                0x000000000000c84a       0x5e c:/Users/pc/Documents/GitHub/ATC_BLE_OEPL_CH573/ATC_BLE_OEPL_CH573F_MounRiverProject/StdPeriphDriver\libCH57xBLE.a(l2cap_sdu.o)
 .text.l2capBuildCmdReject
                0x000000000000c8a8       0x62 c:/Users/pc/Documents/GitHub/ATC_BLE_OEPL_CH573/ATC_BLE_OEPL_CH573F_MounRiverProject/StdPeriphDriver\libCH57xBLE.a(l2cap_sdu.o)
                0x000000000000c8a8                l2capBuildCmdReject
 .text.l2capBuildDisconnectRsp
                0x000000000000c90a       0x28 c:/Users/pc/Documents/GitHub/ATC_BLE_OEPL_CH573/ATC_BLE_OEPL_CH573F_MounRiverProject/StdPeriphDriver\libCH57xBLE.a(l2cap_sdu.o)
                0x000000000000c90a                l2capBuildDisconnectRsp
 .text.l2capSendConnectRsp
                0x000000000000c932       0xa2 c:/Users/pc/Documents/GitHub/ATC_BLE_OEPL_CH573/ATC_BLE_OEPL_CH573F_MounRiverProject/StdPeriphDriver\libCH57xBLE.a(l2cap_sdu.o)
                0x000000000000c932                l2capSendConnectRsp
 .text.L2CAP_CmdReject