Archive member included to satisfy reference by file (symbol)

c:/Users/pc/Documents/GitHub/ATC_BLE_OEPL_CH573/ATC_BLE_OEPL_CH573F_MounRiverProject/StdPeriphDriver\libISP573.a(ISP573.o)
                              ./src/MCU.o (FLASH_EEPROM_CMD)
c:/Users/pc/Documents/GitHub/ATC_BLE_OEPL_CH573/ATC_BLE_OEPL_CH573F_MounRiverProject/StdPeriphDriver\libCH57xBLE.a(message.o)
                              ./src/MCU.o (tmos_msg_deallocate)
c:/Users/pc/Documents/GitHub/ATC_BLE_OEPL_CH573/ATC_BLE_OEPL_CH573F_MounRiverProject/StdPeriphDriver\libCH57xBLE.a(tmos.o)
                              ./src/devinfoservice.o (tmos_memcpy)
c:/Users/pc/Documents/GitHub/ATC_BLE_OEPL_CH573/ATC_BLE_OEPL_CH573F_MounRiverProject/StdPeriphDriver\libCH57xBLE.a(tmos_hw.o)
                              c:/Users/pc/Documents/GitHub/ATC_BLE_OEPL_CH573/ATC_BLE_OEPL_CH573F_MounRiverProject/StdPeriphDriver\libCH57xBLE.a(tmos.o) (RTC_Get32KClock)
c:/Users/pc/Documents/GitHub/ATC_BLE_OEPL_CH573/ATC_BLE_OEPL_CH573F_MounRiverProject/StdPeriphDriver\libCH57xBLE.a(tmos_snv.o)
                              c:/Users/pc/Documents/GitHub/ATC_BLE_OEPL_CH573/ATC_BLE_OEPL_CH573F_MounRiverProject/StdPeriphDriver\libCH57xBLE.a(tmos.o) (tmos_snv_init)
c:/Users/pc/Documents/GitHub/ATC_BLE_OEPL_CH573/ATC_BLE_OEPL_CH573F_MounRiverProject/StdPeriphDriver\libCH57xBLE.a(gap.o)
                              ./src/peripheral.o (GAP_SetParamValue)
c:/Users/pc/Documents/GitHub/ATC_BLE_OEPL_CH573/ATC_BLE_OEPL_CH573F_MounRiverProject/StdPeriphDriver\libCH57xBLE.a(gap_central.o)
                              c:/Users/pc/Documents/GitHub/ATC_BLE_OEPL_CH573/ATC_BLE_OEPL_CH573F_MounRiverProject/StdPeriphDriver\libCH57xBLE.a(gap.o) (GAP_CentralParamInit)
c:/Users/pc/Documents/GitHub/ATC_BLE_OEPL_CH573/ATC_BLE_OEPL_CH573F_MounRiverProject/StdPeriphDriver\libCH57xBLE.a(gap_peripheral.o)
                              c:/Users/pc/Documents/GitHub/ATC_BLE_OEPL_CH573/ATC_BLE_OEPL_CH573F_MounRiverProject/StdPeriphDriver\libCH57xBLE.a(gap.o) (GAP_PeripheralParamInit)
c:/Users/pc/Documents/GitHub/ATC_BLE_OEPL_CH573/ATC_BLE_OEPL_CH573F_MounRiverProject/StdPeriphDriver\libCH57xBLE.a(gapgattserver.o)
                              ./src/peripheral.o (GGS_SetParameter)
c:/Users/pc/Documents/GitHub/ATC_BLE_OEPL_CH573/ATC_BLE_OEPL_CH573F_MounRiverProject/StdPeriphDriver\libCH57xBLE.a(gatt.o)
                              ./src/peripheral.o (GATT_bm_alloc)
c:/Users/pc/Documents/GitHub/ATC_BLE_OEPL_CH573/ATC_BLE_OEPL_CH573F_MounRiverProject/StdPeriphDriver\libCH57xBLE.a(gatt_uuid.o)
                              c:/Users/pc/Documents/GitHub/ATC_BLE_OEPL_CH573/ATC_BLE_OEPL_CH573F_MounRiverProject/StdPeriphDriver\libCH57xBLE.a(gatt.o) (serviceChangedUUID)
c:/Users/pc/Documents/GitHub/ATC_BLE_OEPL_CH573/ATC_BLE_OEPL_CH573F_MounRiverProject/StdPeriphDriver\libCH57xBLE.a(gattclientapp.o)
                              c:/Users/pc/Documents/GitHub/ATC_BLE_OEPL_CH573/ATC_BLE_OEPL_CH573F_MounRiverProject/StdPeriphDriver\libCH57xBLE.a(gatt.o) (gattGetClientStatus)
c:/Users/pc/Documents/GitHub/ATC_BLE_OEPL_CH573/ATC_BLE_OEPL_CH573F_MounRiverProject/StdPeriphDriver\libCH57xBLE.a(gattservapp.o)
                              ./src/gattprofile.o (GATTServApp_ReadCharCfg)
c:/Users/pc/Documents/GitHub/ATC_BLE_OEPL_CH573/ATC_BLE_OEPL_CH573F_MounRiverProject/StdPeriphDriver\libCH57xBLE.a(l2cap.o)
                              c:/Users/pc/Documents/GitHub/ATC_BLE_OEPL_CH573/ATC_BLE_OEPL_CH573F_MounRiverProject/StdPeriphDriver\libCH57xBLE.a(gatt.o) (L2CAP_GetMTU)
c:/Users/pc/Documents/GitHub/ATC_BLE_OEPL_CH573/ATC_BLE_OEPL_CH573F_MounRiverProject/StdPeriphDriver\libCH57xBLE.a(l2cap_input.o)
                              c:/Users/pc/Documents/GitHub/ATC_BLE_OEPL_CH573/ATC_BLE_OEPL_CH573F_MounRiverProject/StdPeriphDriver\libCH57xBLE.a(l2cap.o) (l2capProcessRxData)
c:/Users/pc/Documents/GitHub/ATC_BLE_OEPL_CH573/ATC_BLE_OEPL_CH573F_MounRiverProject/StdPeriphDriver\libCH57xBLE.a(l2cap_output.o)
                              c:/Users/pc/Documents/GitHub/ATC_BLE_OEPL_CH573/ATC_BLE_OEPL_CH573F_MounRiverProject/StdPeriphDriver\libCH57xBLE.a(l2cap_input.o) (l2capNotifyData)
c:/Users/pc/Documents/GitHub/ATC_BLE_OEPL_CH573/ATC_BLE_OEPL_CH573F_MounRiverProject/StdPeriphDriver\libCH57xBLE.a(l2cap_sdu.o)
                              c:/Users/pc/Documents/GitHub/ATC_BLE_OEPL_CH573/ATC_BLE_OEPL_CH573F_MounRiverProject/StdPeriphDriver\libCH57xBLE.a(l2cap_input.o) (l2capBuildDisconnectRsp)
c:/Users/pc/Documents/GitHub/ATC_BLE_OEPL_CH573/ATC_BLE_OEPL_CH573F_MounRiverProject/StdPeriphDriver\libCH57xBLE.a(linkdb.o)
                              c:/Users/pc/Documents/GitHub/ATC_BLE_OEPL_CH573/ATC_BLE_OEPL_CH573F_MounRiverProject/StdPeriphDriver\libCH57xBLE.a(l2cap.o) (linkDB_Init)
c:/Users/pc/Documents/GitHub/ATC_BLE_OEPL_CH573/ATC_BLE_OEPL_CH573F_MounRiverProject/StdPeriphDriver\libCH57xBLE.a(sm.o)
[...]
Memory Configuration

Name             Origin             Length             Attributes
FLASH            0x0000000000000000 0x0000000000070000 xr
RAM              0x0000000020003800 0x0000000000004800 xrw
*default*        0x0000000000000000 0xffffffffffffffff

Linker script and memory map

LOAD ./src/KEY.o
LOAD ./src/LED.o
LOAD ./src/MCU.o
LOAD ./src/RTC.o
LOAD ./src/SLEEP.o
LOAD ./src/app_bleCmdHandle.o
LOAD ./src/devinfoservice.o
LOAD ./src/epd.o
LOAD ./src/gattprofile.o
LOAD ./src/main.o
LOAD ./src/peripheral.o
LOAD ./StdPeriphDriver/CH57x_adc.o
LOAD ./StdPeriphDriver/CH57x_clk.o
LOAD ./StdPeriphDriver/CH57x_flash.o
LOAD ./StdPeriphDriver/CH57x_gpio.o
LOAD ./StdPeriphDriver/CH57x_pwr.o
LOAD ./StdPeriphDriver/CH57x_sys.o
LOAD ./StdPeriphDriver/CH57x_uart0.o
LOAD ./StdPeriphDriver/CH57x_uart1.o
LOAD ./Startup/startup_CH573.o
LOAD ./RVMSIS/core_riscv.o
LOAD c:/Users/pc/Documents/GitHub/ATC_BLE_OEPL_CH573/ATC_BLE_OEPL_CH573F_MounRiverProject/StdPeriphDriver\libISP573.a
LOAD c:/Users/pc/Documents/GitHub/ATC_BLE_OEPL_CH573/ATC_BLE_OEPL_CH573F_MounRiverProject/StdPeriphDriver\libCH57xBLE.a
LOAD c:/mounriver/mounriver_studio2/resources/app/resources/win32/components/wch/toolchain/risc-v embedded gcc/bin/../lib/gcc/riscv-none-embed/8.2.0/rv32imac/ilp32\libgcc.a
LOAD c:/mounriver/mounriver_studio2/resources/app/resources/win32/components/wch/toolchain/risc-v embedded gcc/bin/../lib/gcc/riscv-none-embed/8.2.0/../../../../riscv-none-embed/lib/rv32imac/ilp32\libg_nano.a
LOAD c:/mounriver/mounriver_studio2/resources/app/resources/win32/components/wch/toolchain/risc-v embedded gcc/bin/../lib/gcc/riscv-none-embed/8.2.0/../../../../riscv-none-embed/lib/rv32imac/ilp32\libc_nano.a
LOAD c:/mounriver/mounriver_studio2/resources/app/resources/win32/components/wch/toolchain/risc-v embedded gcc/bin/../lib/gcc/riscv-none-embed/8.2.0/rv32imac/ilp32\libgcc.a
START GROUP
LOAD c:/mounriver/mounriver_studio2/resources/app/resources/win32/components/wch/toolchain/risc-v embedded gcc/bin/../lib/gcc/riscv-none-embed/8.2.0/rv32imac/ilp32\libgcc.a
LOAD c:/mounriver/mounriver_studio2/resources/app/resources/win32/components/wch/toolchain/risc-v embedded gcc/bin/../lib/gcc/riscv-none-embed/8.2.0/../../../../riscv-none-embed/lib/rv32imac/ilp32\libc_nano.a
LOAD c:/mounriver/mounriver_studio2/resources/app/resources/win32/components/wch/toolchain/risc-v embedded gcc/bin/../lib/gcc/riscv-none-embed/8.2.0/../../../../riscv-none-embed/lib/rv32imac/ilp32\libnosys.a
END GROUP
START GROUP
LOAD c:/mounriver/mounriver_studio2/resources/app/resources/win32/components/wch/toolchain/risc-v embedded gcc/bin/../lib/gcc/riscv-none-embed/8.2.0/rv32imac/ilp32\libgcc.a
LOAD c:/mounriver/mounriver_studio2/resources/app/resources/win32/components/wch/toolchain/risc-v embedded gcc/bin/../lib/gcc/riscv-none-embed/8.2.0/../../../../riscv-none-embed/lib/rv32imac/ilp32\libc_nano.a
LOAD c:/mounriver/mounriver_studio2/resources/app/resources/win32/components/wch/toolchain/risc-v embedded gcc/bin/../lib/gcc/riscv-none-embed/8.2.0/../../../../riscv-none-embed/lib/rv32imac/ilp32\libnosys.a
END GROUP
                0x0000000000000200                __stack_size = 0x200
                [!provide]                        PROVIDE (_stack_size = __stack_size)

.init           0x0000000000000000        0x4
                0x0000000000000000                _sinit = .
                0x0000000000000000                . = ALIGN (0x4)
 *(SORT_NONE(.init))
 .init          0x0000000000000000        0x4 ./Startup/startup_CH573.o
                0x0000000000000000                _start
                0x0000000000000004                . = ALIGN (0x4)
                0x0000000000000004                _einit = .

.highcodelalign
                0x0000000000000004        0x0
                0x0000000000000004                . = ALIGN (0x4)
                0x0000000000000004                PROVIDE (_highcode_lma = .)

.highcode       0x0000000020003800     0x145c load address 0x0000000000000004
                0x0000000020003800                . = ALIGN (0x4)
                0x0000000020003800                PROVIDE (_highcode_vma_start = .)
 *(.vector)
 .vector        0x0000000020003800       0x90 ./Startup/startup_CH573.o
 *(SORT_NONE(.vector_handler))
 .vector_handler
                0x0000000020003890       0x2c ./Startup/startup_CH573.o
                0x0000000020003890                NMI_Handler
                0x0000000020003894                SysTick_Handler
                0x0000000020003896                SW_Handler
                0x0000000020003898                TMR0_IRQHandler
                0x000000002000389a                GPIOA_IRQHandler
                0x000000002000389c                GPIOB_IRQHandler
                0x000000002000389e                SPI0_IRQHandler
                0x00000000200038a0                BB_IRQHandler
                0x00000000200038a2                LLE_IRQHandler
                0x00000000200038a4                USB_IRQHandler
                0x00000000200038a6                TMR1_IRQHandler
                0x00000000200038a8                TMR2_IRQHandler
                0x00000000200038aa                UART0_IRQHandler
                0x00000000200038ac                UART1_IRQHandler
                0x00000000200038b0                ADC_IRQHandler
                0x00000000200038b2                PWMX_IRQHandler
                0x00000000200038b4                TMR3_IRQHandler
                0x00000000200038b6                UART2_IRQHandler
                0x00000000200038b8                UART3_IRQHandler
                0x00000000200038ba                WDOG_BAT_IRQHandler
 *(.highcode)
 .highcode      0x00000000200038bc       0x16 ./src/RTC.o
                0x00000000200038bc                RTC_IRQHandler
 .highcode      0x00000000200038d2       0x12 ./src/main.o
                0x00000000200038d2                Main_Circulation
 .highcode      0x00000000200038e4       0x4a ./StdPeriphDriver/CH57x_clk.o
                0x00000000200038e4                Get_Calibration_Cnt_RAM
 .highcode      0x000000002000392e      0x2b8 ./StdPeriphDriver/CH57x_pwr.o
                0x000000002000392e                LowPower_Idle
                0x000000002000396c                LowPower_Halt
                0x0000000020003a28                LowPower_Sleep
                0x0000000020003b18                LowPower_Shutdown
 .highcode      0x0000000020003be6      0x1a8 ./StdPeriphDriver/CH57x_sys.o
                0x0000000020003be6                SetSysClock
                0x0000000020003ce2                SYS_ResetExecute
                0x0000000020003d1a                HardFault_Handler
                0x0000000020003d58                mDelayuS
                0x0000000020003d66                mDelaymS
 .highcode      0x0000000020003d8e      0x3ee c:/Users/pc/Documents/GitHub/ATC_BLE_OEPL_CH573/ATC_BLE_OEPL_CH573F_MounRiverProject/StdPeriphDriver\libISP573.a(ISP573.o)
                0x0000000020003d8e                FLASH_ROM_BEG
                0x0000000020003da0                FLASH_ROM_END
                0x0000000020003dae                FLASH_ROM_IN
                0x0000000020003dbc                FLASH_ROM_OUT
                0x0000000020003dca                FLASH_ROM_ADDR
                0x0000000020003e12                FLASH_ROM_WAIT
                0x0000000020003e4a                FLASH_EEPROM_CMD
 .highcode      0x000000002000417c      0x230 c:/Users/pc/Documents/GitHub/ATC_BLE_OEPL_CH573/ATC_BLE_OEPL_CH573F_MounRiverProject/StdPeriphDriver\libCH57xBLE.a(tmos.o)
                0x0000000020004198                tmos_memcpy
                0x00000000200041b8                tmos_memcpy_word
                0x00000000200041d4                TMOS_SystemProcess
 .highcode      0x00000000200043ac       0xc2 c:/Users/pc/Documents/GitHub/ATC_BLE_OEPL_CH573/ATC_BLE_OEPL_CH573F_MounRiverProject/StdPeriphDriver\libCH57xBLE.a(tmos_hw.o)
                0x00000000200043ac                BLE_GetHSEClock
                0x00000000200043ea                RTC_Get32KClock
                0x0000000020004402                SYS_GetTickCount
 .highcode      0x000000002000446e      0x138 c:/Users/pc/Documents/GitHub/ATC_BLE_OEPL_CH573/ATC_BLE_OEPL_CH573F_MounRiverProject/StdPeriphDriver\libCH57xBLE.a(ll_connect.o)
                0x000000002000446e                ll_connect_process_data
                0x00000000200044bc                ll_connect_event_continue
 .highcode      0x00000000200045a6      0x1b8 c:/Users/pc/Documents/GitHub/ATC_BLE_OEPL_CH573/ATC_BLE_OEPL_CH573F_MounRiverProject/StdPeriphDriver\libCH57xBLE.a(bb.o)
                0x00000000200045a6                BB_RAM_IRQHandler
 .highcode      0x000000002000475e      0x198 c:/Users/pc/Documents/GitHub/ATC_BLE_OEPL_CH573/ATC_BLE_OEPL_CH573F_MounRiverProject/StdPeriphDriver\libCH57xBLE.a(ip.o)
                0x000000002000475e                ll_tx_wait_finish
                0x000000002000478a                ll_tx_wait_tx_dma
                0x00000000200047e8                ll_rx_wait_finish
                0x000000002000481e                ll_rx_wait_tx_dma
                0x000000002000486c                ble_ll_chkcrc
 .highcode      0x00000000200048f6      0x17c c:/Users/pc/Documents/GitHub/ATC_BLE_OEPL_CH573/ATC_BLE_OEPL_CH573F_MounRiverProject/StdPeriphDriver\libCH57xBLE.a(lle.o)
                0x00000000200048f6                LLE_RAM_IRQHandler
 .highcode      0x0000000020004a72       0x82 c:/Users/pc/Documents/GitHub/ATC_BLE_OEPL_CH573/ATC_BLE_OEPL_CH573F_MounRiverProject/StdPeriphDriver\libCH57xBLE.a(rf_fh.o)
                0x0000000020004a72                RF_HopGetChannel
 .highcode      0x0000000020004af4       0x2c c:/Users/pc/Documents/GitHub/ATC_BLE_OEPL_CH573/ATC_BLE_OEPL_CH573F_MounRiverProject/StdPeriphDriver\libCH57xBLE.a(rfend.o)
                0x0000000020004af4                RFEND_WaitTune
 .highcode      0x0000000020004b20      0x13a c:/Users/pc/Documents/GitHub/ATC_BLE_OEPL_CH573/ATC_BLE_OEPL_CH573F_MounRiverProject/StdPeriphDriver\libCH57xBLE.a(memory.o)
                0x0000000020004b20                tmos_memory_allocate
                0x0000000020004bba                tmos_memory_free
 *(.highcode.*)
                0x0000000020004c5c                . = ALIGN (0x4)
 *fill*         0x0000000020004c5a        0x2 
                0x0000000020004c5c                PROVIDE (_highcode_vma_end = .)

.text           0x0000000000001460    0x1c05c
                0x0000000000001460                . = ALIGN (0x4)
 *(SORT_NONE(.handle_reset))
 .handle_reset  0x0000000000001460       0xa2 ./Startup/startup_CH573.o
                0x0000000000001460                handle_reset
 *(.text)
 .text          0x0000000000001502       0xa8 c:/mounriver/mounriver_studio2/resources/app/resources/win32/components/wch/toolchain/risc-v embedded gcc/bin/../lib/gcc/riscv-none-embed/8.2.0/../../../../riscv-none-embed/lib/rv32imac/ilp32\libg_nano.a(lib_a-memset.o)
                0x0000000000001502                memset
 *(.text.*)
 .text.Lib_Calibration_LSI
                0x00000000000015aa       0x30 ./src/MCU.o
                0x00000000000015aa                Lib_Calibration_LSI
 .text.Lib_Read_Flash
                0x00000000000015da       0x1c ./src/MCU.o
                0x00000000000015da                Lib_Read_Flash
 .text.Lib_Write_Flash
                0x00000000000015f6       0x40 ./src/MCU.o
                0x00000000000015f6                Lib_Write_Flash
 .text.HAL_GetInterTempValue
                0x0000000000001636       0x72 ./src/MCU.o
                0x0000000000001636                HAL_GetInterTempValue
 .text.HAL_ProcessEvent
                0x00000000000016a8       0x7e ./src/MCU.o
                0x00000000000016a8                HAL_ProcessEvent
 .text.CH57X_BLEInit
                0x0000000000001726      0x116 ./src/MCU.o
                0x0000000000001726                CH57X_BLEInit
 .text.HAL_Init
                0x000000000000183c       0x36 ./src/MCU.o
                0x000000000000183c                HAL_Init
 .text.RTC_SetTignTime
                0x0000000000001872       0x1c ./src/RTC.o
                0x0000000000001872                RTC_SetTignTime
 .text.HAL_TimeInit
                0x000000000000188e       0x4e ./src/RTC.o
                0x000000000000188e                HAL_TimeInit
 .text.CH57X_LowPower
                0x00000000000018dc       0x92 ./src/SLEEP.o
                0x00000000000018dc                CH57X_LowPower
 .text.HAL_SleepInit
                0x000000000000196e       0x3e ./src/SLEEP.o
                0x000000000000196e                HAL_SleepInit
 .text.processAvailDataInfoBLE
                0x00000000000019ac       0x1c ./src/app_bleCmdHandle.o
                0x00000000000019ac                processAvailDataInfoBLE
 .text.zb_ble_hci_cmd_handler
                0x00000000000019c8       0x88 ./src/app_bleCmdHandle.o
                0x00000000000019c8                zb_ble_hci_cmd_handler
 .text.EPD_Init
                0x0000000000001a50       0x84 ./src/epd.o
                0x0000000000001a50                EPD_Init
 .text.simpleProfile_ReadAttrCB
                0x0000000000001ad4       0x6c ./src/gattprofile.o
 .text.simpleProfile_WriteAttrCB
                0x0000000000001b40       0xa2 ./src/gattprofile.o
 .text.simpleProfile_HandleConnStatusCB
                0x0000000000001be2       0x3e ./src/gattprofile.o
 .text.SimpleProfile_AddService
                0x0000000000001c20       0x4c ./src/gattprofile.o
                0x0000000000001c20                SimpleProfile_AddService
 .text.SimpleProfile_RegisterAppCBs
                0x0000000000001c6c        0xe ./src/gattprofile.o
                0x0000000000001c6c                SimpleProfile_RegisterAppCBs
 .text.SimpleProfile_SetParameter
                0x0000000000001c7a       0x30 ./src/gattprofile.o
                0x0000000000001c7a                SimpleProfile_SetParameter
 .text.simpleProfile_Notify
                0x0000000000001caa       0x46 ./src/gattprofile.o
                0x0000000000001caa                simpleProfile_Notify
 .text.startup.main
                0x0000000000001cf0       0x5c ./src/main.o
                0x0000000000001cf0                main
 .text.peripheralRssiCB
                0x0000000000001d4c       0x12 ./src/peripheral.o
 .text.simpleProfileChangeCB
                0x0000000000001d5e       0x4e ./src/peripheral.o
 .text.peripheralParamUpdateCB
                0x0000000000001dac       0x30 ./src/peripheral.o
 .text.Peripheral_ProcessEvent
                0x0000000000001ddc       0xf4 ./src/peripheral.o
                0x0000000000001ddc                Peripheral_ProcessEvent
 .text.Peripheral_LinkTerminated
                0x0000000000001ed0       0x58 ./src/peripheral.o
 .text.Peripheral_Init
                0x0000000000001f28      0x152 ./src/peripheral.o
                0x0000000000001f28                Peripheral_Init
 .text.ble_send_notify
                0x000000000000207a       0xa6 ./src/peripheral.o
                0x000000000000207a                ble_send_notify
 .text.ble_set_connection_speed
                0x0000000000002120       0x3a ./src/peripheral.o
                0x0000000000002120                ble_set_connection_speed
 .text.set_adv_data
                0x000000000000215a       0x40 ./src/peripheral.o
                0x000000000000215a                set_adv_data
 .text.peripheralStateNotificationCB
                0x000000000000219a      0x148 ./src/peripheral.o
 .text.ADC_InterTSSampInit
                0x00000000000022e2       0x28 ./StdPeriphDriver/CH57x_adc.o
                0x00000000000022e2                ADC_InterTSSampInit
 .text.HSECFG_Current
                0x000000000000230a       0x2a ./StdPeriphDriver/CH57x_clk.o
                0x000000000000230a                HSECFG_Current
 .text.Calibration_LSI_FLASH
                0x0000000000002334      0x284 ./StdPeriphDriver/CH57x_clk.o
                0x0000000000002334                Calibration_LSI_FLASH
 .text.Calibration_LSI_RAM
                0x00000000000025b8      0x23e ./StdPeriphDriver/CH57x_clk.o
                0x00000000000025b8                Calibration_LSI_RAM
 .text.RTC_InitTime
                0x00000000000027f6      0x134 ./StdPeriphDriver/CH57x_clk.o
                0x00000000000027f6                RTC_InitTime
 .text.RTC_GetCycle32k
                0x000000000000292a       0x18 ./StdPeriphDriver/CH57x_clk.o
                0x000000000000292a                RTC_GetCycle32k
 .text.GPIOA_ModeCfg
                0x0000000000002942       0xa6 ./StdPeriphDriver/CH57x_gpio.o
                0x0000000000002942                GPIOA_ModeCfg
 .text.GPIOB_ModeCfg
                0x00000000000029e8       0xa6 ./StdPeriphDriver/CH57x_gpio.o
                0x00000000000029e8                GPIOB_ModeCfg
 .text.GetSysClock
                0x0000000000002a8e       0x42 ./StdPeriphDriver/CH57x_sys.o
                0x0000000000002a8e                GetSysClock
 .text.SYS_DisableAllIrq
                0x0000000000002ad0       0x1c ./StdPeriphDriver/CH57x_sys.o
                0x0000000000002ad0                SYS_DisableAllIrq
 .text.SYS_RecoverIrq
                0x0000000000002aec       0x14 ./StdPeriphDriver/CH57x_sys.o
                0x0000000000002aec                SYS_RecoverIrq
 .text.SYS_GetSysTickCnt
                0x0000000000002b00        0xa ./StdPeriphDriver/CH57x_sys.o
                0x0000000000002b00                SYS_GetSysTickCnt
 .text._write   0x0000000000002b0a       0x28 ./StdPeriphDriver/CH57x_sys.o
                0x0000000000002b0a                _write
 .text._sbrk    0x0000000000002b32       0x2c ./StdPeriphDriver/CH57x_sys.o
                0x0000000000002b32                _sbrk
 .text.UART1_BaudRateCfg
                0x0000000000002b5e       0x30 ./StdPeriphDriver/CH57x_uart1.o
                0x0000000000002b5e                UART1_BaudRateCfg
 .text.UART1_DefInit
                0x0000000000002b8e       0x32 ./StdPeriphDriver/CH57x_uart1.o
                0x0000000000002b8e                UART1_DefInit
 .text.tmos_msg_enqueue
                0x0000000000002bc0       0x1e c:/Users/pc/Documents/GitHub/ATC_BLE_OEPL_CH573/ATC_BLE_OEPL_CH573F_MounRiverProject/StdPeriphDriver\libCH57xBLE.a(message.o)
                0x0000000000002bc0                tmos_msg_enqueue
 .text.tmos_msg_deallocate
                0x0000000000002bde       0x2c c:/Users/pc/Documents/GitHub/ATC_BLE_OEPL_CH573/ATC_BLE_OEPL_CH573F_MounRiverProject/StdPeriphDriver\libCH57xBLE.a(message.o)
                0x0000000000002bde                tmos_msg_deallocate
 .text.tmos_msg_allocate
                0x0000000000002c0a       0x3e c:/Users/pc/Documents/GitHub/ATC_BLE_OEPL_CH573/ATC_BLE_OEPL_CH573F_MounRiverProject/StdPeriphDriver\libCH57xBLE.a(message.o)
                0x0000000000002c0a                tmos_msg_allocate
 .text.tmos_msg_receive
                0x0000000000002c48       0x68 c:/Users/pc/Documents/GitHub/ATC_BLE_OEPL_CH573/ATC_BLE_OEPL_CH573F_MounRiverProject/StdPeriphDriver\libCH57xBLE.a(message.o)
                0x0000000000002c48                tmos_msg_receive
 .text.tmos_msg_send
                0x0000000000002cb0       0x56 c:/Users/pc/Documents/GitHub/ATC_BLE_OEPL_CH573/ATC_BLE_OEPL_CH573F_MounRiverProject/StdPeriphDriver\libCH57xBLE.a(message.o)
                0x0000000000002cb0                tmos_msg_send
 .text.tmos_msg_init
                0x0000000000002d06        0x6 c:/Users/pc/Documents/GitHub/ATC_BLE_OEPL_CH573/ATC_BLE_OEPL_CH573F_MounRiverProject/StdPeriphDriver\libCH57xBLE.a(message.o)
                0x0000000000002d06                tmos_msg_init
 .text.tmosFindTask
                0x0000000000002d0c       0x20 c:/Users/pc/Documents/GitHub/ATC_BLE_OEPL_CH573/ATC_BLE_OEPL_CH573F_MounRiverProject/StdPeriphDriver\libCH57xBLE.a(tmos.o)
 .text.TMOS_CbTimerProcessEvent
                0x0000000000002d2c       0x7c c:/Users/pc/Documents/GitHub/ATC_BLE_OEPL_CH573/ATC_BLE_OEPL_CH573F_MounRiverProject/StdPeriphDriver\libCH57xBLE.a(tmos.o)
                0x0000000000002d2c                TMOS_CbTimerProcessEvent
 .text.tmos_rand
                0x0000000000002da8       0x54 c:/Users/pc/Documents/GitHub/ATC_BLE_OEPL_CH573/ATC_BLE_OEPL_CH573F_MounRiverProject/StdPeriphDriver\libCH57xBLE.a(tmos.o)
                0x0000000000002da8                tmos_rand
 .text.tmos_query_sleep_time
                0x0000000000002dfc      0x178 c:/Users/pc/Documents/GitHub/ATC_BLE_OEPL_CH573/ATC_BLE_OEPL_CH573F_MounRiverProject/StdPeriphDriver\libCH57xBLE.a(tmos.o)
                0x0000000000002dfc                tmos_query_sleep_time
 .text.tmos_memset
                0x0000000000002f74       0x12 c:/Users/pc/Documents/GitHub/ATC_BLE_OEPL_CH573/ATC_BLE_OEPL_CH573F_MounRiverProject/StdPeriphDriver\libCH57xBLE.a(tmos.o)
                0x0000000000002f74                tmos_memset
 .text.tmos_strlen
                0x0000000000002f86       0x14 c:/Users/pc/Documents/GitHub/ATC_BLE_OEPL_CH573/ATC_BLE_OEPL_CH573F_MounRiverProject/StdPeriphDriver\libCH57xBLE.a(tmos.o)
                0x0000000000002f86                tmos_strlen
 .text.tmos_memdup
                0x0000000000002f9a       0x3c c:/Users/pc/Documents/GitHub/ATC_BLE_OEPL_CH573/ATC_BLE_OEPL_CH573F_MounRiverProject/StdPeriphDriver\libCH57xBLE.a(tmos.o)
                0x0000000000002f9a                tmos_memdup
 .text.tmos_memcmp
                0x0000000000002fd6       0x24 c:/Users/pc/Documents/GitHub/ATC_BLE_OEPL_CH573/ATC_BLE_OEPL_CH573F_MounRiverProject/StdPeriphDriver\libCH57xBLE.a(tmos.o)
                0x0000000000002fd6                tmos_memcmp
 .text.tmos_revmemcpy
                0x0000000000002ffa       0x1c c:/Users/pc/Documents/GitHub/ATC_BLE_OEPL_CH573/ATC_BLE_OEPL_CH573F_MounRiverProject/StdPeriphDriver\libCH57xBLE.a(tmos.o)
                0x0000000000002ffa                tmos_revmemcpy
 .text.tmos_isbufset
                0x0000000000003016       0x1e c:/Users/pc/Documents/GitHub/ATC_BLE_OEPL_CH573/ATC_BLE_OEPL_CH573F_MounRiverProject/StdPeriphDriver\libCH57xBLE.a(tmos.o)
                0x0000000000003016                tmos_isbufset
 .text.tmos_set_event
                0x0000000000003034       0x2a c:/Users/pc/Documents/GitHub/ATC_BLE_OEPL_CH573/ATC_BLE_OEPL_CH573F_MounRiverProject/StdPeriphDriver\libCH57xBLE.a(tmos.o)
                0x0000000000003034                tmos_set_event
 .text.tmos_query_system_time
                0x000000000000305e       0xce c:/Users/pc/Documents/GitHub/ATC_BLE_OEPL_CH573/ATC_BLE_OEPL_CH573F_MounRiverProject/StdPeriphDriver\libCH57xBLE.a(tmos.o)
                0x000000000000305e                tmos_query_system_time
 .text.tmos_clear_event
                0x000000000000312c       0x2e c:/Users/pc/Documents/GitHub/ATC_BLE_OEPL_CH573/ATC_BLE_OEPL_CH573F_MounRiverProject/StdPeriphDriver\libCH57xBLE.a(tmos.o)
                0x000000000000312c                tmos_clear_event
 .text.tmos_start_task
                0x000000000000315a       0x8e c:/Users/pc/Documents/GitHub/ATC_BLE_OEPL_CH573/ATC_BLE_OEPL_CH573F_MounRiverProject/StdPeriphDriver\libCH57xBLE.a(tmos.o)
                0x000000000000315a                tmos_start_task
 .text.tmos_start_callback_task
                0x00000000000031e8       0xac c:/Users/pc/Documents/GitHub/ATC_BLE_OEPL_CH573/ATC_BLE_OEPL_CH573F_MounRiverProject/StdPeriphDriver\libCH57xBLE.a(tmos.o)
                0x00000000000031e8                tmos_start_callback_task
 .text.tmos_start_reload_task
                0x0000000000003294       0x30 c:/Users/pc/Documents/GitHub/ATC_BLE_OEPL_CH573/ATC_BLE_OEPL_CH573F_MounRiverProject/StdPeriphDriver\libCH57xBLE.a(tmos.o)
                0x0000000000003294                tmos_start_reload_task
 .text.tmos_stop_task
                0x00000000000032c4       0x42 c:/Users/pc/Documents/GitHub/ATC_BLE_OEPL_CH573/ATC_BLE_OEPL_CH573F_MounRiverProject/StdPeriphDriver\libCH57xBLE.a(tmos.o)
                0x00000000000032c4                tmos_stop_task
 .text.tmos_stop_callback_task
                0x0000000000003306       0x5c c:/Users/pc/Documents/GitHub/ATC_BLE_OEPL_CH573/ATC_BLE_OEPL_CH573F_MounRiverProject/StdPeriphDriver\libCH57xBLE.a(tmos.o)
                0x0000000000003306                tmos_stop_callback_task
 .text.tmos_get_task_timer
                0x0000000000003362       0x16 c:/Users/pc/Documents/GitHub/ATC_BLE_OEPL_CH573/ATC_BLE_OEPL_CH573F_MounRiverProject/StdPeriphDriver\libCH57xBLE.a(tmos.o)
                0x0000000000003362                tmos_get_task_timer
 .text.tmos_update_callback_timer
                0x0000000000003378       0x62 c:/Users/pc/Documents/GitHub/ATC_BLE_OEPL_CH573/ATC_BLE_OEPL_CH573F_MounRiverProject/StdPeriphDriver\libCH57xBLE.a(tmos.o)
                0x0000000000003378                tmos_update_callback_timer
 .text.TMOS_Set32KTuneValue
                0x00000000000033da        0xa c:/Users/pc/Documents/GitHub/ATC_BLE_OEPL_CH573/ATC_BLE_OEPL_CH573F_MounRiverProject/StdPeriphDriver\libCH57xBLE.a(tmos.o)
                0x00000000000033da                TMOS_Set32KTuneValue
 .text.TMOS_TimerRegister
                0x00000000000033e4       0x1a c:/Users/pc/Documents/GitHub/ATC_BLE_OEPL_CH573/ATC_BLE_OEPL_CH573F_MounRiverProject/StdPeriphDriver\libCH57xBLE.a(tmos.o)
                0x00000000000033e4                TMOS_TimerRegister
 .text.TMOS_ProcessRegister
                0x00000000000033fe       0x16 c:/Users/pc/Documents/GitHub/ATC_BLE_OEPL_CH573/ATC_BLE_OEPL_CH573F_MounRiverProject/StdPeriphDriver\libCH57xBLE.a(tmos.o)
                0x00000000000033fe                TMOS_ProcessRegister
 .text.TMOS_Init
                0x0000000000003414       0xbe c:/Users/pc/Documents/GitHub/ATC_BLE_OEPL_CH573/ATC_BLE_OEPL_CH573F_MounRiverProject/StdPeriphDriver\libCH57xBLE.a(tmos.o)
                0x0000000000003414                TMOS_Init
 .text.TMOS_ProcessEventRegister
                0x00000000000034d2       0x38 c:/Users/pc/Documents/GitHub/ATC_BLE_OEPL_CH573/ATC_BLE_OEPL_CH573F_MounRiverProject/StdPeriphDriver\libCH57xBLE.a(tmos.o)
                0x00000000000034d2                TMOS_ProcessEventRegister
 .text.BLE_LibInit
                0x000000000000350a      0x1a8 c:/Users/pc/Documents/GitHub/ATC_BLE_OEPL_CH573/ATC_BLE_OEPL_CH573F_MounRiverProject/StdPeriphDriver\libCH57xBLE.a(tmos.o)
                0x000000000000350a                BLE_LibInit
 .text.ble_ll_common_rand8
                0x00000000000036b2       0x24 c:/Users/pc/Documents/GitHub/ATC_BLE_OEPL_CH573/ATC_BLE_OEPL_CH573F_MounRiverProject/StdPeriphDriver\libCH57xBLE.a(tmos_hw.o)
                0x00000000000036b2                ble_ll_common_rand8
 .text.ble_ll_common_rand16
                0x00000000000036d6       0x24 c:/Users/pc/Documents/GitHub/ATC_BLE_OEPL_CH573/ATC_BLE_OEPL_CH573F_MounRiverProject/StdPeriphDriver\libCH57xBLE.a(tmos_hw.o)
                0x00000000000036d6                ble_ll_common_rand16
 .text.ble_ll_common_rand32
                0x00000000000036fa       0x20 c:/Users/pc/Documents/GitHub/ATC_BLE_OEPL_CH573/ATC_BLE_OEPL_CH573F_MounRiverProject/StdPeriphDriver\libCH57xBLE.a(tmos_hw.o)
                0x00000000000036fa                ble_ll_common_rand32
 .text.ll_hw_temp_sample
                0x000000000000371a       0xc0 c:/Users/pc/Documents/GitHub/ATC_BLE_OEPL_CH573/ATC_BLE_OEPL_CH573F_MounRiverProject/StdPeriphDriver\libCH57xBLE.a(tmos_hw.o)
                0x000000000000371a                ll_hw_temp_sample
 .text.TMOS_TimerInit
                0x00000000000037da       0x5c c:/Users/pc/Documents/GitHub/ATC_BLE_OEPL_CH573/ATC_BLE_OEPL_CH573F_MounRiverProject/StdPeriphDriver\libCH57xBLE.a(tmos_hw.o)
                0x00000000000037da                TMOS_TimerInit
 .text.tmos_snv_init
                0x0000000000003836       0xbc c:/Users/pc/Documents/GitHub/ATC_BLE_OEPL_CH573/ATC_BLE_OEPL_CH573F_MounRiverProject/StdPeriphDriver\libCH57xBLE.a(tmos_snv.o)
                0x0000000000003836                tmos_snv_init
 .text.tmos_snv_clear
                0x00000000000038f2       0xae c:/Users/pc/Documents/GitHub/ATC_BLE_OEPL_CH573/ATC_BLE_OEPL_CH573F_MounRiverProject/StdPeriphDriver\libCH57xBLE.a(tmos_snv.o)
                0x00000000000038f2                tmos_snv_clear
 .text.tmos_snv_read
                0x00000000000039a0      0x292 c:/Users/pc/Documents/GitHub/ATC_BLE_OEPL_CH573/ATC_BLE_OEPL_CH573F_MounRiverProject/StdPeriphDriver\libCH57xBLE.a(tmos_snv.o)
                0x00000000000039a0                tmos_snv_read
 .text.tmos_snv_notify
                0x0000000000003c32       0x5a c:/Users/pc/Documents/GitHub/ATC_BLE_OEPL_CH573/ATC_BLE_OEPL_CH573F_MounRiverProject/StdPeriphDriver\libCH57xBLE.a(tmos_snv.o)
                0x0000000000003c32                tmos_snv_notify
 .text.tmos_snv_write
                0x0000000000003c8c      0x2ce c:/Users/pc/Documents/GitHub/ATC_BLE_OEPL_CH573/ATC_BLE_OEPL_CH573F_MounRiverProject/StdPeriphDriver\libCH57xBLE.a(tmos_snv.o)
                0x0000000000003c8c                tmos_snv_write
 .text.tmos_snv_compact
                0x0000000000003f5a        0x4 c:/Users/pc/Documents/GitHub/ATC_BLE_OEPL_CH573/ATC_BLE_OEPL_CH573F_MounRiverProject/StdPeriphDriver\libCH57xBLE.a(tmos_snv.o)
                0x0000000000003f5a                tmos_snv_compact
 .text.disconnectNext
                0x0000000000003f5e       0x22 c:/Users/pc/Documents/GitHub/ATC_BLE_OEPL_CH573/ATC_BLE_OEPL_CH573F_MounRiverProject/StdPeriphDriver\libCH57xBLE.a(gap.o)
 .text.GAP_ParamInit
                0x0000000000003f80       0x80 c:/Users/pc/Documents/GitHub/ATC_BLE_OEPL_CH573/ATC_BLE_OEPL_CH573F_MounRiverProject/StdPeriphDriver\libCH57xBLE.a(gap.o)
                0x0000000000003f80                GAP_ParamInit
 .text.sendTerminateEvent
                0x0000000000004000       0x58 c:/Users/pc/Documents/GitHub/ATC_BLE_OEPL_CH573/ATC_BLE_OEPL_CH573F_MounRiverProject/StdPeriphDriver\libCH57xBLE.a(gap.o)
                0x0000000000004000                sendTerminateEvent
 .text.gapRegisterCentral
                0x0000000000004058        0x6 c:/Users/pc/Documents/GitHub/ATC_BLE_OEPL_CH573/ATC_BLE_OEPL_CH573F_MounRiverProject/StdPeriphDriver\libCH57xBLE.a(gap.o)
                0x0000000000004058                gapRegisterCentral
 .text.gapRegisterCentralConn
                0x000000000000405e        0x6 c:/Users/pc/Documents/GitHub/ATC_BLE_OEPL_CH573/ATC_BLE_OEPL_CH573F_MounRiverProject/StdPeriphDriver\libCH57xBLE.a(gap.o)
                0x000000000000405e                gapRegisterCentralConn
 .text.gapRegisterPeripheral
                0x0000000000004064        0x6 c:/Users/pc/Documents/GitHub/ATC_BLE_OEPL_CH573/ATC_BLE_OEPL_CH573F_MounRiverProject/StdPeriphDriver\libCH57xBLE.a(gap.o)
                0x0000000000004064                gapRegisterPeripheral
 .text.gapRegisterPeripheralConn
                0x000000000000406a        0x6 c:/Users/pc/Documents/GitHub/ATC_BLE_OEPL_CH573/ATC_BLE_OEPL_CH573F_MounRiverProject/StdPeriphDriver\libCH57xBLE.a(gap.o)
                0x000000000000406a                gapRegisterPeripheralConn
 .text.smGenerateRandBuf
                0x0000000000004070       0x56 c:/Users/pc/Documents/GitHub/ATC_BLE_OEPL_CH573/ATC_BLE_OEPL_CH573F_MounRiverProject/StdPeriphDriver\libCH57xBLE.a(gap.o)
                0x0000000000004070                smGenerateRandBuf
 .text.gapL2capConnParamUpdateReq
                0x00000000000040c6       0x32 c:/Users/pc/Documents/GitHub/ATC_BLE_OEPL_CH573/ATC_BLE_OEPL_CH573F_MounRiverProject/StdPeriphDriver\libCH57xBLE.a(gap.o)
                0x00000000000040c6                gapL2capConnParamUpdateReq
 .text.gapValidADType
                0x00000000000040f8       0x16 c:/Users/pc/Documents/GitHub/ATC_BLE_OEPL_CH573/ATC_BLE_OEPL_CH573F_MounRiverProject/StdPeriphDriver\libCH57xBLE.a(gap.o)
                0x00000000000040f8                gapValidADType
 .text.gapFindADType
                0x000000000000410e       0x8e c:/Users/pc/Documents/GitHub/ATC_BLE_OEPL_CH573/ATC_BLE_OEPL_CH573F_MounRiverProject/StdPeriphDriver\libCH57xBLE.a(gap.o)
                0x000000000000410e                gapFindADType
 .text.GAP_SecParamsInit
                0x000000000000419c       0x9a c:/Users/pc/Documents/GitHub/ATC_BLE_OEPL_CH573/ATC_BLE_OEPL_CH573F_MounRiverProject/StdPeriphDriver\libCH57xBLE.a(gap.o)
                0x000000000000419c                GAP_SecParamsInit
 .text.GAP_ParamsInit
                0x0000000000004236       0x48 c:/Users/pc/Documents/GitHub/ATC_BLE_OEPL_CH573/ATC_BLE_OEPL_CH573F_MounRiverProject/StdPeriphDriver\libCH57xBLE.a(gap.o)
                0x0000000000004236                GAP_ParamsInit
 .text.gapAddAddrAdj
                0x000000000000427e       0x48 c:/Users/pc/Documents/GitHub/ATC_BLE_OEPL_CH573/ATC_BLE_OEPL_CH573F_MounRiverProject/StdPeriphDriver\libCH57xBLE.a(gap.o)
                0x000000000000427e                gapAddAddrAdj
 .text.gapDetermineAddrType
                0x00000000000042c6       0x28 c:/Users/pc/Documents/GitHub/ATC_BLE_OEPL_CH573/ATC_BLE_OEPL_CH573F_MounRiverProject/StdPeriphDriver\libCH57xBLE.a(gap.o)
                0x00000000000042c6                gapDetermineAddrType
 .text.gapFreeAuthLink
                0x00000000000042ee       0x4a c:/Users/pc/Documents/GitHub/ATC_BLE_OEPL_CH573/ATC_BLE_OEPL_CH573F_MounRiverProject/StdPeriphDriver\libCH57xBLE.a(gap.o)
                0x00000000000042ee                gapFreeAuthLink
 .text.gapGetDevAddress
                0x0000000000004338       0x24 c:/Users/pc/Documents/GitHub/ATC_BLE_OEPL_CH573/ATC_BLE_OEPL_CH573F_MounRiverProject/StdPeriphDriver\libCH57xBLE.a(gap.o)
                0x0000000000004338                gapGetDevAddress
 .text.gapGetDevAddressMode
                0x000000000000435c        0xa c:/Users/pc/Documents/GitHub/ATC_BLE_OEPL_CH573/ATC_BLE_OEPL_CH573F_MounRiverProject/StdPeriphDriver\libCH57xBLE.a(gap.o)
                0x000000000000435c                gapGetDevAddressMode
 .text.gapGetIRK
                0x0000000000004366        0xc c:/Users/pc/Documents/GitHub/ATC_BLE_OEPL_CH573/ATC_BLE_OEPL_CH573F_MounRiverProject/StdPeriphDriver\libCH57xBLE.a(gap.o)
                0x0000000000004366                gapGetIRK
 .text.gapGetSRK
                0x0000000000004372        0xc c:/Users/pc/Documents/GitHub/ATC_BLE_OEPL_CH573/ATC_BLE_OEPL_CH573F_MounRiverProject/StdPeriphDriver\libCH57xBLE.a(gap.o)
                0x0000000000004372                gapGetSRK
 .text.gapGetSignCounter
                0x000000000000437e        0xe c:/Users/pc/Documents/GitHub/ATC_BLE_OEPL_CH573/ATC_BLE_OEPL_CH573F_MounRiverProject/StdPeriphDriver\libCH57xBLE.a(gap.o)
                0x000000000000437e                gapGetSignCounter
 .text.gapIncSignCounter
                0x000000000000438c       0x28 c:/Users/pc/Documents/GitHub/ATC_BLE_OEPL_CH573/ATC_BLE_OEPL_CH573F_MounRiverProject/StdPeriphDriver\libCH57xBLE.a(gap.o)
                0x000000000000438c                gapIncSignCounter
 .text.gapProcessConnEvt
                0x00000000000043b4       0x48 c:/Users/pc/Documents/GitHub/ATC_BLE_OEPL_CH573/ATC_BLE_OEPL_CH573F_MounRiverProject/StdPeriphDriver\libCH57xBLE.a(gap.o)
                0x00000000000043b4                gapProcessConnEvt
 .text.gapProcessDisconnectCompleteEvt
                0x00000000000043fc       0xa8 c:/Users/pc/Documents/GitHub/ATC_BLE_OEPL_CH573/ATC_BLE_OEPL_CH573F_MounRiverProject/StdPeriphDriver\libCH57xBLE.a(gap.o)
                0x00000000000043fc                gapProcessDisconnectCompleteEvt
 .text.sendAuthEvent
                0x00000000000044a4      0x11a c:/Users/pc/Documents/GitHub/ATC_BLE_OEPL_CH573/ATC_BLE_OEPL_CH573F_MounRiverProject/StdPeriphDriver\libCH57xBLE.a(gap.o)
                0x00000000000044a4                sendAuthEvent
 .text.gapSendBondCompleteEvent
                0x00000000000045be       0x70 c:/Users/pc/Documents/GitHub/ATC_BLE_OEPL_CH573/ATC_BLE_OEPL_CH573F_MounRiverProject/StdPeriphDriver\libCH57xBLE.a(gap.o)
                0x00000000000045be                gapSendBondCompleteEvent
 .text.gapSendPairingReqEvent
                0x000000000000462e       0x92 c:/Users/pc/Documents/GitHub/ATC_BLE_OEPL_CH573/ATC_BLE_OEPL_CH573F_MounRiverProject/StdPeriphDriver\libCH57xBLE.a(gap.o)
                0x000000000000462e                gapSendPairingReqEvent
 .text.gapSendSlaveSecurityReqEvent
                0x00000000000046c0       0x68 c:/Users/pc/Documents/GitHub/ATC_BLE_OEPL_CH573/ATC_BLE_OEPL_CH573F_MounRiverProject/StdPeriphDriver\libCH57xBLE.a(gap.o)
                0x00000000000046c0                gapSendSlaveSecurityReqEvent
 .text.gapSendDeviceInitDoneEvent
                0x0000000000004728       0x88 c:/Users/pc/Documents/GitHub/ATC_BLE_OEPL_CH573/ATC_BLE_OEPL_CH573F_MounRiverProject/StdPeriphDriver\libCH57xBLE.a(gap.o)
                0x0000000000004728                gapSendDeviceInitDoneEvent
 .text.gapSendLinkUpdateEvent
                0x00000000000047b0       0x84 c:/Users/pc/Documents/GitHub/ATC_BLE_OEPL_CH573/ATC_BLE_OEPL_CH573F_MounRiverProject/StdPeriphDriver\libCH57xBLE.a(gap.o)
                0x00000000000047b0                gapSendLinkUpdateEvent
 .text.gapSendEstLinkEvent
                0x0000000000004834       0xb8 c:/Users/pc/Documents/GitHub/ATC_BLE_OEPL_CH573/ATC_BLE_OEPL_CH573F_MounRiverProject/StdPeriphDriver\libCH57xBLE.a(gap.o)
                0x0000000000004834                gapSendEstLinkEvent
 .text.gapProcessNewAddr
                0x00000000000048ec       0x3e c:/Users/pc/Documents/GitHub/ATC_BLE_OEPL_CH573/ATC_BLE_OEPL_CH573F_MounRiverProject/StdPeriphDriver\libCH57xBLE.a(gap.o)
                0x00000000000048ec                gapProcessNewAddr
 .text.gapProcessRandomAddrComplete
                0x000000000000492a       0xb6 c:/Users/pc/Documents/GitHub/ATC_BLE_OEPL_CH573/ATC_BLE_OEPL_CH573F_MounRiverProject/StdPeriphDriver\libCH57xBLE.a(gap.o)
                0x000000000000492a                gapProcessRandomAddrComplete
 .text.GAP_Authenticate
                0x00000000000049e0       0xd2 c:/Users/pc/Documents/GitHub/ATC_BLE_OEPL_CH573/ATC_BLE_OEPL_CH573F_MounRiverProject/StdPeriphDriver\libCH57xBLE.a(gap.o)
                0x00000000000049e0                GAP_Authenticate
 .text.GAP_Bond
                0x0000000000004ab2       0xa2 c:/Users/pc/Documents/GitHub/ATC_BLE_OEPL_CH573/ATC_BLE_OEPL_CH573F_MounRiverProject/StdPeriphDriver\libCH57xBLE.a(gap.o)
                0x0000000000004ab2                GAP_Bond
 .text.GAP_GetParamValue
                0x0000000000004b54       0x1e c:/Users/pc/Documents/GitHub/ATC_BLE_OEPL_CH573/ATC_BLE_OEPL_CH573F_MounRiverProject/StdPeriphDriver\libCH57xBLE.a(gap.o)
                0x0000000000004b54                GAP_GetParamValue
 .text.GAP_PasscodeUpdate
                0x0000000000004b72       0x50 c:/Users/pc/Documents/GitHub/ATC_BLE_OEPL_CH573/ATC_BLE_OEPL_CH573F_MounRiverProject/StdPeriphDriver\libCH57xBLE.a(gap.o)
                0x0000000000004b72                GAP_PasscodeUpdate
 .text.GAP_RegisterForMsgs
                0x0000000000004bc2        0x6 c:/Users/pc/Documents/GitHub/ATC_BLE_OEPL_CH573/ATC_BLE_OEPL_CH573F_MounRiverProject/StdPeriphDriver\libCH57xBLE.a(gap.o)
                0x0000000000004bc2                GAP_RegisterForMsgs
 .text.GAP_ResolvePrivateAddr
                0x0000000000004bc8        0x4 c:/Users/pc/Documents/GitHub/ATC_BLE_OEPL_CH573/ATC_BLE_OEPL_CH573F_MounRiverProject/StdPeriphDriver\libCH57xBLE.a(gap.o)
                0x0000000000004bc8                GAP_ResolvePrivateAddr
 .text.gapPairingCompleteCB
                0x0000000000004bcc      0x188 c:/Users/pc/Documents/GitHub/ATC_BLE_OEPL_CH573/ATC_BLE_OEPL_CH573F_MounRiverProject/StdPeriphDriver\libCH57xBLE.a(gap.o)
                0x0000000000004bcc                gapPairingCompleteCB
 .text.gapPasskeyNeededCB
                0x0000000000004d54       0x8e c:/Users/pc/Documents/GitHub/ATC_BLE_OEPL_CH573/ATC_BLE_OEPL_CH573F_MounRiverProject/StdPeriphDriver\libCH57xBLE.a(gap.o)
                0x0000000000004d54                gapPasskeyNeededCB
 .text.gapFreeEstLink
                0x0000000000004de2       0x20 c:/Users/pc/Documents/GitHub/ATC_BLE_OEPL_CH573/ATC_BLE_OEPL_CH573F_MounRiverProject/StdPeriphDriver\libCH57xBLE.a(gap.o)
                0x0000000000004de2                gapFreeEstLink
 .text.gapUpdateConnSignCounter
                0x0000000000004e02       0x7a c:/Users/pc/Documents/GitHub/ATC_BLE_OEPL_CH573/ATC_BLE_OEPL_CH573F_MounRiverProject/StdPeriphDriver\libCH57xBLE.a(gap.o)
                0x0000000000004e02                gapUpdateConnSignCounter
 .text.GAP_SendSlaveSecurityRequest
                0x0000000000004e7c       0x4c c:/Users/pc/Documents/GitHub/ATC_BLE_OEPL_CH573/ATC_BLE_OEPL_CH573F_MounRiverProject/StdPeriphDriver\libCH57xBLE.a(gap.o)
                0x0000000000004e7c                GAP_SendSlaveSecurityRequest
 .text.GAP_Signable
                0x0000000000004ec8       0x66 c:/Users/pc/Documents/GitHub/ATC_BLE_OEPL_CH573/ATC_BLE_OEPL_CH573F_MounRiverProject/StdPeriphDriver\libCH57xBLE.a(gap.o)
                0x0000000000004ec8                GAP_Signable
 .text.GAP_TerminateAuth
                0x0000000000004f2e       0x2a c:/Users/pc/Documents/GitHub/ATC_BLE_OEPL_CH573/ATC_BLE_OEPL_CH573F_MounRiverProject/StdPeriphDriver\libCH57xBLE.a(gap.o)
                0x0000000000004f2e                GAP_TerminateAuth
 .text.GAP_NumActiveConnections
                0x0000000000004f58        0x4 c:/Users/pc/Documents/GitHub/ATC_BLE_OEPL_CH573/ATC_BLE_OEPL_CH573F_MounRiverProject/StdPeriphDriver\libCH57xBLE.a(gap.o)
                0x0000000000004f58                GAP_NumActiveConnections
 .text.GAP_TerminateLinkReq
                0x0000000000004f5c       0x8e c:/Users/pc/Documents/GitHub/ATC_BLE_OEPL_CH573/ATC_BLE_OEPL_CH573F_MounRiverProject/StdPeriphDriver\libCH57xBLE.a(gap.o)
                0x0000000000004f5c                GAP_TerminateLinkReq
 .text.GAP_SetParamValue
                0x0000000000004fea       0x4a c:/Users/pc/Documents/GitHub/ATC_BLE_OEPL_CH573/ATC_BLE_OEPL_CH573F_MounRiverProject/StdPeriphDriver\libCH57xBLE.a(gap.o)
                0x0000000000004fea                GAP_SetParamValue
 .text.GAP_Init
                0x0000000000005034       0x44 c:/Users/pc/Documents/GitHub/ATC_BLE_OEPL_CH573/ATC_BLE_OEPL_CH573F_MounRiverProject/StdPeriphDriver\libCH57xBLE.a(gap.o)
                0x0000000000005034                GAP_Init
 .text.GAP_ProcessEvent
                0x0000000000005078      0x578 c:/Users/pc/Documents/GitHub/ATC_BLE_OEPL_CH573/ATC_BLE_OEPL_CH573F_MounRiverProject/StdPeriphDriver\libCH57xBLE.a(gap.o)
                0x0000000000005078                GAP_ProcessEvent
 .text.gapSendScanEnable
                0x00000000000055f0       0x1e c:/Users/pc/Documents/GitHub/ATC_BLE_OEPL_CH573/ATC_BLE_OEPL_CH573F_MounRiverProject/StdPeriphDriver\libCH57xBLE.a(gap_central.o)
 .text.gapCentProcessConnEvt
                0x000000000000560e      0x148 c:/Users/pc/Documents/GitHub/ATC_BLE_OEPL_CH573/ATC_BLE_OEPL_CH573F_MounRiverProject/StdPeriphDriver\libCH57xBLE.a(gap_central.o)
                0x000000000000560e                gapCentProcessConnEvt
 .text.gapCancelLinkReq
                0x0000000000005756       0x38 c:/Users/pc/Documents/GitHub/ATC_BLE_OEPL_CH573/ATC_BLE_OEPL_CH573F_MounRiverProject/StdPeriphDriver\libCH57xBLE.a(gap_central.o)
                0x0000000000005756                gapCancelLinkReq
 .text.GAP_CentralParamInit
                0x000000000000578e       0x4c c:/Users/pc/Documents/GitHub/ATC_BLE_OEPL_CH573/ATC_BLE_OEPL_CH573F_MounRiverProject/StdPeriphDriver\libCH57xBLE.a(gap_central.o)
                0x000000000000578e                GAP_CentralParamInit
 .text.gapProcessAdvertDevInfo
                0x00000000000057da      0x240 c:/Users/pc/Documents/GitHub/ATC_BLE_OEPL_CH573/ATC_BLE_OEPL_CH573F_MounRiverProject/StdPeriphDriver\libCH57xBLE.a(gap_central.o)
                0x00000000000057da                gapProcessAdvertDevInfo
 .text.gapFreeScanRecs
                0x0000000000005a1a       0xa2 c:/Users/pc/Documents/GitHub/ATC_BLE_OEPL_CH573/ATC_BLE_OEPL_CH573F_MounRiverProject/StdPeriphDriver\libCH57xBLE.a(gap_central.o)
                0x0000000000005a1a                gapFreeScanRecs
 .text.gapSendDevDiscEvent
                0x0000000000005abc      0x124 c:/Users/pc/Documents/GitHub/ATC_BLE_OEPL_CH573/ATC_BLE_OEPL_CH573F_MounRiverProject/StdPeriphDriver\libCH57xBLE.a(gap_central.o)
                0x0000000000005abc                gapSendDevDiscEvent
 .text.gapSetScanParamStatus.part.2
                0x0000000000005be0       0x40 c:/Users/pc/Documents/GitHub/ATC_BLE_OEPL_CH573/ATC_BLE_OEPL_CH573F_MounRiverProject/StdPeriphDriver\libCH57xBLE.a(gap_central.o)
 .text.gapCentProcessHCICmdEvt
                0x0000000000005c20       0x3c c:/Users/pc/Documents/GitHub/ATC_BLE_OEPL_CH573/ATC_BLE_OEPL_CH573F_MounRiverProject/StdPeriphDriver\libCH57xBLE.a(gap_central.o)
                0x0000000000005c20                gapCentProcessHCICmdEvt
 .text.gapProcessScanningEvt
                0x0000000000005c5c      0x110 c:/Users/pc/Documents/GitHub/ATC_BLE_OEPL_CH573/ATC_BLE_OEPL_CH573F_MounRiverProject/StdPeriphDriver\libCH57xBLE.a(gap_central.o)
                0x0000000000005c5c                gapProcessScanningEvt
 .text.gapProcessScanningDirectEvt
                0x0000000000005d6c       0xfe c:/Users/pc/Documents/GitHub/ATC_BLE_OEPL_CH573/ATC_BLE_OEPL_CH573F_MounRiverProject/StdPeriphDriver\libCH57xBLE.a(gap_central.o)
                0x0000000000005d6c                gapProcessScanningDirectEvt
 .text.GAP_CentConnRegister
                0x0000000000005e6a       0x12 c:/Users/pc/Documents/GitHub/ATC_BLE_OEPL_CH573/ATC_BLE_OEPL_CH573F_MounRiverProject/StdPeriphDriver\libCH57xBLE.a(gap_central.o)
                0x0000000000005e6a                GAP_CentConnRegister
 .text.GAP_CentDevMgrInit
                0x0000000000005e7c       0x94 c:/Users/pc/Documents/GitHub/ATC_BLE_OEPL_CH573/ATC_BLE_OEPL_CH573F_MounRiverProject/StdPeriphDriver\libCH57xBLE.a(gap_central.o)
                0x0000000000005e7c                GAP_CentDevMgrInit
 .text.gapFreeAdvertState
                0x0000000000005f10       0x20 c:/Users/pc/Documents/GitHub/ATC_BLE_OEPL_CH573/ATC_BLE_OEPL_CH573F_MounRiverProject/StdPeriphDriver\libCH57xBLE.a(gap_peripheral.o)
 .text.gapPeriProcessConnEvt
                0x0000000000005f30       0xbc c:/Users/pc/Documents/GitHub/ATC_BLE_OEPL_CH573/ATC_BLE_OEPL_CH573F_MounRiverProject/StdPeriphDriver\libCH57xBLE.a(gap_peripheral.o)
 .text.gapSetAdvParams
                0x0000000000005fec       0x7e c:/Users/pc/Documents/GitHub/ATC_BLE_OEPL_CH573/ATC_BLE_OEPL_CH573F_MounRiverProject/StdPeriphDriver\libCH57xBLE.a(gap_peripheral.o)
 .text.GAP_PeripheralParamInit
                0x000000000000606a       0x4a c:/Users/pc/Documents/GitHub/ATC_BLE_OEPL_CH573/ATC_BLE_OEPL_CH573F_MounRiverProject/StdPeriphDriver\libCH57xBLE.a(gap_peripheral.o)
                0x000000000000606a                GAP_PeripheralParamInit
 .text.gapSendMakeDiscEvent
                0x00000000000060b4       0x4e c:/Users/pc/Documents/GitHub/ATC_BLE_OEPL_CH573/ATC_BLE_OEPL_CH573F_MounRiverProject/StdPeriphDriver\libCH57xBLE.a(gap_peripheral.o)
                0x00000000000060b4                gapSendMakeDiscEvent
 .text.gapPeriProcessHCICmdCompleteEvt
                0x0000000000006102      0x190 c:/Users/pc/Documents/GitHub/ATC_BLE_OEPL_CH573/ATC_BLE_OEPL_CH573F_MounRiverProject/StdPeriphDriver\libCH57xBLE.a(gap_peripheral.o)
 .text.GAP_MakeDiscoverable
                0x0000000000006292       0xf0 c:/Users/pc/Documents/GitHub/ATC_BLE_OEPL_CH573/ATC_BLE_OEPL_CH573F_MounRiverProject/StdPeriphDriver\libCH57xBLE.a(gap_peripheral.o)
                0x0000000000006292                GAP_MakeDiscoverable
 .text.GAP_EndDiscoverable
                0x0000000000006382       0x5c c:/Users/pc/Documents/GitHub/ATC_BLE_OEPL_CH573/ATC_BLE_OEPL_CH573F_MounRiverProject/StdPeriphDriver\libCH57xBLE.a(gap_peripheral.o)
                0x0000000000006382                GAP_EndDiscoverable
 .text.gapProcessAdvertisingEvt
                0x00000000000063de       0x8e c:/Users/pc/Documents/GitHub/ATC_BLE_OEPL_CH573/ATC_BLE_OEPL_CH573F_MounRiverProject/StdPeriphDriver\libCH57xBLE.a(gap_peripheral.o)
 .text.GAP_UpdateAdvertisingData
                0x000000000000646c       0xb8 c:/Users/pc/Documents/GitHub/ATC_BLE_OEPL_CH573/ATC_BLE_OEPL_CH573F_MounRiverProject/StdPeriphDriver\libCH57xBLE.a(gap_peripheral.o)
                0x000000000000646c                GAP_UpdateAdvertisingData
 .text.GAP_PeriConnRegister
                0x0000000000006524       0x2a c:/Users/pc/Documents/GitHub/ATC_BLE_OEPL_CH573/ATC_BLE_OEPL_CH573F_MounRiverProject/StdPeriphDriver\libCH57xBLE.a(gap_peripheral.o)
                0x0000000000006524                GAP_PeriConnRegister
 .text.GAP_PeriDevMgrInit
                0x000000000000654e       0xbc c:/Users/pc/Documents/GitHub/ATC_BLE_OEPL_CH573/ATC_BLE_OEPL_CH573F_MounRiverProject/StdPeriphDriver\libCH57xBLE.a(gap_peripheral.o)
                0x000000000000654e                GAP_PeriDevMgrInit
 .text.ggs_SetAttrWPermit
                0x000000000000660a       0x68 c:/Users/pc/Documents/GitHub/ATC_BLE_OEPL_CH573/ATC_BLE_OEPL_CH573F_MounRiverProject/StdPeriphDriver\libCH57xBLE.a(gapgattserver.o)
 .text.ggs_ReadAttrCB
                0x0000000000006672      0x152 c:/Users/pc/Documents/GitHub/ATC_BLE_OEPL_CH573/ATC_BLE_OEPL_CH573F_MounRiverProject/StdPeriphDriver\libCH57xBLE.a(gapgattserver.o)
 .text.ggs_WriteAttrCB
                0x00000000000067c4      0x154 c:/Users/pc/Documents/GitHub/ATC_BLE_OEPL_CH573/ATC_BLE_OEPL_CH573F_MounRiverProject/StdPeriphDriver\libCH57xBLE.a(gapgattserver.o)
 .text.GGS_ParamInit
                0x0000000000006918      0x23a c:/Users/pc/Documents/GitHub/ATC_BLE_OEPL_CH573/ATC_BLE_OEPL_CH573F_MounRiverProject/StdPeriphDriver\libCH57xBLE.a(gapgattserver.o)
                0x0000000000006918                GGS_ParamInit
 .text.GGS_SetParameter
                0x0000000000006b52       0xde c:/Users/pc/Documents/GitHub/ATC_BLE_OEPL_CH573/ATC_BLE_OEPL_CH573F_MounRiverProject/StdPeriphDriver\libCH57xBLE.a(gapgattserver.o)
                0x0000000000006b52                GGS_SetParameter
 .text.GGS_AddService
                0x0000000000006c30       0x2c c:/Users/pc/Documents/GitHub/ATC_BLE_OEPL_CH573/ATC_BLE_OEPL_CH573F_MounRiverProject/StdPeriphDriver\libCH57xBLE.a(gapgattserver.o)
                0x0000000000006c30                GGS_AddService
 .text.GAP_DeviceInit
                0x0000000000006c5c       0xd8 c:/Users/pc/Documents/GitHub/ATC_BLE_OEPL_CH573/ATC_BLE_OEPL_CH573F_MounRiverProject/StdPeriphDriver\libCH57xBLE.a(gapgattserver.o)
                0x0000000000006c5c                GAP_DeviceInit
 .text.gattGetPayload
                0x0000000000006d34       0x7e c:/Users/pc/Documents/GitHub/ATC_BLE_OEPL_CH573/ATC_BLE_OEPL_CH573F_MounRiverProject/StdPeriphDriver\libCH57xBLE.a(gatt.o)
                0x0000000000006d34                gattGetPayload
 .text.gattNotifyEvent
                0x0000000000006db2       0x80 c:/Users/pc/Documents/GitHub/ATC_BLE_OEPL_CH573/ATC_BLE_OEPL_CH573F_MounRiverProject/StdPeriphDriver\libCH57xBLE.a(gatt.o)
                0x0000000000006db2                gattNotifyEvent
 .text.gattSendFlowCtrlEvt
                0x0000000000006e32       0x48 c:/Users/pc/Documents/GitHub/ATC_BLE_OEPL_CH573/ATC_BLE_OEPL_CH573F_MounRiverProject/StdPeriphDriver\libCH57xBLE.a(gatt.o)
                0x0000000000006e32                gattSendFlowCtrlEvt
 .text.gattStartTimer
                0x0000000000006e7a        0xc c:/Users/pc/Documents/GitHub/ATC_BLE_OEPL_CH573/ATC_BLE_OEPL_CH573F_MounRiverProject/StdPeriphDriver\libCH57xBLE.a(gatt.o)
                0x0000000000006e7a                gattStartTimer
 .text.gattStopTimer
                0x0000000000006e86       0x32 c:/Users/pc/Documents/GitHub/ATC_BLE_OEPL_CH573/ATC_BLE_OEPL_CH573F_MounRiverProject/StdPeriphDriver\libCH57xBLE.a(gatt.o)
                0x0000000000006e86                gattStopTimer
 .text.GATT_AppCompletedMsg
                0x0000000000006eb8       0x30 c:/Users/pc/Documents/GitHub/ATC_BLE_OEPL_CH573/ATC_BLE_OEPL_CH573F_MounRiverProject/StdPeriphDriver\libCH57xBLE.a(gatt.o)
                0x0000000000006eb8                GATT_AppCompletedMsg
 .text.GATT_NotifyEvent
                0x0000000000006ee8       0x4e c:/Users/pc/Documents/GitHub/ATC_BLE_OEPL_CH573/ATC_BLE_OEPL_CH573F_MounRiverProject/StdPeriphDriver\libCH57xBLE.a(gatt.o)
                0x0000000000006ee8                GATT_NotifyEvent
 .text.gattRegisterServer
                0x0000000000006f36        0x6 c:/Users/pc/Documents/GitHub/ATC_BLE_OEPL_CH573/ATC_BLE_OEPL_CH573F_MounRiverProject/StdPeriphDriver\libCH57xBLE.a(gatt.o)
                0x0000000000006f36                gattRegisterServer
 .text.GATT_UpdateMTU
                0x0000000000006f3c       0x5c c:/Users/pc/Documents/GitHub/ATC_BLE_OEPL_CH573/ATC_BLE_OEPL_CH573F_MounRiverProject/StdPeriphDriver\libCH57xBLE.a(gatt.o)
                0x0000000000006f3c                GATT_UpdateMTU
 .text.GATT_bm_alloc
                0x0000000000006f98       0xe8 c:/Users/pc/Documents/GitHub/ATC_BLE_OEPL_CH573/ATC_BLE_OEPL_CH573F_MounRiverProject/StdPeriphDriver\libCH57xBLE.a(gatt.o)
                0x0000000000006f98                GATT_bm_alloc
 .text.GATT_ServiceChangedInd
                0x0000000000007080       0x94 c:/Users/pc/Documents/GitHub/ATC_BLE_OEPL_CH573/ATC_BLE_OEPL_CH573F_MounRiverProject/StdPeriphDriver\libCH57xBLE.a(gatt.o)
                0x0000000000007080                GATT_ServiceChangedInd
 .text.GATT_bm_free
                0x0000000000007114       0x1c c:/Users/pc/Documents/GitHub/ATC_BLE_OEPL_CH573/ATC_BLE_OEPL_CH573F_MounRiverProject/StdPeriphDriver\libCH57xBLE.a(gatt.o)
                0x0000000000007114                GATT_bm_free
 .text.GATT_RegisterForPeriMsgs
                0x0000000000007130        0x6 c:/Users/pc/Documents/GitHub/ATC_BLE_OEPL_CH573/ATC_BLE_OEPL_CH573F_MounRiverProject/StdPeriphDriver\libCH57xBLE.a(gatt.o)
                0x0000000000007130                GATT_RegisterForPeriMsgs
 .text.GATT_Init
                0x0000000000007136       0x30 c:/Users/pc/Documents/GitHub/ATC_BLE_OEPL_CH573/ATC_BLE_OEPL_CH573F_MounRiverProject/StdPeriphDriver\libCH57xBLE.a(gatt.o)
                0x0000000000007136                GATT_Init
 .text.GATT_ProcessEvent
                0x0000000000007166      0x136 c:/Users/pc/Documents/GitHub/ATC_BLE_OEPL_CH573/ATC_BLE_OEPL_CH573F_MounRiverProject/StdPeriphDriver\libCH57xBLE.a(gatt.o)
                0x0000000000007166                GATT_ProcessEvent
 .text.gattProcessExchangeMTUReq
                0x000000000000729c        0x4 c:/Users/pc/Documents/GitHub/ATC_BLE_OEPL_CH573/ATC_BLE_OEPL_CH573F_MounRiverProject/StdPeriphDriver\libCH57xBLE.a(gattservapp.o)
 .text.gattServApp_FindCharCfgItem
                0x00000000000072a0       0x24 c:/Users/pc/Documents/GitHub/ATC_BLE_OEPL_CH573/ATC_BLE_OEPL_CH573F_MounRiverProject/StdPeriphDriver\libCH57xBLE.a(gattservapp.o)
 .text.gattServerHandleTimerCB
                0x00000000000072c4       0x3c c:/Users/pc/Documents/GitHub/ATC_BLE_OEPL_CH573/ATC_BLE_OEPL_CH573F_MounRiverProject/StdPeriphDriver\libCH57xBLE.a(gattservapp.o)
 .text.gattProcessExecuteWriteReq
                0x0000000000007300        0x4 c:/Users/pc/Documents/GitHub/ATC_BLE_OEPL_CH573/ATC_BLE_OEPL_CH573F_MounRiverProject/StdPeriphDriver\libCH57xBLE.a(gattservapp.o)
 .text.GATTServApp_ParamInit
                0x0000000000007304       0xd8 c:/Users/pc/Documents/GitHub/ATC_BLE_OEPL_CH573/ATC_BLE_OEPL_CH573F_MounRiverProject/StdPeriphDriver\libCH57xBLE.a(gattservapp.o)
                0x0000000000007304                GATTServApp_ParamInit
 .text.GATTServApp_ReadCharCfg
                0x00000000000073dc       0x18 c:/Users/pc/Documents/GitHub/ATC_BLE_OEPL_CH573/ATC_BLE_OEPL_CH573F_MounRiverProject/StdPeriphDriver\libCH57xBLE.a(gattservapp.o)
                0x00000000000073dc                GATTServApp_ReadCharCfg
 .text.GATTServApp_WriteCharCfg
                0x00000000000073f4       0x3c c:/Users/pc/Documents/GitHub/ATC_BLE_OEPL_CH573/ATC_BLE_OEPL_CH573F_MounRiverProject/StdPeriphDriver\libCH57xBLE.a(gattservapp.o)
                0x00000000000073f4                GATTServApp_WriteCharCfg
 .text.GATTServApp_ProcessCCCWriteReq
                0x0000000000007430       0x5c c:/Users/pc/Documents/GitHub/ATC_BLE_OEPL_CH573/ATC_BLE_OEPL_CH573F_MounRiverProject/StdPeriphDriver\libCH57xBLE.a(gattservapp.o)
                0x0000000000007430                GATTServApp_ProcessCCCWriteReq
 .text.gattServApp_WriteAttrCB
                0x000000000000748c       0x34 c:/Users/pc/Documents/GitHub/ATC_BLE_OEPL_CH573/ATC_BLE_OEPL_CH573F_MounRiverProject/StdPeriphDriver\libCH57xBLE.a(gattservapp.o)
                0x000000000000748c                gattServApp_WriteAttrCB
 .text.GATTServApp_SendCCCUpdatedEvent
                0x00000000000074c0       0x5e c:/Users/pc/Documents/GitHub/ATC_BLE_OEPL_CH573/ATC_BLE_OEPL_CH573F_MounRiverProject/StdPeriphDriver\libCH57xBLE.a(gattservapp.o)
                0x00000000000074c0                GATTServApp_SendCCCUpdatedEvent
 .text.GATTServApp_SendServiceChangedInd
                0x000000000000751e       0x38 c:/Users/pc/Documents/GitHub/ATC_BLE_OEPL_CH573/ATC_BLE_OEPL_CH573F_MounRiverProject/StdPeriphDriver\libCH57xBLE.a(gattservapp.o)
                0x000000000000751e                GATTServApp_SendServiceChangedInd
 .text.gattServApp_ClearPrepareWriteQ
                0x0000000000007556       0x4c c:/Users/pc/Documents/GitHub/ATC_BLE_OEPL_CH573/ATC_BLE_OEPL_CH573F_MounRiverProject/StdPeriphDriver\libCH57xBLE.a(gattservapp.o)
                0x0000000000007556                gattServApp_ClearPrepareWriteQ
 .text.gattServApp_FindPrepareWriteQ
                0x00000000000075a2       0x32 c:/Users/pc/Documents/GitHub/ATC_BLE_OEPL_CH573/ATC_BLE_OEPL_CH573F_MounRiverProject/StdPeriphDriver\libCH57xBLE.a(gattservapp.o)
                0x00000000000075a2                gattServApp_FindPrepareWriteQ
 .text.gattServApp_FindServiceCBs
                0x00000000000075d4       0x18 c:/Users/pc/Documents/GitHub/ATC_BLE_OEPL_CH573/ATC_BLE_OEPL_CH573F_MounRiverProject/StdPeriphDriver\libCH57xBLE.a(gattservapp.o)
                0x00000000000075d4                gattServApp_FindServiceCBs
 .text.gattServApp_FindAuthorizeAttrCB
                0x00000000000075ec       0x14 c:/Users/pc/Documents/GitHub/ATC_BLE_OEPL_CH573/ATC_BLE_OEPL_CH573F_MounRiverProject/StdPeriphDriver\libCH57xBLE.a(gattservapp.o)
                0x00000000000075ec                gattServApp_FindAuthorizeAttrCB
 .text.gattServApp_IsWriteLong
                0x0000000000007600       0xe6 c:/Users/pc/Documents/GitHub/ATC_BLE_OEPL_CH573/ATC_BLE_OEPL_CH573F_MounRiverProject/StdPeriphDriver\libCH57xBLE.a(gattservapp.o)
                0x0000000000007600                gattServApp_IsWriteLong
 .text.gattFindService
                0x00000000000076e6       0x1c c:/Users/pc/Documents/GitHub/ATC_BLE_OEPL_CH573/ATC_BLE_OEPL_CH573F_MounRiverProject/StdPeriphDriver\libCH57xBLE.a(gattservapp.o)
                0x00000000000076e6                gattFindService
 .text.GATT_ServiceNumAttrs
                0x0000000000007702       0x16 c:/Users/pc/Documents/GitHub/ATC_BLE_OEPL_CH573/ATC_BLE_OEPL_CH573F_MounRiverProject/StdPeriphDriver\libCH57xBLE.a(gattservapp.o)
                0x0000000000007702                GATT_ServiceNumAttrs
 .text.GATT_ServiceEncKeySize
                0x0000000000007718       0x16 c:/Users/pc/Documents/GitHub/ATC_BLE_OEPL_CH573/ATC_BLE_OEPL_CH573F_MounRiverProject/StdPeriphDriver\libCH57xBLE.a(gattservapp.o)
                0x0000000000007718                GATT_ServiceEncKeySize
 .text.GATT_VerifyWritePermissions.part.7
                0x000000000000772e       0x2c c:/Users/pc/Documents/GitHub/ATC_BLE_OEPL_CH573/ATC_BLE_OEPL_CH573F_MounRiverProject/StdPeriphDriver\libCH57xBLE.a(gattservapp.o)
 .text.gattResetServerInfo
                0x000000000000775a       0x1c c:/Users/pc/Documents/GitHub/ATC_BLE_OEPL_CH573/ATC_BLE_OEPL_CH573F_MounRiverProject/StdPeriphDriver\libCH57xBLE.a(gattservapp.o)
                0x000000000000775a                gattResetServerInfo
 .text.gattFindServerInfo
                0x0000000000007776       0x32 c:/Users/pc/Documents/GitHub/ATC_BLE_OEPL_CH573/ATC_BLE_OEPL_CH573F_MounRiverProject/StdPeriphDriver\libCH57xBLE.a(gattservapp.o)
                0x0000000000007776                gattFindServerInfo
 .text.gattServerHandleConnStatusCB
                0x00000000000077a8       0x98 c:/Users/pc/Documents/GitHub/ATC_BLE_OEPL_CH573/ATC_BLE_OEPL_CH573F_MounRiverProject/StdPeriphDriver\libCH57xBLE.a(gattservapp.o)
                0x00000000000077a8                gattServerHandleConnStatusCB
 .text.gattServerProcessMsgCB
                0x0000000000007840      0x1c0 c:/Users/pc/Documents/GitHub/ATC_BLE_OEPL_CH573/ATC_BLE_OEPL_CH573F_MounRiverProject/StdPeriphDriver\libCH57xBLE.a(gattservapp.o)
                0x0000000000007840                gattServerProcessMsgCB
 .text.gattServerNotifyTxCB
                0x0000000000007a00       0x28 c:/Users/pc/Documents/GitHub/ATC_BLE_OEPL_CH573/ATC_BLE_OEPL_CH573F_MounRiverProject/StdPeriphDriver\libCH57xBLE.a(gattservapp.o)
 .text.GATT_FindHandle
                0x0000000000007a28       0x4a c:/Users/pc/Documents/GitHub/ATC_BLE_OEPL_CH573/ATC_BLE_OEPL_CH573F_MounRiverProject/StdPeriphDriver\libCH57xBLE.a(gattservapp.o)
                0x0000000000007a28                GATT_FindHandle
 .text.GATTServApp_WriteAttr
                0x0000000000007a72       0xa8 c:/Users/pc/Documents/GitHub/ATC_BLE_OEPL_CH573/ATC_BLE_OEPL_CH573F_MounRiverProject/StdPeriphDriver\libCH57xBLE.a(gattservapp.o)
                0x0000000000007a72                GATTServApp_WriteAttr
 .text.gattServApp_ProcessExecuteWriteReq
                0x0000000000007b1a      0x100 c:/Users/pc/Documents/GitHub/ATC_BLE_OEPL_CH573/ATC_BLE_OEPL_CH573F_MounRiverProject/StdPeriphDriver\libCH57xBLE.a(gattservapp.o)
                0x0000000000007b1a                gattServApp_ProcessExecuteWriteReq
 .text.GATTServApp_UpdateCharCfg
                0x0000000000007c1a       0x1e c:/Users/pc/Documents/GitHub/ATC_BLE_OEPL_CH573/ATC_BLE_OEPL_CH573F_MounRiverProject/StdPeriphDriver\libCH57xBLE.a(gattservapp.o)
                0x0000000000007c1a                GATTServApp_UpdateCharCfg
 .text.gattServApp_ProcessPrepareWriteReq
                0x0000000000007c38      0x10e c:/Users/pc/Documents/GitHub/ATC_BLE_OEPL_CH573/ATC_BLE_OEPL_CH573F_MounRiverProject/StdPeriphDriver\libCH57xBLE.a(gattservapp.o)
                0x0000000000007c38                gattServApp_ProcessPrepareWriteReq
 .text.gattServApp_ProcessWriteReq
                0x0000000000007d46       0xb0 c:/Users/pc/Documents/GitHub/ATC_BLE_OEPL_CH573/ATC_BLE_OEPL_CH573F_MounRiverProject/StdPeriphDriver\libCH57xBLE.a(gattservapp.o)
                0x0000000000007d46                gattServApp_ProcessWriteReq
 .text.GATT_Indication
                0x0000000000007df6       0xa4 c:/Users/pc/Documents/GitHub/ATC_BLE_OEPL_CH573/ATC_BLE_OEPL_CH573F_MounRiverProject/StdPeriphDriver\libCH57xBLE.a(gattservapp.o)
                0x0000000000007df6                GATT_Indication
 .text.GATT_FindHandleUUID
                0x0000000000007e9a       0x94 c:/Users/pc/Documents/GitHub/ATC_BLE_OEPL_CH573/ATC_BLE_OEPL_CH573F_MounRiverProject/StdPeriphDriver\libCH57xBLE.a(gattservapp.o)
                0x0000000000007e9a                GATT_FindHandleUUID
 .text.gattProcessReadByGrpTypeReq
                0x0000000000007f2e       0x60 c:/Users/pc/Documents/GitHub/ATC_BLE_OEPL_CH573/ATC_BLE_OEPL_CH573F_MounRiverProject/StdPeriphDriver\libCH57xBLE.a(gattservapp.o)
 .text.gattProcessReadByTypeReq
                0x0000000000007f8e       0x34 c:/Users/pc/Documents/GitHub/ATC_BLE_OEPL_CH573/ATC_BLE_OEPL_CH573F_MounRiverProject/StdPeriphDriver\libCH57xBLE.a(gattservapp.o)
 .text.gattProcessFindByTypeValueReq
                0x0000000000007fc2       0x34 c:/Users/pc/Documents/GitHub/ATC_BLE_OEPL_CH573/ATC_BLE_OEPL_CH573F_MounRiverProject/StdPeriphDriver\libCH57xBLE.a(gattservapp.o)
 .text.gattProcessFindInfoReq
                0x0000000000007ff6      0x1aa c:/Users/pc/Documents/GitHub/ATC_BLE_OEPL_CH573/ATC_BLE_OEPL_CH573F_MounRiverProject/StdPeriphDriver\libCH57xBLE.a(gattservapp.o)
 .text.GATT_Notification
                0x00000000000081a0       0x70 c:/Users/pc/Documents/GitHub/ATC_BLE_OEPL_CH573/ATC_BLE_OEPL_CH573F_MounRiverProject/StdPeriphDriver\libCH57xBLE.a(gattservapp.o)
                0x00000000000081a0                GATT_Notification
 .text.GATT_VerifyWritePermissions
                0x0000000000008210       0x6a c:/Users/pc/Documents/GitHub/ATC_BLE_OEPL_CH573/ATC_BLE_OEPL_CH573F_MounRiverProject/StdPeriphDriver\libCH57xBLE.a(gattservapp.o)
                0x0000000000008210                GATT_VerifyWritePermissions
 .text.gattProcessWriteReq
                0x000000000000827a       0x36 c:/Users/pc/Documents/GitHub/ATC_BLE_OEPL_CH573/ATC_BLE_OEPL_CH573F_MounRiverProject/StdPeriphDriver\libCH57xBLE.a(gattservapp.o)
 .text.GATT_VerifyPrepareWritePermissions
                0x00000000000082b0       0x56 c:/Users/pc/Documents/GitHub/ATC_BLE_OEPL_CH573/ATC_BLE_OEPL_CH573F_MounRiverProject/StdPeriphDriver\libCH57xBLE.a(gattservapp.o)
                0x00000000000082b0                GATT_VerifyPrepareWritePermissions
 .text.gattProcessPrepareWriteReq
                0x0000000000008306       0x36 c:/Users/pc/Documents/GitHub/ATC_BLE_OEPL_CH573/ATC_BLE_OEPL_CH573F_MounRiverProject/StdPeriphDriver\libCH57xBLE.a(gattservapp.o)
 .text.GATT_FindNextAttr
                0x000000000000833c       0xc2 c:/Users/pc/Documents/GitHub/ATC_BLE_OEPL_CH573/ATC_BLE_OEPL_CH573F_MounRiverProject/StdPeriphDriver\libCH57xBLE.a(gattservapp.o)
                0x000000000000833c                GATT_FindNextAttr
 .text.GATTServApp_ReadAttr
                0x00000000000083fe      0x2e2 c:/Users/pc/Documents/GitHub/ATC_BLE_OEPL_CH573/ATC_BLE_OEPL_CH573F_MounRiverProject/StdPeriphDriver\libCH57xBLE.a(gattservapp.o)
                0x00000000000083fe                GATTServApp_ReadAttr
 .text.gattServApp_ProcessReadMultiReq
                0x00000000000086e0      0x16e c:/Users/pc/Documents/GitHub/ATC_BLE_OEPL_CH573/ATC_BLE_OEPL_CH573F_MounRiverProject/StdPeriphDriver\libCH57xBLE.a(gattservapp.o)
                0x00000000000086e0                gattServApp_ProcessReadMultiReq
 .text.gattServApp_ProcessFindByTypeValueReq
                0x000000000000884e      0x19c c:/Users/pc/Documents/GitHub/ATC_BLE_OEPL_CH573/ATC_BLE_OEPL_CH573F_MounRiverProject/StdPeriphDriver\libCH57xBLE.a(gattservapp.o)
                0x000000000000884e                gattServApp_ProcessFindByTypeValueReq
 .text.GATT_VerifyReadPermissions
                0x00000000000089ea       0x68 c:/Users/pc/Documents/GitHub/ATC_BLE_OEPL_CH573/ATC_BLE_OEPL_CH573F_MounRiverProject/StdPeriphDriver\libCH57xBLE.a(gattservapp.o)
                0x00000000000089ea                GATT_VerifyReadPermissions
 .text.gattProcessReadMultiReq
                0x0000000000008a52       0xae c:/Users/pc/Documents/GitHub/ATC_BLE_OEPL_CH573/ATC_BLE_OEPL_CH573F_MounRiverProject/StdPeriphDriver\libCH57xBLE.a(gattservapp.o)
 .text.gattProcessReadReq
                0x0000000000008b00       0x30 c:/Users/pc/Documents/GitHub/ATC_BLE_OEPL_CH573/ATC_BLE_OEPL_CH573F_MounRiverProject/StdPeriphDriver\libCH57xBLE.a(gattservapp.o)
 .text.gattServApp_ProcessReadByGrpTypeReq
                0x0000000000008b30      0x21c c:/Users/pc/Documents/GitHub/ATC_BLE_OEPL_CH573/ATC_BLE_OEPL_CH573F_MounRiverProject/StdPeriphDriver\libCH57xBLE.a(gattservapp.o)
                0x0000000000008b30                gattServApp_ProcessReadByGrpTypeReq
 .text.gattServApp_ProcessReadByTypeReq
                0x0000000000008d4c      0x1ae c:/Users/pc/Documents/GitHub/ATC_BLE_OEPL_CH573/ATC_BLE_OEPL_CH573F_MounRiverProject/StdPeriphDriver\libCH57xBLE.a(gattservapp.o)
                0x0000000000008d4c                gattServApp_ProcessReadByTypeReq
 .text.GATT_RegisterService
                0x0000000000008efa       0xee c:/Users/pc/Documents/GitHub/ATC_BLE_OEPL_CH573/ATC_BLE_OEPL_CH573F_MounRiverProject/StdPeriphDriver\libCH57xBLE.a(gattservapp.o)
                0x0000000000008efa                GATT_RegisterService
 .text.GATTServApp_RegisterService
                0x0000000000008fe8       0x7c c:/Users/pc/Documents/GitHub/ATC_BLE_OEPL_CH573/ATC_BLE_OEPL_CH573F_MounRiverProject/StdPeriphDriver\libCH57xBLE.a(gattservapp.o)
                0x0000000000008fe8                GATTServApp_RegisterService
 .text.GATTServApp_AddService
                0x0000000000009064       0x2c c:/Users/pc/Documents/GitHub/ATC_BLE_OEPL_CH573/ATC_BLE_OEPL_CH573F_MounRiverProject/StdPeriphDriver\libCH57xBLE.a(gattservapp.o)
                0x0000000000009064                GATTServApp_AddService
 .text.GATTServApp_RegisterForMsg
                0x0000000000009090        0x6 c:/Users/pc/Documents/GitHub/ATC_BLE_OEPL_CH573/ATC_BLE_OEPL_CH573F_MounRiverProject/StdPeriphDriver\libCH57xBLE.a(gattservapp.o)
                0x0000000000009090                GATTServApp_RegisterForMsg
 .text.GATTServApp_InitCharCfg
                0x0000000000009096       0x3e c:/Users/pc/Documents/GitHub/ATC_BLE_OEPL_CH573/ATC_BLE_OEPL_CH573F_MounRiverProject/StdPeriphDriver\libCH57xBLE.a(gattservapp.o)
                0x0000000000009096                GATTServApp_InitCharCfg
 .text.gattServApp_HandleConnStatusCB
                0x00000000000090d4       0x74 c:/Users/pc/Documents/GitHub/ATC_BLE_OEPL_CH573/ATC_BLE_OEPL_CH573F_MounRiverProject/StdPeriphDriver\libCH57xBLE.a(gattservapp.o)
                0x00000000000090d4                gattServApp_HandleConnStatusCB
 .text.GATT_InitServer
                0x0000000000009148       0xac c:/Users/pc/Documents/GitHub/ATC_BLE_OEPL_CH573/ATC_BLE_OEPL_CH573F_MounRiverProject/StdPeriphDriver\libCH57xBLE.a(gattservapp.o)
                0x0000000000009148                GATT_InitServer
 .text.GATTServApp_Init
                0x00000000000091f4       0x4a c:/Users/pc/Documents/GitHub/ATC_BLE_OEPL_CH573/ATC_BLE_OEPL_CH573F_MounRiverProject/StdPeriphDriver\libCH57xBLE.a(gattservapp.o)
                0x00000000000091f4                GATTServApp_Init
 .text.GATTServApp_ProcessEvent
                0x000000000000923e      0x366 c:/Users/pc/Documents/GitHub/ATC_BLE_OEPL_CH573/ATC_BLE_OEPL_CH573F_MounRiverProject/StdPeriphDriver\libCH57xBLE.a(gattservapp.o)
                0x000000000000923e                GATTServApp_ProcessEvent
 .text.l2capAllocConnChannel
                0x00000000000095a4       0xd8 c:/Users/pc/Documents/GitHub/ATC_BLE_OEPL_CH573/ATC_BLE_OEPL_CH573F_MounRiverProject/StdPeriphDriver\libCH57xBLE.a(l2cap.o)
                0x00000000000095a4                l2capAllocConnChannel
 .text.l2capFindLocalCID
                0x000000000000967c       0x2c c:/Users/pc/Documents/GitHub/ATC_BLE_OEPL_CH573/ATC_BLE_OEPL_CH573F_MounRiverProject/StdPeriphDriver\libCH57xBLE.a(l2cap.o)
                0x000000000000967c                l2capFindLocalCID
 .text.l2capFindLocalId
                0x00000000000096a8       0x30 c:/Users/pc/Documents/GitHub/ATC_BLE_OEPL_CH573/ATC_BLE_OEPL_CH573F_MounRiverProject/StdPeriphDriver\libCH57xBLE.a(l2cap.o)
                0x00000000000096a8                l2capFindLocalId
 .text.l2capFindPsm
                0x00000000000096d8       0x2c c:/Users/pc/Documents/GitHub/ATC_BLE_OEPL_CH573/ATC_BLE_OEPL_CH573F_MounRiverProject/StdPeriphDriver\libCH57xBLE.a(l2cap.o)
                0x00000000000096d8                l2capFindPsm
 .text.l2capFindRemoteCID
                0x0000000000009704       0x3c c:/Users/pc/Documents/GitHub/ATC_BLE_OEPL_CH573/ATC_BLE_OEPL_CH573F_MounRiverProject/StdPeriphDriver\libCH57xBLE.a(l2cap.o)
                0x0000000000009704                l2capFindRemoteCID
 .text.l2capFreeChannel
                0x0000000000009740       0x4a c:/Users/pc/Documents/GitHub/ATC_BLE_OEPL_CH573/ATC_BLE_OEPL_CH573F_MounRiverProject/StdPeriphDriver\libCH57xBLE.a(l2cap.o)
                0x0000000000009740                l2capFreeChannel
 .text.l2capDisconnectChannel
                0x000000000000978a       0x28 c:/Users/pc/Documents/GitHub/ATC_BLE_OEPL_CH573/ATC_BLE_OEPL_CH573F_MounRiverProject/StdPeriphDriver\libCH57xBLE.a(l2cap.o)
                0x000000000000978a                l2capDisconnectChannel
 .text.l2capHandleTimerCB
                0x00000000000097b2       0x2c c:/Users/pc/Documents/GitHub/ATC_BLE_OEPL_CH573/ATC_BLE_OEPL_CH573F_MounRiverProject/StdPeriphDriver\libCH57xBLE.a(l2cap.o)
                0x00000000000097b2                l2capHandleTimerCB
 .text.l2capFreePendingPkt
                0x00000000000097de       0x58 c:/Users/pc/Documents/GitHub/ATC_BLE_OEPL_CH573/ATC_BLE_OEPL_CH573F_MounRiverProject/StdPeriphDriver\libCH57xBLE.a(l2cap.o)
                0x00000000000097de                l2capFreePendingPkt
 .text.l2capGetCoChannelInfo
                0x0000000000009836       0x7e c:/Users/pc/Documents/GitHub/ATC_BLE_OEPL_CH573/ATC_BLE_OEPL_CH573F_MounRiverProject/StdPeriphDriver\libCH57xBLE.a(l2cap.o)
                0x0000000000009836                l2capGetCoChannelInfo
 .text.l2capNumActiveChannnels
                0x00000000000098b4       0x44 c:/Users/pc/Documents/GitHub/ATC_BLE_OEPL_CH573/ATC_BLE_OEPL_CH573F_MounRiverProject/StdPeriphDriver\libCH57xBLE.a(l2cap.o)
                0x00000000000098b4                l2capNumActiveChannnels
 .text.l2capStartTimer
                0x00000000000098f8       0x1a c:/Users/pc/Documents/GitHub/ATC_BLE_OEPL_CH573/ATC_BLE_OEPL_CH573F_MounRiverProject/StdPeriphDriver\libCH57xBLE.a(l2cap.o)
                0x00000000000098f8                l2capStartTimer
 .text.l2capStopTimer
                0x0000000000009912       0x1e c:/Users/pc/Documents/GitHub/ATC_BLE_OEPL_CH573/ATC_BLE_OEPL_CH573F_MounRiverProject/StdPeriphDriver\libCH57xBLE.a(l2cap.o)
                0x0000000000009912                l2capStopTimer
 .text.l2capDisconnectAllChannels
                0x0000000000009930       0xdc c:/Users/pc/Documents/GitHub/ATC_BLE_OEPL_CH573/ATC_BLE_OEPL_CH573F_MounRiverProject/StdPeriphDriver\libCH57xBLE.a(l2cap.o)
                0x0000000000009930                l2capDisconnectAllChannels
 .text.l2capHandleConnStatusCB
                0x0000000000009a0c       0x3c c:/Users/pc/Documents/GitHub/ATC_BLE_OEPL_CH573/ATC_BLE_OEPL_CH573F_MounRiverProject/StdPeriphDriver\libCH57xBLE.a(l2cap.o)
                0x0000000000009a0c                l2capHandleConnStatusCB
 .text.l2capHandleRxError
                0x0000000000009a48        0x6 c:/Users/pc/Documents/GitHub/ATC_BLE_OEPL_CH573/ATC_BLE_OEPL_CH573F_MounRiverProject/StdPeriphDriver\libCH57xBLE.a(l2cap.o)
                0x0000000000009a48                l2capHandleRxError
 .text.L2CAP_GetMTU
                0x0000000000009a4e        0x6 c:/Users/pc/Documents/GitHub/ATC_BLE_OEPL_CH573/ATC_BLE_OEPL_CH573F_MounRiverProject/StdPeriphDriver\libCH57xBLE.a(l2cap.o)
                0x0000000000009a4e                L2CAP_GetMTU
 .text.L2CAP_HostNumCompletedPkts
                0x0000000000009a54       0x28 c:/Users/pc/Documents/GitHub/ATC_BLE_OEPL_CH573/ATC_BLE_OEPL_CH573F_MounRiverProject/StdPeriphDriver\libCH57xBLE.a(l2cap.o)
                0x0000000000009a54                L2CAP_HostNumCompletedPkts
 .text.L2CAP_ParseConnectReq
                0x0000000000009a7c       0x5e c:/Users/pc/Documents/GitHub/ATC_BLE_OEPL_CH573/ATC_BLE_OEPL_CH573F_MounRiverProject/StdPeriphDriver\libCH57xBLE.a(l2cap.o)
                0x0000000000009a7c                L2CAP_ParseConnectReq
 .text.L2CAP_ParseFlowCtrlCredit
                0x0000000000009ada       0x2e c:/Users/pc/Documents/GitHub/ATC_BLE_OEPL_CH573/ATC_BLE_OEPL_CH573F_MounRiverProject/StdPeriphDriver\libCH57xBLE.a(l2cap.o)
                0x0000000000009ada                L2CAP_ParseFlowCtrlCredit
 .text.L2CAP_RegisterApp
                0x0000000000009b08       0x30 c:/Users/pc/Documents/GitHub/ATC_BLE_OEPL_CH573/ATC_BLE_OEPL_CH573F_MounRiverProject/StdPeriphDriver\libCH57xBLE.a(l2cap.o)
                0x0000000000009b08                L2CAP_RegisterApp
 .text.L2CAP_SetBufSize
                0x0000000000009b38       0x1e c:/Users/pc/Documents/GitHub/ATC_BLE_OEPL_CH573/ATC_BLE_OEPL_CH573F_MounRiverProject/StdPeriphDriver\libCH57xBLE.a(l2cap.o)
                0x0000000000009b38                L2CAP_SetBufSize
 .text.L2CAP_bm_alloc
                0x0000000000009b56       0x2a c:/Users/pc/Documents/GitHub/ATC_BLE_OEPL_CH573/ATC_BLE_OEPL_CH573F_MounRiverProject/StdPeriphDriver\libCH57xBLE.a(l2cap.o)
                0x0000000000009b56                L2CAP_bm_alloc
 .text.L2CAP_Init
                0x0000000000009b80       0xee c:/Users/pc/Documents/GitHub/ATC_BLE_OEPL_CH573/ATC_BLE_OEPL_CH573F_MounRiverProject/StdPeriphDriver\libCH57xBLE.a(l2cap.o)
                0x0000000000009b80                L2CAP_Init
 .text.L2CAP_ProcessEvent
                0x0000000000009c6e       0xc8 c:/Users/pc/Documents/GitHub/ATC_BLE_OEPL_CH573/ATC_BLE_OEPL_CH573F_MounRiverProject/StdPeriphDriver\libCH57xBLE.a(l2cap.o)
                0x0000000000009c6e                L2CAP_ProcessEvent
 .text.l2capParseCmdReject
                0x0000000000009d36       0x5e c:/Users/pc/Documents/GitHub/ATC_BLE_OEPL_CH573/ATC_BLE_OEPL_CH573F_MounRiverProject/StdPeriphDriver\libCH57xBLE.a(l2cap_input.o)
                0x0000000000009d36                l2capParseCmdReject
 .text.l2capParseDisconnectReq
                0x0000000000009d94       0x2e c:/Users/pc/Documents/GitHub/ATC_BLE_OEPL_CH573/ATC_BLE_OEPL_CH573F_MounRiverProject/StdPeriphDriver\libCH57xBLE.a(l2cap_input.o)
                0x0000000000009d94                l2capParseDisconnectReq
 .text.l2capParseDisconnectRsp
                0x0000000000009dc2       0x2e c:/Users/pc/Documents/GitHub/ATC_BLE_OEPL_CH573/ATC_BLE_OEPL_CH573F_MounRiverProject/StdPeriphDriver\libCH57xBLE.a(l2cap_input.o)
                0x0000000000009dc2                l2capParseDisconnectRsp
 .text.L2CAP_ParseParamUpdateReq
                0x0000000000009df0       0x4e c:/Users/pc/Documents/GitHub/ATC_BLE_OEPL_CH573/ATC_BLE_OEPL_CH573F_MounRiverProject/StdPeriphDriver\libCH57xBLE.a(l2cap_input.o)
                0x0000000000009df0                L2CAP_ParseParamUpdateReq
 .text.l2capParseParamUpdateRsp
                0x0000000000009e3e       0x1e c:/Users/pc/Documents/GitHub/ATC_BLE_OEPL_CH573/ATC_BLE_OEPL_CH573F_MounRiverProject/StdPeriphDriver\libCH57xBLE.a(l2cap_input.o)
                0x0000000000009e3e                l2capParseParamUpdateRsp
 .text.l2capProcessConnectReq
                0x0000000000009e5c       0xfc c:/Users/pc/Documents/GitHub/ATC_BLE_OEPL_CH573/ATC_BLE_OEPL_CH573F_MounRiverProject/StdPeriphDriver\libCH57xBLE.a(l2cap_input.o)
                0x0000000000009e5c                l2capProcessConnectReq
 .text.l2capParseConnectRsp
                0x0000000000009f58       0x5e c:/Users/pc/Documents/GitHub/ATC_BLE_OEPL_CH573/ATC_BLE_OEPL_CH573F_MounRiverProject/StdPeriphDriver\libCH57xBLE.a(l2cap_input.o)
                0x0000000000009f58                l2capParseConnectRsp
 .text.l2capParseSignalHdr
                0x0000000000009fb6       0x22 c:/Users/pc/Documents/GitHub/ATC_BLE_OEPL_CH573/ATC_BLE_OEPL_CH573F_MounRiverProject/StdPeriphDriver\libCH57xBLE.a(l2cap_input.o)
                0x0000000000009fb6                l2capParseSignalHdr
 .text.l2capParsePacket
                0x0000000000009fd8       0x8c c:/Users/pc/Documents/GitHub/ATC_BLE_OEPL_CH573/ATC_BLE_OEPL_CH573F_MounRiverProject/StdPeriphDriver\libCH57xBLE.a(l2cap_input.o)
                0x0000000000009fd8                l2capParsePacket
 .text.l2capProcessReq
                0x000000000000a064      0x15a c:/Users/pc/Documents/GitHub/ATC_BLE_OEPL_CH573/ATC_BLE_OEPL_CH573F_MounRiverProject/StdPeriphDriver\libCH57xBLE.a(l2cap_input.o)
                0x000000000000a064                l2capProcessReq
 .text.l2capProcessRsp
                0x000000000000a1be      0x150 c:/Users/pc/Documents/GitHub/ATC_BLE_OEPL_CH573/ATC_BLE_OEPL_CH573F_MounRiverProject/StdPeriphDriver\libCH57xBLE.a(l2cap_input.o)
                0x000000000000a1be                l2capProcessRsp
 .text.l2capProcessRxData
                0x000000000000a30e       0xf8 c:/Users/pc/Documents/GitHub/ATC_BLE_OEPL_CH573/ATC_BLE_OEPL_CH573F_MounRiverProject/StdPeriphDriver\libCH57xBLE.a(l2cap_input.o)
                0x000000000000a30e                l2capProcessRxData
 .text.l2capNotifyData
                0x000000000000a406       0x5a c:/Users/pc/Documents/GitHub/ATC_BLE_OEPL_CH573/ATC_BLE_OEPL_CH573F_MounRiverProject/StdPeriphDriver\libCH57xBLE.a(l2cap_output.o)
                0x000000000000a406                l2capNotifyData
 .text.l2capNotifySignal
                0x000000000000a460       0x76 c:/Users/pc/Documents/GitHub/ATC_BLE_OEPL_CH573/ATC_BLE_OEPL_CH573F_MounRiverProject/StdPeriphDriver\libCH57xBLE.a(l2cap_output.o)
                0x000000000000a460                l2capNotifySignal
 .text.l2capNotifyCreditEvt
                0x000000000000a4d6       0x9c c:/Users/pc/Documents/GitHub/ATC_BLE_OEPL_CH573/ATC_BLE_OEPL_CH573F_MounRiverProject/StdPeriphDriver\libCH57xBLE.a(l2cap_output.o)
                0x000000000000a4d6                l2capNotifyCreditEvt
 .text.l2capNotifyChannelEstEvt
                0x000000000000a572       0x58 c:/Users/pc/Documents/GitHub/ATC_BLE_OEPL_CH573/ATC_BLE_OEPL_CH573F_MounRiverProject/StdPeriphDriver\libCH57xBLE.a(l2cap_output.o)
                0x000000000000a572                l2capNotifyChannelEstEvt
 .text.l2capNotifyChannelTermEvt
                0x000000000000a5ca       0x3e c:/Users/pc/Documents/GitHub/ATC_BLE_OEPL_CH573/ATC_BLE_OEPL_CH573F_MounRiverProject/StdPeriphDriver\libCH57xBLE.a(l2cap_output.o)
                0x000000000000a5ca                l2capNotifyChannelTermEvt
 .text.l2capNotifyEvent
                0x000000000000a608       0x66 c:/Users/pc/Documents/GitHub/ATC_BLE_OEPL_CH573/ATC_BLE_OEPL_CH573F_MounRiverProject/StdPeriphDriver\libCH57xBLE.a(l2cap_output.o)
                0x000000000000a608                l2capNotifyEvent
 .text.l2capStoreFCPkt
                0x000000000000a66e       0x32 c:/Users/pc/Documents/GitHub/ATC_BLE_OEPL_CH573/ATC_BLE_OEPL_CH573F_MounRiverProject/StdPeriphDriver\libCH57xBLE.a(l2cap_output.o)
                0x000000000000a66e                l2capStoreFCPkt
 .text.l2capFreeTxSDU
                0x000000000000a6a0       0x9a c:/Users/pc/Documents/GitHub/ATC_BLE_OEPL_CH573/ATC_BLE_OEPL_CH573F_MounRiverProject/StdPeriphDriver\libCH57xBLE.a(l2cap_output.o)
                0x000000000000a6a0                l2capFreeTxSDU
 .text.l2capReassembleSegment
                0x000000000000a73a      0x174 c:/Users/pc/Documents/GitHub/ATC_BLE_OEPL_CH573/ATC_BLE_OEPL_CH573F_MounRiverProject/StdPeriphDriver\libCH57xBLE.a(l2cap_output.o)
                0x000000000000a73a                l2capReassembleSegment
 .text.l2capEncapSendData
                0x000000000000a8ae       0xec c:/Users/pc/Documents/GitHub/ATC_BLE_OEPL_CH573/ATC_BLE_OEPL_CH573F_MounRiverProject/StdPeriphDriver\libCH57xBLE.a(l2cap_output.o)
                0x000000000000a8ae                l2capEncapSendData
 .text.l2capSendFCPkt.part.3
                0x000000000000a99a       0x70 c:/Users/pc/Documents/GitHub/ATC_BLE_OEPL_CH573/ATC_BLE_OEPL_CH573F_MounRiverProject/StdPeriphDriver\libCH57xBLE.a(l2cap_output.o)
 .text.l2capSendSegment
                0x000000000000aa0a      0x108 c:/Users/pc/Documents/GitHub/ATC_BLE_OEPL_CH573/ATC_BLE_OEPL_CH573F_MounRiverProject/StdPeriphDriver\libCH57xBLE.a(l2cap_output.o)
                0x000000000000aa0a                l2capSendSegment
 .text.l2capSendNextSegment
                0x000000000000ab12       0xb4 c:/Users/pc/Documents/GitHub/ATC_BLE_OEPL_CH573/ATC_BLE_OEPL_CH573F_MounRiverProject/StdPeriphDriver\libCH57xBLE.a(l2cap_output.o)
                0x000000000000ab12                l2capSendNextSegment
 .text.l2capSendPkt
                0x000000000000abc6       0x3a c:/Users/pc/Documents/GitHub/ATC_BLE_OEPL_CH573/ATC_BLE_OEPL_CH573F_MounRiverProject/StdPeriphDriver\libCH57xBLE.a(l2cap_output.o)
                0x000000000000abc6                l2capSendPkt
 .text.L2CAP_SendData
                0x000000000000ac00       0x82 c:/Users/pc/Documents/GitHub/ATC_BLE_OEPL_CH573/ATC_BLE_OEPL_CH573F_MounRiverProject/StdPeriphDriver\libCH57xBLE.a(l2cap_output.o)
                0x000000000000ac00                L2CAP_SendData
 .text.l2capSendCmd
                0x000000000000ac82       0x8a c:/Users/pc/Documents/GitHub/ATC_BLE_OEPL_CH573/ATC_BLE_OEPL_CH573F_MounRiverProject/StdPeriphDriver\libCH57xBLE.a(l2cap_output.o)
                0x000000000000ac82                l2capSendCmd
 .text.l2capSendReq
                0x000000000000ad0c       0xae c:/Users/pc/Documents/GitHub/ATC_BLE_OEPL_CH573/ATC_BLE_OEPL_CH573F_MounRiverProject/StdPeriphDriver\libCH57xBLE.a(l2cap_output.o)
                0x000000000000ad0c                l2capSendReq
 .text.l2capBuildDisconnectReq
                0x000000000000adba       0x28 c:/Users/pc/Documents/GitHub/ATC_BLE_OEPL_CH573/ATC_BLE_OEPL_CH573F_MounRiverProject/StdPeriphDriver\libCH57xBLE.a(l2cap_sdu.o)
 .text.l2capBuildParamUpdateReq
                0x000000000000ade2       0x4c c:/Users/pc/Documents/GitHub/ATC_BLE_OEPL_CH573/ATC_BLE_OEPL_CH573F_MounRiverProject/StdPeriphDriver\libCH57xBLE.a(l2cap_sdu.o)
 .text.l2capBuildParamUpdateRsp
                0x000000000000ae2e       0x16 c:/Users/pc/Documents/GitHub/ATC_BLE_OEPL_CH573/ATC_BLE_OEPL_CH573F_MounRiverProject/StdPeriphDriver\libCH57xBLE.a(l2cap_sdu.o)
 .text.l2capBuildConnectRsp
                0x000000000000ae44       0x5e c:/Users/pc/Documents/GitHub/ATC_BLE_OEPL_CH573/ATC_BLE_OEPL_CH573F_MounRiverProject/StdPeriphDriver\libCH57xBLE.a(l2cap_sdu.o)
 .text.l2capBuildCmdReject
                0x000000000000aea2       0x62 c:/Users/pc/Documents/GitHub/ATC_BLE_OEPL_CH573/ATC_BLE_OEPL_CH573F_MounRiverProject/StdPeriphDriver\libCH57xBLE.a(l2cap_sdu.o)
                0x000000000000aea2                l2capBuildCmdReject
 .text.l2capBuildDisconnectRsp
                0x000000000000af04       0x28 c:/Users/pc/Documents/GitHub/ATC_BLE_OEPL_CH573/ATC_BLE_OEPL_CH573F_MounRiverProject/StdPeriphDriver\libCH57xBLE.a(l2cap_sdu.o)
                0x000000000000af04                l2capBuildDisconnectRsp
 .text.l2capSendConnectRsp
                0x000000000000af2c       0xa2 c:/Users/pc/Documents/GitHub/ATC_BLE_OEPL_CH573/ATC_BLE_OEPL_CH573F_MounRiverProject/StdPeriphDriver\libCH57xBLE.a(l2cap_sdu.o)
                0x000000000000af2c                l2capSendConnectRsp
 .text.L2CAP_CmdReject
                0x000000000000afce       0x12 c:/Users/pc/Documents/GitHub/ATC_BLE_OEPL_CH573/ATC_BLE_OEPL_CH573F_MounRiverProject/StdPeriphDriver\libCH57xBLE.a(l2cap_sdu.o)
                0x000000000000afce                L2CAP_CmdReject
 .text.L2CAP_DisconnectReq
                0x000000000000afe0       0x2a c:/Users/pc/Documents/GitHub/ATC_BLE_OEPL_CH573/ATC_BLE_OEPL_CH573F_MounRiverProject/StdPeriphDriver\libCH57xBLE.a(l2cap_sdu.o)
                0x000000000000afe0                L2CAP_DisconnectReq
 .text.L2CAP_ConnParamUpdateReq
                0x000000000000b00a       0x16 c:/Users/pc/Documents/GitHub/ATC_BLE_OEPL_CH573/ATC_BLE_OEPL_CH573F_MounRiverProject/StdPeriphDriver\libCH57xBLE.a(l2cap_sdu.o)
                0x000000000000b00a                L2CAP_ConnParamUpdateReq
 .text.L2CAP_ConnParamUpdateRsp
                0x000000000000b020       0x12 c:/Users/pc/Documents/GitHub/ATC_BLE_OEPL_CH573/ATC_BLE_OEPL_CH573F_MounRiverProject/StdPeriphDriver\libCH57xBLE.a(l2cap_sdu.o)
                0x000000000000b020                L2CAP_ConnParamUpdateRsp
 .text.reportStatusChange
                0x000000000000b032       0x3e c:/Users/pc/Documents/GitHub/ATC_BLE_OEPL_CH573/ATC_BLE_OEPL_CH573F_MounRiverProject/StdPeriphDriver\libCH57xBLE.a(linkdb.o)
 .text.linkDB_Init
                0x000000000000b070       0x76 c:/Users/pc/Documents/GitHub/ATC_BLE_OEPL_CH573/ATC_BLE_OEPL_CH573F_MounRiverProject/StdPeriphDriver\libCH57xBLE.a(linkdb.o)
                0x000000000000b070                linkDB_Init
 .text.linkDB_Find
                0x000000000000b0e6       0x2c c:/Users/pc/Documents/GitHub/ATC_BLE_OEPL_CH573/ATC_BLE_OEPL_CH573F_MounRiverProject/StdPeriphDriver\libCH57xBLE.a(linkdb.o)
                0x000000000000b0e6                linkDB_Find
 .text.linkDB_Authen
                0x000000000000b112       0x5c c:/Users/pc/Documents/GitHub/ATC_BLE_OEPL_CH573/ATC_BLE_OEPL_CH573F_MounRiverProject/StdPeriphDriver\libCH57xBLE.a(linkdb.o)
                0x000000000000b112                linkDB_Authen
 .text.linkDB_FindByAddr
                0x000000000000b16e       0x76 c:/Users/pc/Documents/GitHub/ATC_BLE_OEPL_CH573/ATC_BLE_OEPL_CH573F_MounRiverProject/StdPeriphDriver\libCH57xBLE.a(linkdb.o)
                0x000000000000b16e                linkDB_FindByAddr
 .text.linkDB_FindFirst
                0x000000000000b1e4       0x38 c:/Users/pc/Documents/GitHub/ATC_BLE_OEPL_CH573/ATC_BLE_OEPL_CH573F_MounRiverProject/StdPeriphDriver\libCH57xBLE.a(linkdb.o)
                0x000000000000b1e4                linkDB_FindFirst
 .text.linkDB_MTU
                0x000000000000b21c       0x18 c:/Users/pc/Documents/GitHub/ATC_BLE_OEPL_CH573/ATC_BLE_OEPL_CH573F_MounRiverProject/StdPeriphDriver\libCH57xBLE.a(linkdb.o)
                0x000000000000b21c                linkDB_MTU
 .text.linkDB_NumActive
                0x000000000000b234       0x2e c:/Users/pc/Documents/GitHub/ATC_BLE_OEPL_CH573/ATC_BLE_OEPL_CH573F_MounRiverProject/StdPeriphDriver\libCH57xBLE.a(linkdb.o)
                0x000000000000b234                linkDB_NumActive
 .text.linkDB_NumConns
                0x000000000000b262        0x6 c:/Users/pc/Documents/GitHub/ATC_BLE_OEPL_CH573/ATC_BLE_OEPL_CH573F_MounRiverProject/StdPeriphDriver\libCH57xBLE.a(linkdb.o)
                0x000000000000b262                linkDB_NumConns
 .text.linkDB_Register
                0x000000000000b268       0x28 c:/Users/pc/Documents/GitHub/ATC_BLE_OEPL_CH573/ATC_BLE_OEPL_CH573F_MounRiverProject/StdPeriphDriver\libCH57xBLE.a(linkdb.o)
                0x000000000000b268                linkDB_Register
 .text.linkDB_Remove
                0x000000000000b290       0x48 c:/Users/pc/Documents/GitHub/ATC_BLE_OEPL_CH573/ATC_BLE_OEPL_CH573F_MounRiverProject/StdPeriphDriver\libCH57xBLE.a(linkdb.o)
                0x000000000000b290                linkDB_Remove
 .text.linkDB_Role
                0x000000000000b2d8       0x18 c:/Users/pc/Documents/GitHub/ATC_BLE_OEPL_CH573/ATC_BLE_OEPL_CH573F_MounRiverProject/StdPeriphDriver\libCH57xBLE.a(linkdb.o)
                0x000000000000b2d8                linkDB_Role
 .text.linkDB_State
                0x000000000000b2f0       0x30 c:/Users/pc/Documents/GitHub/ATC_BLE_OEPL_CH573/ATC_BLE_OEPL_CH573F_MounRiverProject/StdPeriphDriver\libCH57xBLE.a(linkdb.o)
                0x000000000000b2f0                linkDB_State
 .text.linkDB_UpdateMTU
                0x000000000000b320       0x28 c:/Users/pc/Documents/GitHub/ATC_BLE_OEPL_CH573/ATC_BLE_OEPL_CH573F_MounRiverProject/StdPeriphDriver\libCH57xBLE.a(linkdb.o)
                0x000000000000b320                linkDB_UpdateMTU
 .text.linkDB_PerformFunc
                0x000000000000b348       0x52 c:/Users/pc/Documents/GitHub/ATC_BLE_OEPL_CH573/ATC_BLE_OEPL_CH573F_MounRiverProject/StdPeriphDriver\libCH57xBLE.a(linkdb.o)
                0x000000000000b348                linkDB_PerformFunc
 .text.linkDB_PeripheralLinkNum
                0x000000000000b39a       0x3e c:/Users/pc/Documents/GitHub/ATC_BLE_OEPL_CH573/ATC_BLE_OEPL_CH573F_MounRiverProject/StdPeriphDriver\libCH57xBLE.a(linkdb.o)
                0x000000000000b39a                linkDB_PeripheralLinkNum
 .text.linkDB_GetSMEvtID
                0x000000000000b3d8       0x58 c:/Users/pc/Documents/GitHub/ATC_BLE_OEPL_CH573/ATC_BLE_OEPL_CH573F_MounRiverProject/StdPeriphDriver\libCH57xBLE.a(linkdb.o)
                0x000000000000b3d8                linkDB_GetSMEvtID
 .text.linkDB_Add
                0x000000000000b430       0xb2 c:/Users/pc/Documents/GitHub/ATC_BLE_OEPL_CH573/ATC_BLE_OEPL_CH573F_MounRiverProject/StdPeriphDriver\libCH57xBLE.a(linkdb.o)
                0x000000000000b430                linkDB_Add
 .text.linkDB_GetHandleFromSMEvtID
                0x000000000000b4e2       0x32 c:/Users/pc/Documents/GitHub/ATC_BLE_OEPL_CH573/ATC_BLE_OEPL_CH573F_MounRiverProject/StdPeriphDriver\libCH57xBLE.a(linkdb.o)
                0x000000000000b4e2                linkDB_GetHandleFromSMEvtID
 .text.linkDB_GetPairingParam
                0x000000000000b514       0x54 c:/Users/pc/Documents/GitHub/ATC_BLE_OEPL_CH573/ATC_BLE_OEPL_CH573F_MounRiverProject/StdPeriphDriver\libCH57xBLE.a(linkdb.o)
                0x000000000000b514                linkDB_GetPairingParam
 .text.linkDB_NeedSendKey
                0x000000000000b568       0x42 c:/Users/pc/Documents/GitHub/ATC_BLE_OEPL_CH573/ATC_BLE_OEPL_CH573F_MounRiverProject/StdPeriphDriver\libCH57xBLE.a(linkdb.o)
                0x000000000000b568                linkDB_NeedSendKey
 .text.smpBuildPairingFailed
                0x000000000000b5aa       0x1a c:/Users/pc/Documents/GitHub/ATC_BLE_OEPL_CH573/ATC_BLE_OEPL_CH573F_MounRiverProject/StdPeriphDriver\libCH57xBLE.a(sm.o)
                0x000000000000b5aa                smpBuildPairingFailed
 .text.SM_StartEncryption
                0x000000000000b5c4       0x98 c:/Users/pc/Documents/GitHub/ATC_BLE_OEPL_CH573/ATC_BLE_OEPL_CH573F_MounRiverProject/StdPeriphDriver\libCH57xBLE.a(sm.o)
                0x000000000000b5c4                SM_StartEncryption
 .text.smpBuildEncInfo
                0x000000000000b65c       0x30 c:/Users/pc/Documents/GitHub/ATC_BLE_OEPL_CH573/ATC_BLE_OEPL_CH573F_MounRiverProject/StdPeriphDriver\libCH57xBLE.a(sm.o)
                0x000000000000b65c                smpBuildEncInfo
 .text.smpBuildIdentityAddrInfo
                0x000000000000b68c       0x3a c:/Users/pc/Documents/GitHub/ATC_BLE_OEPL_CH573/ATC_BLE_OEPL_CH573F_MounRiverProject/StdPeriphDriver\libCH57xBLE.a(sm.o)
                0x000000000000b68c                smpBuildIdentityAddrInfo
 .text.smpBuildIdentityInfo
                0x000000000000b6c6       0x30 c:/Users/pc/Documents/GitHub/ATC_BLE_OEPL_CH573/ATC_BLE_OEPL_CH573F_MounRiverProject/StdPeriphDriver\libCH57xBLE.a(sm.o)
                0x000000000000b6c6                smpBuildIdentityInfo
 .text.smpBuildMasterID
                0x000000000000b6f6       0x44 c:/Users/pc/Documents/GitHub/ATC_BLE_OEPL_CH573/ATC_BLE_OEPL_CH573F_MounRiverProject/StdPeriphDriver\libCH57xBLE.a(sm.o)
                0x000000000000b6f6                smpBuildMasterID
 .text.smpBuildPairingConfirm